20:50:55 **** Incremental Build of configuration Debug for project SendingMessagesF4 ****
make -j8 all 
arm-none-eabi-size  SendingMessagesF4.elf 
   text	   data	    bss	    dec	    hex	filename
  17044	     92	   3300	  20436	   4fd4	SendingMessagesF4.elf
Finished building: default.size.stdout
 
20:51:18 **** Incremental Build of configuration Debug for project SendingMessagesF4 ****
make -j8 all 
arm-none-eabi-size  SendingMessagesF4.elf 
   text	   data	    bss	    dec	    hex	filename
  17044	     92	   3300	  20436	   4fd4	SendingMessagesF4.elf
Finished building: default.size.stdout
 
20:55:47 **** Incremental Build of configuration Debug for project SendingMessagesF4 ****
make -j8 all 
arm-none-eabi-size  SendingMessagesF4.elf 
   text	   data	    bss	    dec	    hex	filename
  17044	     92	   3300	  20436	   4fd4	SendingMessagesF4.elf
Finished building: default.size.stdout
 
20:58:07 **** Incremental Build of configuration Debug for project SendingMessagesF4 ****
make -j8 all 
arm-none-eabi-size  SendingMessagesF4.elf 
   text	   data	    bss	    dec	    hex	filename
  17044	     92	   3300	  20436	   4fd4	SendingMessagesF4.elf
Finished building: default.size.stdout
 
21:00:55 **** Incremental Build of configuration Debug for project SendingMessagesF4 ****
make -j8 all 
arm-none-eabi-size  SendingMessagesF4.elf 
   text	   data	    bss	    dec	    hex	filename
  17044	     92	   3300	  20436	   4fd4	SendingMessagesF4.elf
Finished building: default.size.stdout
 
21:01:17 **** Incremental Build of configuration Debug for project SendingMessagesF4 ****
make -j8 all 
arm-none-eabi-size  SendingMessagesF4.elf 
   text	   data	    bss	    dec	    hex	filename
  17044	     92	   3300	  20436	   4fd4	SendingMessagesF4.elf
Finished building: default.size.stdout
 
21:02:21 **** Incremental Build of configuration Debug for project SendingMessagesF4 ****
make -j8 all 
arm-none-eabi-size  SendingMessagesF4.elf 
   text	   data	    bss	    dec	    hex	filename
  17044	     92	   3300	  20436	   4fd4	SendingMessagesF4.elf
Finished building: default.size.stdout
 
21:25:27 **** Incremental Build of configuration Debug for project SendingMessagesF4 ****
make -j8 all 
arm-none-eabi-size  SendingMessagesF4.elf 
   text	   data	    bss	    dec	    hex	filename
  17044	     92	   3300	  20436	   4fd4	SendingMessagesF4.elf
Finished building: default.size.stdout
 
