16:18:47 **** Incremental Build of configuration Debug for project PhonPhot_Complete_CM4 ****
make -j8 all 
arm-none-eabi-size  PhonPhot_Complete_CM4.elf 
   text	   data	    bss	    dec	    hex	filename
 143216	    592	 102040	 245848	  3c058	PhonPhot_Complete_CM4.elf
Finished building: default.size.stdout
 
16:19:00 **** Incremental Build of configuration Debug for project H7Blink_CM4 ****
make -j8 all 
arm-none-eabi-size  H7Blink_CM4.elf 
   text	   data	    bss	    dec	    hex	filename
  42864	     24	   2352	  45240	   b0b8	H7Blink_CM4.elf
Finished building: default.size.stdout
 
16:19:01 **** Incremental Build of configuration Debug for project Sonus_Complete_CM7 ****
make -j8 all 
arm-none-eabi-size  Sonus_Complete_CM7.elf 
   text	   data	    bss	    dec	    hex	filename
 626272	    404	  56188	 682864	  a6b70	Sonus_Complete_CM7.elf
Finished building: default.size.stdout
 
16:19:32 **** Build of configuration Debug for project Sonus_Complete_CM4 ****
make -j8 all 
arm-none-eabi-size  Sonus_Complete_CM4.elf 
   text	   data	    bss	    dec	    hex	filename
 143216	    592	 102040	 245848	  3c058	Sonus_Complete_CM4.elf
Finished building: default.size.stdout
 
16:21:02 **** Incremental Build of configuration Debug for project Sonus_Complete_CM4 ****
make -j8 all 
arm-none-eabi-size  Sonus_Complete_CM4.elf 
   text	   data	    bss	    dec	    hex	filename
 143216	    592	 102040	 245848	  3c058	Sonus_Complete_CM4.elf
Finished building: default.size.stdout
 
