20:02:08 **** Incremental Build of configuration Debug for project PhonPhot_Complete_CM4 ****
make -j12 all 
arm-none-eabi-size  PhonPhot_Complete_CM4.elf 
   text	   data	    bss	    dec	    hex	filename
 143216	    592	 102040	 245848	  3c058	PhonPhot_Complete_CM4.elf
Finished building: default.size.stdout
 
20:02:17 **** Incremental Build of configuration Debug for project PhonPhot_Complete_CM4 ****
make -j12 all 
arm-none-eabi-size  PhonPhot_Complete_CM4.elf 
   text	   data	    bss	    dec	    hex	filename
 143216	    592	 102040	 245848	  3c058	PhonPhot_Complete_CM4.elf
Finished building: default.size.stdout
 
20:02:18 **** Incremental Build of configuration Debug for project PhonPhot_Complete_CM7 ****
make -j12 all 
arm-none-eabi-size  PhonPhot_Complete_CM7.elf 
   text	   data	    bss	    dec	    hex	filename
 626332	    404	  56188	 682924	  a6bac	PhonPhot_Complete_CM7.elf
Finished building: default.size.stdout
 
20:03:04 **** Incremental Build of configuration Debug for project PhonPhot_Complete_CM4 ****
make -j12 all 
arm-none-eabi-size  PhonPhot_Complete_CM4.elf 
   text	   data	    bss	    dec	    hex	filename
 143216	    592	 102040	 245848	  3c058	PhonPhot_Complete_CM4.elf
Finished building: default.size.stdout
 
