main.c:107:5:main	32	static,ignoring_inline_asm
main.c:242:6:SystemClock_Config	120	static
main.c:308:13:MX_CRC_Init	8	static
main.c:339:13:MX_DMA2D_Init	8	static
main.c:368:13:MX_LTDC_Init	64	static
main.c:430:13:MX_QUADSPI_Init	8	static
main.c:464:13:MX_TIM4_Init	40	static
main.c:507:6:MX_FMC_Init	40	static
main.c:558:13:MX_GPIO_Init	72	static
main.c:629:6:StartDefaultTask	16	static
main.c:647:13:TouchGFX_Task	16	static
main.c:660:6:MPU_Config	24	static
main.c:703:6:HAL_TIM_PeriodElapsedCallback	16	static
main.c:720:6:Error_Handler	4	static,ignoring_inline_asm
