../Core/Src/dsp.c:787:13:copySamplesForFFT	12	static
../Core/Src/dsp.c:588:6:ADC3DMATransferCompleteIRQCallback	56	static
../Core/Src/dsp.c:495:6:ADC3DMAHalfTransferIRQCallback	56	static
../Core/Src/dsp.c:265:11:dspGetIsAnomalyDetected	0	static
../Core/Src/dsp.c:271:7:dspGetAnomalyFrequency	0	static
../Core/Src/dsp.c:277:7:dspGetAnomalyFrequencyNormalized	0	static
../Core/Src/dsp.c:284:7:dspGetAnomalyMagnitude	0	static
../Core/Src/dsp.c:291:6:dspGetMicrophoneAnomalyDetectStates	12	static
../Core/Src/dsp.c:303:6:dspGetMicrophoneAnomalyDetectFrequencies	8	static
../Core/Src/dsp.c:314:6:dspGetMicrophoneAnomalyMagnitudes	12	static
../Core/Src/dsp.c:327:6:HAL_UART_TxCpltCallback	0	static
../Core/Src/dsp.c:337:6:dspEntry	56	static
