../Core/Src/ipc_interface.c:55:6:IPCInitialize	0	static
../Core/Src/ipc_interface.c:69:7:IPCGetVoiceVolumeNormalized	0	static
../Core/Src/ipc_interface.c:74:6:IPCSetVoiceVolumeNormalized	0	static
../Core/Src/ipc_interface.c:79:11:IPCGetVoiceMuteState	0	static
../Core/Src/ipc_interface.c:84:6:IPCSetVoiceMuteState	0	static
../Core/Src/ipc_interface.c:89:11:IPCGetAnomalyDetectState	0	static
../Core/Src/ipc_interface.c:94:6:IPCSetAnomalyDetectState	0	static
../Core/Src/ipc_interface.c:99:7:IPCGetAnomalyFrequency	0	static
../Core/Src/ipc_interface.c:104:6:IPCSetAnomalyFrequency	0	static
../Core/Src/ipc_interface.c:109:7:IPCGetAnomalyMagnitudedB	0	static
../Core/Src/ipc_interface.c:114:6:IPCSetAnomalyMagnitudedB	0	static
../Core/Src/ipc_interface.c:119:11:IPCGetAlarmMuteState	0	static
../Core/Src/ipc_interface.c:124:6:IPCSetAlarmMuteState	0	static
../Core/Src/ipc_interface.c:129:8:IPCGetPredictedRegion	0	static
../Core/Src/ipc_interface.c:134:6:IPCSetPredictedRegion	0	static
../Core/Src/ipc_interface.c:139:6:IPCLock	0	static
../Core/Src/ipc_interface.c:144:6:IPCUnlock	0	static
../Core/Src/ipc_interface.c:149:11:IPCGetLock	0	static
