../Application/User/Core/Src/ipc_interface.c:49:6:IPCInitialize	4	static
../Application/User/Core/Src/ipc_interface.c:61:7:IPCGetVoiceVolumeNormalized	4	static
../Application/User/Core/Src/ipc_interface.c:66:6:IPCSetVoiceVolumeNormalized	16	static
../Application/User/Core/Src/ipc_interface.c:71:11:IPCGetVoiceMuteState	4	static
../Application/User/Core/Src/ipc_interface.c:76:6:IPCSetVoiceMuteState	16	static
../Application/User/Core/Src/ipc_interface.c:81:11:IPCGetAnomalyDetectState	4	static
../Application/User/Core/Src/ipc_interface.c:86:6:IPCSetAnomalyDetectState	16	static
../Application/User/Core/Src/ipc_interface.c:91:7:IPCGetAnomalyFrequency	4	static
../Application/User/Core/Src/ipc_interface.c:96:6:IPCSetAnomalyFrequency	16	static
../Application/User/Core/Src/ipc_interface.c:101:7:IPCGetAnomalyMagnitudedB	4	static
../Application/User/Core/Src/ipc_interface.c:106:6:IPCSetAnomalyMagnitudedB	16	static
../Application/User/Core/Src/ipc_interface.c:111:11:IPCGetAlarmMuteState	4	static
../Application/User/Core/Src/ipc_interface.c:116:6:IPCSetAlarmMuteState	16	static
