C:/Projects/Team_Sonus_GUI/CM7/Core/Src/stm32h7xx_hal_msp.c:65:6:HAL_MspInit	8	static
C:/Projects/Team_Sonus_GUI/CM7/Core/Src/stm32h7xx_hal_msp.c:88:6:HAL_CRC_MspInit	8	static
C:/Projects/Team_Sonus_GUI/CM7/Core/Src/stm32h7xx_hal_msp.c:110:6:HAL_CRC_MspDeInit	0	static
C:/Projects/Team_Sonus_GUI/CM7/Core/Src/stm32h7xx_hal_msp.c:132:6:HAL_DMA2D_MspInit	16	static
C:/Projects/Team_Sonus_GUI/CM7/Core/Src/stm32h7xx_hal_msp.c:157:6:HAL_DMA2D_MspDeInit	0	static
C:/Projects/Team_Sonus_GUI/CM7/Core/Src/stm32h7xx_hal_msp.c:182:6:HAL_LTDC_MspInit	248	static
C:/Projects/Team_Sonus_GUI/CM7/Core/Src/stm32h7xx_hal_msp.c:294:6:HAL_LTDC_MspDeInit	8	static
C:/Projects/Team_Sonus_GUI/CM7/Core/Src/stm32h7xx_hal_msp.c:362:6:HAL_QSPI_MspInit	256	static
C:/Projects/Team_Sonus_GUI/CM7/Core/Src/stm32h7xx_hal_msp.c:458:6:HAL_QSPI_MspDeInit	8	static
C:/Projects/Team_Sonus_GUI/CM7/Core/Src/stm32h7xx_hal_msp.c:503:6:HAL_TIM_Base_MspInit	40	static
C:/Projects/Team_Sonus_GUI/CM7/Core/Src/stm32h7xx_hal_msp.c:539:6:HAL_TIM_Base_MspDeInit	0	static
C:/Projects/Team_Sonus_GUI/CM7/Core/Src/stm32h7xx_hal_msp.c:673:6:HAL_SDRAM_MspInit	240	static
C:/Projects/Team_Sonus_GUI/CM7/Core/Src/stm32h7xx_hal_msp.c:757:6:HAL_SDRAM_MspDeInit	8	static
