../../CM7/../../CM7/TouchGFX/gui/include/gui/localize_anomaly_screen/Localize_AnomalyPresenter.hpp:28:13:Localize_AnomalyPresenter::~Localize_AnomalyPresenter()	0	static
C:/Projects/Team_Sonus_GUI/CM7/TouchGFX/gui/src/localize_anomaly_screen/Localize_AnomalyPresenter.cpp:10:6:virtual void Localize_AnomalyPresenter::activate()	0	static
../../CM7/../../CM7/TouchGFX/gui/include/gui/localize_anomaly_screen/Localize_AnomalyPresenter.hpp:28:13:virtual Localize_AnomalyPresenter::~Localize_AnomalyPresenter()	8	static
../../CM7/../../CM7/TouchGFX/gui/include/gui/localize_anomaly_screen/Localize_AnomalyPresenter.hpp:28:13:virtual void* Localize_AnomalyPresenter::_ZThn4_N25Localize_AnomalyPresenterD1Ev()	0	static
C:/Projects/Team_Sonus_GUI/CM7/TouchGFX/gui/src/localize_anomaly_screen/Localize_AnomalyPresenter.cpp:4:1:Localize_AnomalyPresenter::Localize_AnomalyPresenter(Localize_AnomalyView&)	8	static
