../../CM7/../../CM7/Middlewares/ST/touchgfx/framework/include/touchgfx/Screen.hpp:104:18:virtual void touchgfx::Screen::afterTransition()	0	static
../../CM7/../../CM7/Middlewares/ST/touchgfx/framework/include/touchgfx/Screen.hpp:144:18:virtual void touchgfx::Screen::handleTickEvent()	0	static
../../CM7/../../CM7/TouchGFX/gui/include/gui/main_screen/MainView.hpp:21:13:MainView::~MainView()	0	static
C:/Projects/Team_Sonus_GUI/CM7/TouchGFX/gui/src/main_screen/MainView.cpp:51:6:virtual void MainView::tearDownScreen()	0	static
C:/Projects/Team_Sonus_GUI/CM7/TouchGFX/gui/src/main_screen/MainView.cpp:105:6:virtual void MainView::update_anomaly_alert()	16	static
C:/Projects/Team_Sonus_GUI/CM7/TouchGFX/gui/src/main_screen/MainView.cpp:55:6:virtual void MainView::set_volume_slider(int)	0	static
C:/Projects/Team_Sonus_GUI/CM7/TouchGFX/gui/src/main_screen/MainView.cpp:60:6:virtual void MainView::set_volume_encoder()	24	static
C:/Projects/Team_Sonus_GUI/CM7/TouchGFX/gui/src/main_screen/MainView.cpp:10:6:virtual void MainView::setupScreen()	24	static
../../CM7/../../CM7/TouchGFX/gui/include/gui/main_screen/MainView.hpp:21:13:virtual MainView::~MainView()	8	static
C:/Projects/Team_Sonus_GUI/CM7/TouchGFX/gui/src/main_screen/MainView.cpp:135:6:virtual void MainView::alert_mute_pressed()	16	static
../../CM7/../../CM7/Middlewares/ST/touchgfx/framework/include/touchgfx/Bitmap.hpp:133:14:touchgfx::BitmapId touchgfx::Bitmap::getId() const	8	static
C:/Projects/Team_Sonus_GUI/CM7/TouchGFX/gui/src/main_screen/MainView.cpp:79:6:virtual void MainView::toggle_voice()	24	static
C:/Projects/Team_Sonus_GUI/CM7/TouchGFX/gui/src/main_screen/MainView.cpp:6:1:MainView::MainView()	8	static
