C:/Projects/Team_Sonus_GUI/CM7/Core/Src/main.c:107:5:main	10
C:/Projects/Team_Sonus_GUI/CM7/Core/Src/main.c:243:6:SystemClock_Config	4
C:/Projects/Team_Sonus_GUI/CM7/Core/Src/main.c:309:13:MX_CRC_Init	2
C:/Projects/Team_Sonus_GUI/CM7/Core/Src/main.c:340:13:MX_DMA2D_Init	2
C:/Projects/Team_Sonus_GUI/CM7/Core/Src/main.c:369:13:MX_LTDC_Init	3
C:/Projects/Team_Sonus_GUI/CM7/Core/Src/main.c:431:13:MX_QUADSPI_Init	2
C:/Projects/Team_Sonus_GUI/CM7/Core/Src/main.c:465:13:MX_TIM4_Init	4
C:/Projects/Team_Sonus_GUI/CM7/Core/Src/main.c:508:6:MX_FMC_Init	2
C:/Projects/Team_Sonus_GUI/CM7/Core/Src/main.c:559:13:MX_GPIO_Init	1
C:/Projects/Team_Sonus_GUI/CM7/Core/Src/main.c:634:6:StartDefaultTask	1
C:/Projects/Team_Sonus_GUI/CM7/Core/Src/main.c:652:13:TouchGFX_Task	1
C:/Projects/Team_Sonus_GUI/CM7/Core/Src/main.c:665:6:MPU_Config	1
C:/Projects/Team_Sonus_GUI/CM7/Core/Src/main.c:708:6:HAL_TIM_PeriodElapsedCallback	2
C:/Projects/Team_Sonus_GUI/CM7/Core/Src/main.c:725:6:Error_Handler	1
