../Application/User/Core/Src/ipc_interface.c:55:6:IPCInitialize	4	static
../Application/User/Core/Src/ipc_interface.c:68:7:IPCGetVoiceVolumeNormalized	4	static
../Application/User/Core/Src/ipc_interface.c:73:6:IPCSetVoiceVolumeNormalized	16	static
../Application/User/Core/Src/ipc_interface.c:78:11:IPCGetVoiceMuteState	4	static
../Application/User/Core/Src/ipc_interface.c:83:6:IPCSetVoiceMuteState	16	static
../Application/User/Core/Src/ipc_interface.c:88:11:IPCGetAnomalyDetectState	4	static
../Application/User/Core/Src/ipc_interface.c:93:6:IPCSetAnomalyDetectState	16	static
../Application/User/Core/Src/ipc_interface.c:98:7:IPCGetAnomalyFrequency	4	static
../Application/User/Core/Src/ipc_interface.c:103:6:IPCSetAnomalyFrequency	16	static
../Application/User/Core/Src/ipc_interface.c:108:7:IPCGetAnomalyMagnitudedB	4	static
../Application/User/Core/Src/ipc_interface.c:113:6:IPCSetAnomalyMagnitudedB	16	static
../Application/User/Core/Src/ipc_interface.c:118:11:IPCGetAlarmMuteState	4	static
../Application/User/Core/Src/ipc_interface.c:123:6:IPCSetAlarmMuteState	16	static
../Application/User/Core/Src/ipc_interface.c:128:8:IPCGetPredictedRegion	4	static
../Application/User/Core/Src/ipc_interface.c:133:6:IPCSetPredictedRegion	16	static
../Application/User/Core/Src/ipc_interface.c:138:6:IPCLock	4	static
../Application/User/Core/Src/ipc_interface.c:143:6:IPCUnlock	4	static
../Application/User/Core/Src/ipc_interface.c:148:11:IPCGetLock	4	static
