../Application/User/Core/Src/main.c:110:5:main	24	static
../Application/User/Core/Src/main.c:254:6:SystemClock_Config	120	static
../Application/User/Core/Src/main.c:317:6:PeriphCommonClock_Config	200	static
../Application/User/Core/Src/main.c:344:13:MX_CRC_Init	8	static
../Application/User/Core/Src/main.c:375:13:MX_DMA2D_Init	8	static
../Application/User/Core/Src/main.c:404:13:MX_LTDC_Init	64	static
../Application/User/Core/Src/main.c:466:13:MX_QUADSPI_Init	8	static
../Application/User/Core/Src/main.c:500:13:MX_TIM4_Init	40	static
../Application/User/Core/Src/main.c:543:6:MX_FMC_Init	40	static
../Application/User/Core/Src/main.c:594:13:MX_GPIO_Init	72	static
../Application/User/Core/Src/main.c:668:6:StartDefaultTask	16	static
../Application/User/Core/Src/main.c:686:13:TouchGFX_Task	16	static
../Application/User/Core/Src/main.c:699:6:MPU_Config	24	static
../Application/User/Core/Src/main.c:742:6:HAL_TIM_PeriodElapsedCallback	16	static
../Application/User/Core/Src/main.c:759:6:Error_Handler	4	static,ignoring_inline_asm
