../../Drivers/CMSIS/Include/core_cm7.h:2660:26:ITM_SendChar	16	static,ignoring_inline_asm
../Application/User/Core/Src/main.c:107:5:_write	32	static
../Application/User/Core/Src/main.c:119:5:main	24	static
../Application/User/Core/Src/main.c:263:6:SystemClock_Config	120	static
../Application/User/Core/Src/main.c:326:6:PeriphCommonClock_Config	200	static
../Application/User/Core/Src/main.c:353:13:MX_CRC_Init	8	static
../Application/User/Core/Src/main.c:384:13:MX_DMA2D_Init	8	static
../Application/User/Core/Src/main.c:413:13:MX_LTDC_Init	64	static
../Application/User/Core/Src/main.c:475:13:MX_QUADSPI_Init	8	static
../Application/User/Core/Src/main.c:552:6:MX_FMC_Init	40	static
../Application/User/Core/Src/main.c:603:13:MX_GPIO_Init	72	static
../Application/User/Core/Src/main.c:677:6:StartDefaultTask	16	static
../Application/User/Core/Src/main.c:695:13:TouchGFX_Task	16	static
../Application/User/Core/Src/main.c:708:6:MPU_Config	24	static
../Application/User/Core/Src/main.c:751:6:HAL_TIM_PeriodElapsedCallback	16	static
../Application/User/Core/Src/main.c:768:6:Error_Handler	4	static,ignoring_inline_asm
