C:/Projects/Team_Sonus_GUI/CM7/Core/Src/main.c:725:6:Error_Handler	0	static,ignoring_inline_asm
C:/Projects/Team_Sonus_GUI/CM7/Core/Src/main.c:634:6:StartDefaultTask	8	static
C:/Projects/Team_Sonus_GUI/CM7/Core/Src/main.c:652:13:TouchGFX_Task	8	static
C:/Projects/Team_Sonus_GUI/CM7/Core/Src/main.c:243:6:SystemClock_Config	136	static,ignoring_inline_asm
C:/Projects/Team_Sonus_GUI/CM7/Core/Src/main.c:107:5:main	144	static,ignoring_inline_asm
C:/Projects/Team_Sonus_GUI/CM7/Core/Src/main.c:708:6:HAL_TIM_PeriodElapsedCallback	0	static
