Archive member included to satisfy reference by file (symbol)

C:/ST/STM32CubeIDE_1.13.2/STM32CubeIDE/plugins/com.st.stm32cube.ide.mcu.externaltools.gnu-tools-for-stm32.11.3.rel1.win32_1.1.100.202309141235/tools/bin/../lib/gcc/arm-none-eabi/11.3.1/../../../../arm-none-eabi/lib/thumb/v7e-m+fp/hard\libc_nano.a(libc_a-exit.o)
                              C:/ST/STM32CubeIDE_1.13.2/STM32CubeIDE/plugins/com.st.stm32cube.ide.mcu.externaltools.gnu-tools-for-stm32.11.3.rel1.win32_1.1.100.202309141235/tools/bin/../lib/gcc/arm-none-eabi/11.3.1/../../../../arm-none-eabi/lib/thumb/v7e-m+fp/hard/crt0.o (exit)
C:/ST/STM32CubeIDE_1.13.2/STM32CubeIDE/plugins/com.st.stm32cube.ide.mcu.externaltools.gnu-tools-for-stm32.11.3.rel1.win32_1.1.100.202309141235/tools/bin/../lib/gcc/arm-none-eabi/11.3.1/../../../../arm-none-eabi/lib/thumb/v7e-m+fp/hard\libc_nano.a(libc_a-findfp.o)
                              C:/ST/STM32CubeIDE_1.13.2/STM32CubeIDE/plugins/com.st.stm32cube.ide.mcu.externaltools.gnu-tools-for-stm32.11.3.rel1.win32_1.1.100.202309141235/tools/bin/../lib/gcc/arm-none-eabi/11.3.1/../../../../arm-none-eabi/lib/thumb/v7e-m+fp/hard\libc_nano.a(libc_a-exit.o) (__stdio_exit_handler)
C:/ST/STM32CubeIDE_1.13.2/STM32CubeIDE/plugins/com.st.stm32cube.ide.mcu.externaltools.gnu-tools-for-stm32.11.3.rel1.win32_1.1.100.202309141235/tools/bin/../lib/gcc/arm-none-eabi/11.3.1/../../../../arm-none-eabi/lib/thumb/v7e-m+fp/hard\libc_nano.a(libc_a-fwalk.o)
                              C:/ST/STM32CubeIDE_1.13.2/STM32CubeIDE/plugins/com.st.stm32cube.ide.mcu.externaltools.gnu-tools-for-stm32.11.3.rel1.win32_1.1.100.202309141235/tools/bin/../lib/gcc/arm-none-eabi/11.3.1/../../../../arm-none-eabi/lib/thumb/v7e-m+fp/hard\libc_nano.a(libc_a-findfp.o) (_fwalk_sglue)
C:/ST/STM32CubeIDE_1.13.2/STM32CubeIDE/plugins/com.st.stm32cube.ide.mcu.externaltools.gnu-tools-for-stm32.11.3.rel1.win32_1.1.100.202309141235/tools/bin/../lib/gcc/arm-none-eabi/11.3.1/../../../../arm-none-eabi/lib/thumb/v7e-m+fp/hard\libc_nano.a(libc_a-stdio.o)
                              C:/ST/STM32CubeIDE_1.13.2/STM32CubeIDE/plugins/com.st.stm32cube.ide.mcu.externaltools.gnu-tools-for-stm32.11.3.rel1.win32_1.1.100.202309141235/tools/bin/../lib/gcc/arm-none-eabi/11.3.1/../../../../arm-none-eabi/lib/thumb/v7e-m+fp/hard\libc_nano.a(libc_a-findfp.o) (__sread)
C:/ST/STM32CubeIDE_1.13.2/STM32CubeIDE/plugins/com.st.stm32cube.ide.mcu.externaltools.gnu-tools-for-stm32.11.3.rel1.win32_1.1.100.202309141235/tools/bin/../lib/gcc/arm-none-eabi/11.3.1/../../../../arm-none-eabi/lib/thumb/v7e-m+fp/hard\libc_nano.a(libc_a-memset.o)
                              C:/ST/STM32CubeIDE_1.13.2/STM32CubeIDE/plugins/com.st.stm32cube.ide.mcu.externaltools.gnu-tools-for-stm32.11.3.rel1.win32_1.1.100.202309141235/tools/bin/../lib/gcc/arm-none-eabi/11.3.1/../../../../arm-none-eabi/lib/thumb/v7e-m+fp/hard/crt0.o (memset)
C:/ST/STM32CubeIDE_1.13.2/STM32CubeIDE/plugins/com.st.stm32cube.ide.mcu.externaltools.gnu-tools-for-stm32.11.3.rel1.win32_1.1.100.202309141235/tools/bin/../lib/gcc/arm-none-eabi/11.3.1/../../../../arm-none-eabi/lib/thumb/v7e-m+fp/hard\libc_nano.a(libc_a-closer.o)
                              C:/ST/STM32CubeIDE_1.13.2/STM32CubeIDE/plugins/com.st.stm32cube.ide.mcu.externaltools.gnu-tools-for-stm32.11.3.rel1.win32_1.1.100.202309141235/tools/bin/../lib/gcc/arm-none-eabi/11.3.1/../../../../arm-none-eabi/lib/thumb/v7e-m+fp/hard\libc_nano.a(libc_a-stdio.o) (_close_r)
C:/ST/STM32CubeIDE_1.13.2/STM32CubeIDE/plugins/com.st.stm32cube.ide.mcu.externaltools.gnu-tools-for-stm32.11.3.rel1.win32_1.1.100.202309141235/tools/bin/../lib/gcc/arm-none-eabi/11.3.1/../../../../arm-none-eabi/lib/thumb/v7e-m+fp/hard\libc_nano.a(libc_a-reent.o)
                              C:/ST/STM32CubeIDE_1.13.2/STM32CubeIDE/plugins/com.st.stm32cube.ide.mcu.externaltools.gnu-tools-for-stm32.11.3.rel1.win32_1.1.100.202309141235/tools/bin/../lib/gcc/arm-none-eabi/11.3.1/../../../../arm-none-eabi/lib/thumb/v7e-m+fp/hard\libc_nano.a(libc_a-closer.o) (errno)
C:/ST/STM32CubeIDE_1.13.2/STM32CubeIDE/plugins/com.st.stm32cube.ide.mcu.externaltools.gnu-tools-for-stm32.11.3.rel1.win32_1.1.100.202309141235/tools/bin/../lib/gcc/arm-none-eabi/11.3.1/../../../../arm-none-eabi/lib/thumb/v7e-m+fp/hard\libc_nano.a(libc_a-impure.o)
                              C:/ST/STM32CubeIDE_1.13.2/STM32CubeIDE/plugins/com.st.stm32cube.ide.mcu.externaltools.gnu-tools-for-stm32.11.3.rel1.win32_1.1.100.202309141235/tools/bin/../lib/gcc/arm-none-eabi/11.3.1/../../../../arm-none-eabi/lib/thumb/v7e-m+fp/hard\libc_nano.a(libc_a-reent.o) (_impure_ptr)
C:/ST/STM32CubeIDE_1.13.2/STM32CubeIDE/plugins/com.st.stm32cube.ide.mcu.externaltools.gnu-tools-for-stm32.11.3.rel1.win32_1.1.100.202309141235/tools/bin/../lib/gcc/arm-none-eabi/11.3.1/../../../../arm-none-eabi/lib/thumb/v7e-m+fp/hard\libc_nano.a(libc_a-lseekr.o)
[...]
Memory Configuration

Name             Origin             Length             Attributes
FLASH            0x0000000008100000 0x0000000000100000 xr
RAM              0x0000000010000000 0x0000000000048000 xrw
*default*        0x0000000000000000 0xffffffffffffffff

Linker script and memory map

LOAD C:/ST/STM32CubeIDE_1.13.2/STM32CubeIDE/plugins/com.st.stm32cube.ide.mcu.externaltools.gnu-tools-for-stm32.11.3.rel1.win32_1.1.100.202309141235/tools/bin/../lib/gcc/arm-none-eabi/11.3.1/thumb/v7e-m+fp/hard/crti.o
LOAD C:/ST/STM32CubeIDE_1.13.2/STM32CubeIDE/plugins/com.st.stm32cube.ide.mcu.externaltools.gnu-tools-for-stm32.11.3.rel1.win32_1.1.100.202309141235/tools/bin/../lib/gcc/arm-none-eabi/11.3.1/thumb/v7e-m+fp/hard/crtbegin.o
LOAD C:/ST/STM32CubeIDE_1.13.2/STM32CubeIDE/plugins/com.st.stm32cube.ide.mcu.externaltools.gnu-tools-for-stm32.11.3.rel1.win32_1.1.100.202309141235/tools/bin/../lib/gcc/arm-none-eabi/11.3.1/../../../../arm-none-eabi/lib/thumb/v7e-m+fp/hard/crt0.o
LOAD ./Common/Src/system_stm32h7xx_dualcore_boot_cm4_cm7.o
LOAD ./Core/Src/bdma.o
LOAD ./Core/Src/eth.o
LOAD ./Core/Src/fdcan.o
LOAD ./Core/Src/fmc.o
LOAD ./Core/Src/gpio.o
LOAD ./Core/Src/ltdc.o
LOAD ./Core/Src/main.o
LOAD ./Core/Src/quadspi.o
LOAD ./Core/Src/sai.o
LOAD ./Core/Src/stm32h7xx_hal_msp.o
LOAD ./Core/Src/stm32h7xx_it.o
LOAD ./Core/Src/syscalls.o
LOAD ./Core/Src/sysmem.o
LOAD ./Core/Src/usart.o
LOAD ./Core/Src/usb_otg.o
LOAD ./Core/Startup/startup_stm32h745xihx.o
LOAD ./Drivers/STM32H7xx_HAL_Driver/Src/stm32h7xx_hal.o
LOAD ./Drivers/STM32H7xx_HAL_Driver/Src/stm32h7xx_hal_cortex.o
LOAD ./Drivers/STM32H7xx_HAL_Driver/Src/stm32h7xx_hal_dma.o
LOAD ./Drivers/STM32H7xx_HAL_Driver/Src/stm32h7xx_hal_dma_ex.o
LOAD ./Drivers/STM32H7xx_HAL_Driver/Src/stm32h7xx_hal_eth.o
LOAD ./Drivers/STM32H7xx_HAL_Driver/Src/stm32h7xx_hal_eth_ex.o
LOAD ./Drivers/STM32H7xx_HAL_Driver/Src/stm32h7xx_hal_exti.o
LOAD ./Drivers/STM32H7xx_HAL_Driver/Src/stm32h7xx_hal_fdcan.o
LOAD ./Drivers/STM32H7xx_HAL_Driver/Src/stm32h7xx_hal_flash.o
LOAD ./Drivers/STM32H7xx_HAL_Driver/Src/stm32h7xx_hal_flash_ex.o
LOAD ./Drivers/STM32H7xx_HAL_Driver/Src/stm32h7xx_hal_gpio.o
LOAD ./Drivers/STM32H7xx_HAL_Driver/Src/stm32h7xx_hal_hsem.o
LOAD ./Drivers/STM32H7xx_HAL_Driver/Src/stm32h7xx_hal_i2c.o
LOAD ./Drivers/STM32H7xx_HAL_Driver/Src/stm32h7xx_hal_i2c_ex.o
LOAD ./Drivers/STM32H7xx_HAL_Driver/Src/stm32h7xx_hal_ltdc.o
LOAD ./Drivers/STM32H7xx_HAL_Driver/Src/stm32h7xx_hal_ltdc_ex.o
LOAD ./Drivers/STM32H7xx_HAL_Driver/Src/stm32h7xx_hal_mdma.o
LOAD ./Drivers/STM32H7xx_HAL_Driver/Src/stm32h7xx_hal_pcd.o
LOAD ./Drivers/STM32H7xx_HAL_Driver/Src/stm32h7xx_hal_pcd_ex.o
LOAD ./Drivers/STM32H7xx_HAL_Driver/Src/stm32h7xx_hal_pwr.o
LOAD ./Drivers/STM32H7xx_HAL_Driver/Src/stm32h7xx_hal_pwr_ex.o
LOAD ./Drivers/STM32H7xx_HAL_Driver/Src/stm32h7xx_hal_qspi.o
LOAD ./Drivers/STM32H7xx_HAL_Driver/Src/stm32h7xx_hal_rcc.o
LOAD ./Drivers/STM32H7xx_HAL_Driver/Src/stm32h7xx_hal_rcc_ex.o
LOAD ./Drivers/STM32H7xx_HAL_Driver/Src/stm32h7xx_hal_sai.o
LOAD ./Drivers/STM32H7xx_HAL_Driver/Src/stm32h7xx_hal_sai_ex.o
LOAD ./Drivers/STM32H7xx_HAL_Driver/Src/stm32h7xx_hal_sdram.o
LOAD ./Drivers/STM32H7xx_HAL_Driver/Src/stm32h7xx_hal_tim.o
LOAD ./Drivers/STM32H7xx_HAL_Driver/Src/stm32h7xx_hal_tim_ex.o
LOAD ./Drivers/STM32H7xx_HAL_Driver/Src/stm32h7xx_hal_uart.o
LOAD ./Drivers/STM32H7xx_HAL_Driver/Src/stm32h7xx_hal_uart_ex.o
LOAD ./Drivers/STM32H7xx_HAL_Driver/Src/stm32h7xx_ll_fmc.o
LOAD ./Drivers/STM32H7xx_HAL_Driver/Src/stm32h7xx_ll_usb.o
START GROUP
LOAD C:/ST/STM32CubeIDE_1.13.2/STM32CubeIDE/plugins/com.st.stm32cube.ide.mcu.externaltools.gnu-tools-for-stm32.11.3.rel1.win32_1.1.100.202309141235/tools/bin/../lib/gcc/arm-none-eabi/11.3.1/../../../../arm-none-eabi/lib/thumb/v7e-m+fp/hard\libc_nano.a
LOAD C:/ST/STM32CubeIDE_1.13.2/STM32CubeIDE/plugins/com.st.stm32cube.ide.mcu.externaltools.gnu-tools-for-stm32.11.3.rel1.win32_1.1.100.202309141235/tools/bin/../lib/gcc/arm-none-eabi/11.3.1/../../../../arm-none-eabi/lib/thumb/v7e-m+fp/hard\libm.a
END GROUP
START GROUP
LOAD C:/ST/STM32CubeIDE_1.13.2/STM32CubeIDE/plugins/com.st.stm32cube.ide.mcu.externaltools.gnu-tools-for-stm32.11.3.rel1.win32_1.1.100.202309141235/tools/bin/../lib/gcc/arm-none-eabi/11.3.1/thumb/v7e-m+fp/hard\libgcc.a
LOAD C:/ST/STM32CubeIDE_1.13.2/STM32CubeIDE/plugins/com.st.stm32cube.ide.mcu.externaltools.gnu-tools-for-stm32.11.3.rel1.win32_1.1.100.202309141235/tools/bin/../lib/gcc/arm-none-eabi/11.3.1/../../../../arm-none-eabi/lib/thumb/v7e-m+fp/hard\libc_nano.a
END GROUP
START GROUP
LOAD C:/ST/STM32CubeIDE_1.13.2/STM32CubeIDE/plugins/com.st.stm32cube.ide.mcu.externaltools.gnu-tools-for-stm32.11.3.rel1.win32_1.1.100.202309141235/tools/bin/../lib/gcc/arm-none-eabi/11.3.1/thumb/v7e-m+fp/hard\libgcc.a
LOAD C:/ST/STM32CubeIDE_1.13.2/STM32CubeIDE/plugins/com.st.stm32cube.ide.mcu.externaltools.gnu-tools-for-stm32.11.3.rel1.win32_1.1.100.202309141235/tools/bin/../lib/gcc/arm-none-eabi/11.3.1/../../../../arm-none-eabi/lib/thumb/v7e-m+fp/hard\libc_nano.a
LOAD C:/ST/STM32CubeIDE_1.13.2/STM32CubeIDE/plugins/com.st.stm32cube.ide.mcu.externaltools.gnu-tools-for-stm32.11.3.rel1.win32_1.1.100.202309141235/tools/bin/../lib/gcc/arm-none-eabi/11.3.1/../../../../arm-none-eabi/lib/thumb/v7e-m+fp/hard\libnosys.a
END GROUP
START GROUP
LOAD C:/ST/STM32CubeIDE_1.13.2/STM32CubeIDE/plugins/com.st.stm32cube.ide.mcu.externaltools.gnu-tools-for-stm32.11.3.rel1.win32_1.1.100.202309141235/tools/bin/../lib/gcc/arm-none-eabi/11.3.1/thumb/v7e-m+fp/hard\libgcc.a
LOAD C:/ST/STM32CubeIDE_1.13.2/STM32CubeIDE/plugins/com.st.stm32cube.ide.mcu.externaltools.gnu-tools-for-stm32.11.3.rel1.win32_1.1.100.202309141235/tools/bin/../lib/gcc/arm-none-eabi/11.3.1/../../../../arm-none-eabi/lib/thumb/v7e-m+fp/hard\libc_nano.a
LOAD C:/ST/STM32CubeIDE_1.13.2/STM32CubeIDE/plugins/com.st.stm32cube.ide.mcu.externaltools.gnu-tools-for-stm32.11.3.rel1.win32_1.1.100.202309141235/tools/bin/../lib/gcc/arm-none-eabi/11.3.1/../../../../arm-none-eabi/lib/thumb/v7e-m+fp/hard\libnosys.a
END GROUP
LOAD C:/ST/STM32CubeIDE_1.13.2/STM32CubeIDE/plugins/com.st.stm32cube.ide.mcu.externaltools.gnu-tools-for-stm32.11.3.rel1.win32_1.1.100.202309141235/tools/bin/../lib/gcc/arm-none-eabi/11.3.1/thumb/v7e-m+fp/hard/crtend.o
LOAD C:/ST/STM32CubeIDE_1.13.2/STM32CubeIDE/plugins/com.st.stm32cube.ide.mcu.externaltools.gnu-tools-for-stm32.11.3.rel1.win32_1.1.100.202309141235/tools/bin/../lib/gcc/arm-none-eabi/11.3.1/thumb/v7e-m+fp/hard/crtn.o
                0x0000000010048000                _estack = (ORIGIN (RAM) + LENGTH (RAM))
                0x0000000000000200                _Min_Heap_Size = 0x200
                0x0000000000000400                _Min_Stack_Size = 0x400

.isr_vector     0x0000000008100000      0x298
                0x0000000008100000                . = ALIGN (0x4)
 *(.isr_vector)
 .isr_vector    0x0000000008100000      0x298 ./Core/Startup/startup_stm32h745xihx.o
                0x0000000008100000                g_pfnVectors
                0x0000000008100298                . = ALIGN (0x4)

.text           0x0000000008100298     0xaf6c
                0x0000000008100298                . = ALIGN (0x4)
 *(.text)
 .text          0x0000000008100298       0x40 C:/ST/STM32CubeIDE_1.13.2/STM32CubeIDE/plugins/com.st.stm32cube.ide.mcu.externaltools.gnu-tools-for-stm32.11.3.rel1.win32_1.1.100.202309141235/tools/bin/../lib/gcc/arm-none-eabi/11.3.1/thumb/v7e-m+fp/hard/crtbegin.o
 .text          0x00000000081002d8       0x30 C:/ST/STM32CubeIDE_1.13.2/STM32CubeIDE/plugins/com.st.stm32cube.ide.mcu.externaltools.gnu-tools-for-stm32.11.3.rel1.win32_1.1.100.202309141235/tools/bin/../lib/gcc/arm-none-eabi/11.3.1/thumb/v7e-m+fp/hard\libgcc.a(_aeabi_uldivmod.o)
                0x00000000081002d8                __aeabi_uldivmod
 .text          0x0000000008100308      0x2c8 C:/ST/STM32CubeIDE_1.13.2/STM32CubeIDE/plugins/com.st.stm32cube.ide.mcu.externaltools.gnu-tools-for-stm32.11.3.rel1.win32_1.1.100.202309141235/tools/bin/../lib/gcc/arm-none-eabi/11.3.1/thumb/v7e-m+fp/hard\libgcc.a(_udivmoddi4.o)
                0x0000000008100308                __udivmoddi4
 .text          0x00000000081005d0        0x4 C:/ST/STM32CubeIDE_1.13.2/STM32CubeIDE/plugins/com.st.stm32cube.ide.mcu.externaltools.gnu-tools-for-stm32.11.3.rel1.win32_1.1.100.202309141235/tools/bin/../lib/gcc/arm-none-eabi/11.3.1/thumb/v7e-m+fp/hard\libgcc.a(_dvmd_tls.o)
                0x00000000081005d0                __aeabi_idiv0
                0x00000000081005d0                __aeabi_ldiv0
 *(.text*)
 .text.SystemInit
                0x00000000081005d4       0x30 ./Common/Src/system_stm32h7xx_dualcore_boot_cm4_cm7.o
                0x00000000081005d4                SystemInit
 .text.MX_BDMA_Init
                0x0000000008100604       0x40 ./Core/Src/bdma.o
                0x0000000008100604                MX_BDMA_Init
 .text.MX_ETH_Init
                0x0000000008100644       0x98 ./Core/Src/eth.o
                0x0000000008100644                MX_ETH_Init
 .text.HAL_ETH_MspInit
                0x00000000081006dc      0x260 ./Core/Src/eth.o
                0x00000000081006dc                HAL_ETH_MspInit
 .text.MX_FDCAN1_Init
                0x000000000810093c       0xc8 ./Core/Src/fdcan.o
                0x000000000810093c                MX_FDCAN1_Init
 .text.MX_FDCAN2_Init
                0x0000000008100a04       0xc8 ./Core/Src/fdcan.o
                0x0000000008100a04                MX_FDCAN2_Init
 .text.HAL_FDCAN_MspInit
                0x0000000008100acc      0x1a0 ./Core/Src/fdcan.o
                0x0000000008100acc                HAL_FDCAN_MspInit
 .text.MX_FMC_Init
                0x0000000008100c6c       0x9c ./Core/Src/fmc.o
                0x0000000008100c6c                MX_FMC_Init
 .text.HAL_FMC_MspInit
                0x0000000008100d08      0x178 ./Core/Src/fmc.o
 .text.HAL_SDRAM_MspInit
                0x0000000008100e80       0x14 ./Core/Src/fmc.o
                0x0000000008100e80                HAL_SDRAM_MspInit
 .text.MX_GPIO_Init
                0x0000000008100e94      0x160 ./Core/Src/gpio.o
                0x0000000008100e94                MX_GPIO_Init
 .text.MX_LTDC_Init
                0x0000000008100ff4      0x164 ./Core/Src/ltdc.o
                0x0000000008100ff4                MX_LTDC_Init
 .text.HAL_LTDC_MspInit
                0x0000000008101158      0x1dc ./Core/Src/ltdc.o
                0x0000000008101158                HAL_LTDC_MspInit
 .text.main     0x0000000008101334       0xbc ./Core/Src/main.o
                0x0000000008101334                main
 .text.HAL_SAI_RxCpltCallback
                0x00000000081013f0       0x24 ./Core/Src/main.o
                0x00000000081013f0                HAL_SAI_RxCpltCallback
 .text.Error_Handler
                0x0000000008101414        0xa ./Core/Src/main.o
                0x0000000008101414                Error_Handler
 *fill*         0x000000000810141e        0x2 
 .text.MX_QUADSPI_Init
                0x0000000008101420       0x58 ./Core/Src/quadspi.o
                0x0000000008101420                MX_QUADSPI_Init
 .text.HAL_QSPI_MspInit
                0x0000000008101478      0x198 ./Core/Src/quadspi.o
                0x0000000008101478                HAL_QSPI_MspInit
 .text.MX_SAI2_Init
                0x0000000008101610      0x17c ./Core/Src/sai.o
                0x0000000008101610                MX_SAI2_Init
 .text.MX_SAI4_Init
                0x000000000810178c       0xc0 ./Core/Src/sai.o
                0x000000000810178c                MX_SAI4_Init
 .text.HAL_SAI_MspInit
                0x000000000810184c      0x280 ./Core/Src/sai.o
                0x000000000810184c                HAL_SAI_MspInit
 .text.HAL_MspInit
                0x0000000008101acc       0x34 ./Core/Src/stm32h7xx_hal_msp.o
                0x0000000008101acc                HAL_MspInit
 .text.NMI_Handler
                0x0000000008101b00        0x6 ./Core/Src/stm32h7xx_it.o
                0x0000000008101b00                NMI_Handler
 .text.HardFault_Handler
                0x0000000008101b06        0x6 ./Core/Src/stm32h7xx_it.o
                0x0000000008101b06                HardFault_Handler
 .text.MemManage_Handler
                0x0000000008101b0c        0x6 ./Core/Src/stm32h7xx_it.o
                0x0000000008101b0c                MemManage_Handler
 .text.BusFault_Handler
                0x0000000008101b12        0x6 ./Core/Src/stm32h7xx_it.o
                0x0000000008101b12                BusFault_Handler
 .text.UsageFault_Handler
                0x0000000008101b18        0x6 ./Core/Src/stm32h7xx_it.o
                0x0000000008101b18                UsageFault_Handler
 .text.SVC_Handler
                0x0000000008101b1e        0xe ./Core/Src/stm32h7xx_it.o
                0x0000000008101b1e                SVC_Handler
 .text.DebugMon_Handler
                0x0000000008101b2c        0xe ./Core/Src/stm32h7xx_it.o
                0x0000000008101b2c                DebugMon_Handler
 .text.PendSV_Handler
                0x0000000008101b3a        0xe ./Core/Src/stm32h7xx_it.o
                0x0000000008101b3a                PendSV_Handler
 .text.SysTick_Handler
                0x0000000008101b48        0xc ./Core/Src/stm32h7xx_it.o
                0x0000000008101b48                SysTick_Handler
 .text.BDMA_Channel0_IRQHandler
                0x0000000008101b54       0x14 ./Core/Src/stm32h7xx_it.o
                0x0000000008101b54                BDMA_Channel0_IRQHandler
 .text.MX_USART3_UART_Init
                0x0000000008101b68       0x98 ./Core/Src/usart.o
                0x0000000008101b68                MX_USART3_UART_Init
 .text.HAL_UART_MspInit
                0x0000000008101c00       0xd4 ./Core/Src/usart.o
                0x0000000008101c00                HAL_UART_MspInit
 .text.MX_USB_OTG_FS_PCD_Init
                0x0000000008101cd4       0x64 ./Core/Src/usb_otg.o
                0x0000000008101cd4                MX_USB_OTG_FS_PCD_Init
 .text.HAL_PCD_MspInit
                0x0000000008101d38       0xf8 ./Core/Src/usb_otg.o
                0x0000000008101d38                HAL_PCD_MspInit
 .text.Reset_Handler
                0x0000000008101e30       0x50 ./Core/Startup/startup_stm32h745xihx.o
                0x0000000008101e30                Reset_Handler
 .text.Default_Handler
                0x0000000008101e80        0x2 ./Core/Startup/startup_stm32h745xihx.o
                0x0000000008101e80                RTC_Alarm_IRQHandler
                0x0000000008101e80                EXTI2_IRQHandler
                0x0000000008101e80                TIM8_CC_IRQHandler
                0x0000000008101e80                HRTIM1_Master_IRQHandler
                0x0000000008101e80                UART8_IRQHandler
                0x0000000008101e80                SPI4_IRQHandler
                0x0000000008101e80                TIM1_CC_IRQHandler
                0x0000000008101e80                BDMA_Channel6_IRQHandler
                0x0000000008101e80                DMA2_Stream5_IRQHandler
                0x0000000008101e80                HRTIM1_FLT_IRQHandler
                0x0000000008101e80                JPEG_IRQHandler
                0x0000000008101e80                DMA1_Stream5_IRQHandler
                0x0000000008101e80                BDMA_Channel1_IRQHandler
                0x0000000008101e80                HRTIM1_TIMD_IRQHandler
                0x0000000008101e80                TAMP_STAMP_IRQHandler
                0x0000000008101e80                EXTI3_IRQHandler
                0x0000000008101e80                LPTIM4_IRQHandler
                0x0000000008101e80                TIM8_TRG_COM_TIM14_IRQHandler
                0x0000000008101e80                LPTIM2_IRQHandler
                0x0000000008101e80                DFSDM1_FLT1_IRQHandler
                0x0000000008101e80                DMAMUX2_OVR_IRQHandler
                0x0000000008101e80                TIM8_UP_TIM13_IRQHandler
                0x0000000008101e80                I2C3_ER_IRQHandler
                0x0000000008101e80                DFSDM1_FLT2_IRQHandler
                0x0000000008101e80                MDMA_IRQHandler
                0x0000000008101e80                LPTIM3_IRQHandler
                0x0000000008101e80                HSEM1_IRQHandler
                0x0000000008101e80                EXTI0_IRQHandler
                0x0000000008101e80                I2C2_EV_IRQHandler
                0x0000000008101e80                DMA1_Stream2_IRQHandler
                0x0000000008101e80                FPU_IRQHandler
                0x0000000008101e80                OTG_HS_WKUP_IRQHandler
                0x0000000008101e80                FDCAN1_IT1_IRQHandler
                0x0000000008101e80                LTDC_ER_IRQHandler
                0x0000000008101e80                DMA2_Stream2_IRQHandler
                0x0000000008101e80                HRTIM1_TIME_IRQHandler
                0x0000000008101e80                SPI1_IRQHandler
                0x0000000008101e80                TIM6_DAC_IRQHandler
                0x0000000008101e80                DCMI_IRQHandler
                0x0000000008101e80                HRTIM1_TIMC_IRQHandler
                0x0000000008101e80                DMA2_Stream3_IRQHandler
                0x0000000008101e80                SAI2_IRQHandler
                0x0000000008101e80                DFSDM1_FLT3_IRQHandler
                0x0000000008101e80                USART6_IRQHandler
                0x0000000008101e80                TIM17_IRQHandler
                0x0000000008101e80                USART3_IRQHandler
                0x0000000008101e80                BDMA_Channel7_IRQHandler
                0x0000000008101e80                LPTIM5_IRQHandler
                0x0000000008101e80                UART5_IRQHandler
                0x0000000008101e80                ADC3_IRQHandler
                0x0000000008101e80                DMA2_Stream0_IRQHandler
                0x0000000008101e80                TIM4_IRQHandler
                0x0000000008101e80                BDMA_Channel2_IRQHandler
                0x0000000008101e80                QUADSPI_IRQHandler
                0x0000000008101e80                I2C1_EV_IRQHandler
                0x0000000008101e80                DMA1_Stream6_IRQHandler
                0x0000000008101e80                DMAMUX1_OVR_IRQHandler
                0x0000000008101e80                DMA1_Stream1_IRQHandler
                0x0000000008101e80                TIM16_IRQHandler
                0x0000000008101e80                UART4_IRQHandler
                0x0000000008101e80                BDMA_Channel5_IRQHandler
                0x0000000008101e80                TIM3_IRQHandler
                0x0000000008101e80                RCC_IRQHandler
                0x0000000008101e80                TIM8_BRK_TIM12_IRQHandler
                0x0000000008101e80                TIM1_TRG_COM_IRQHandler
                0x0000000008101e80                Default_Handler
                0x0000000008101e80                ECC_IRQHandler
                0x0000000008101e80                CEC_IRQHandler
                0x0000000008101e80                EXTI15_10_IRQHandler
                0x0000000008101e80                ADC_IRQHandler
                0x0000000008101e80                DMA1_Stream7_IRQHandler
                0x0000000008101e80                HRTIM1_TIMA_IRQHandler
                0x0000000008101e80                SPI5_IRQHandler
                0x0000000008101e80                TIM7_IRQHandler
                0x0000000008101e80                SDMMC1_IRQHandler
                0x0000000008101e80                TIM5_IRQHandler
                0x0000000008101e80                DMA2_Stream7_IRQHandler
                0x0000000008101e80                TIM15_IRQHandler
                0x0000000008101e80                PVD_AVD_IRQHandler
                0x0000000008101e80                I2C3_EV_IRQHandler
                0x0000000008101e80                EXTI9_5_IRQHandler
                0x0000000008101e80                RTC_WKUP_IRQHandler
                0x0000000008101e80                LTDC_IRQHandler
                0x0000000008101e80                SAI3_IRQHandler
                0x0000000008101e80                ETH_WKUP_IRQHandler
                0x0000000008101e80                SPDIF_RX_IRQHandler
                0x0000000008101e80                SPI2_IRQHandler
                0x0000000008101e80                OTG_HS_EP1_IN_IRQHandler
                0x0000000008101e80                DMA1_Stream0_IRQHandler
                0x0000000008101e80                CRS_IRQHandler
                0x0000000008101e80                CM7_SEV_IRQHandler
                0x0000000008101e80                EXTI4_IRQHandler
                0x0000000008101e80                RNG_IRQHandler
                0x0000000008101e80                CM4_SEV_IRQHandler
                0x0000000008101e80                HRTIM1_TIMB_IRQHandler
                0x0000000008101e80                FDCAN2_IT1_IRQHandler
                0x0000000008101e80                ETH_IRQHandler
                0x0000000008101e80                TIM1_UP_IRQHandler
                0x0000000008101e80                WWDG_RST_IRQHandler
                0x0000000008101e80                BDMA_Channel4_IRQHandler
                0x0000000008101e80                OTG_HS_EP1_OUT_IRQHandler
                0x0000000008101e80                WWDG_IRQHandler
                0x0000000008101e80                SPI6_IRQHandler
                0x0000000008101e80                MDIOS_IRQHandler
                0x0000000008101e80                I2C4_EV_IRQHandler
                0x0000000008101e80                FDCAN2_IT0_IRQHandler
                0x0000000008101e80                LPUART1_IRQHandler
                0x0000000008101e80                FDCAN1_IT0_IRQHandler
                0x0000000008101e80                TIM2_IRQHandler
                0x0000000008101e80                OTG_FS_WKUP_IRQHandler
                0x0000000008101e80                OTG_HS_IRQHandler
                0x0000000008101e80                HSEM2_IRQHandler
                0x0000000008101e80                DMA2D_IRQHandler
                0x0000000008101e80                TIM1_BRK_IRQHandler
                0x0000000008101e80                EXTI1_IRQHandler
                0x0000000008101e80                SDMMC2_IRQHandler
                0x0000000008101e80                OTG_FS_EP1_OUT_IRQHandler
                0x0000000008101e80                BDMA_Channel3_IRQHandler
                0x0000000008101e80                HOLD_CORE_IRQHandler
                0x0000000008101e80                UART7_IRQHandler
                0x0000000008101e80                MDIOS_WKUP_IRQHandler
                0x0000000008101e80                USART2_IRQHandler
                0x0000000008101e80                DFSDM1_FLT0_IRQHandler
                0x0000000008101e80                SAI4_IRQHandler
                0x0000000008101e80                I2C2_ER_IRQHandler
                0x0000000008101e80                DMA2_Stream1_IRQHandler
                0x0000000008101e80                FLASH_IRQHandler
                0x0000000008101e80                DMA2_Stream4_IRQHandler
                0x0000000008101e80                USART1_IRQHandler
                0x0000000008101e80                OTG_FS_IRQHandler
                0x0000000008101e80                SPI3_IRQHandler
                0x0000000008101e80                WAKEUP_PIN_IRQHandler
                0x0000000008101e80                DMA1_Stream4_IRQHandler
                0x0000000008101e80                OTG_FS_EP1_IN_IRQHandler
                0x0000000008101e80                I2C1_ER_IRQHandler
                0x0000000008101e80                FMC_IRQHandler
                0x0000000008101e80                FDCAN_CAL_IRQHandler
                0x0000000008101e80                SWPMI1_IRQHandler
                0x0000000008101e80                COMP1_IRQHandler
                0x0000000008101e80                LPTIM1_IRQHandler
                0x0000000008101e80                I2C4_ER_IRQHandler
                0x0000000008101e80                DMA2_Stream6_IRQHandler
                0x0000000008101e80                SAI1_IRQHandler
                0x0000000008101e80                DMA1_Stream3_IRQHandler
 *fill*         0x0000000008101e82        0x2 
 .text.HAL_Init
                0x0000000008101e84       0xbc ./Drivers/STM32H7xx_HAL_Driver/Src/stm32h7xx_hal.o
                0x0000000008101e84                HAL_Init
 .text.HAL_InitTick
                0x0000000008101f40       0x6c ./Drivers/STM32H7xx_HAL_Driver/Src/stm32h7xx_hal.o
                0x0000000008101f40                HAL_InitTick
 .text.HAL_IncTick
                0x0000000008101fac       0x28 ./Drivers/STM32H7xx_HAL_Driver/Src/stm32h7xx_hal.o
                0x0000000008101fac                HAL_IncTick
 .text.HAL_GetTick
                0x0000000008101fd4       0x18 ./Drivers/STM32H7xx_HAL_Driver/Src/stm32h7xx_hal.o
                0x0000000008101fd4                HAL_GetTick
 .text.HAL_Delay
                0x0000000008101fec       0x48 ./Drivers/STM32H7xx_HAL_Driver/Src/stm32h7xx_hal.o
                0x0000000008101fec                HAL_Delay
 .text.HAL_GetREVID
                0x0000000008102034       0x18 ./Drivers/STM32H7xx_HAL_Driver/Src/stm32h7xx_hal.o
                0x0000000008102034                HAL_GetREVID
 .text.HAL_SYSCFG_ETHInterfaceSelect
                0x000000000810204c       0x28 ./Drivers/STM32H7xx_HAL_Driver/Src/stm32h7xx_hal.o
                0x000000000810204c                HAL_SYSCFG_ETHInterfaceSelect
 .text.__NVIC_SetPriorityGrouping
                0x0000000008102074       0x48 ./Drivers/STM32H7xx_HAL_Driver/Src/stm32h7xx_hal_cortex.o
 .text.__NVIC_GetPriorityGrouping
                0x00000000081020bc       0x1c ./Drivers/STM32H7xx_HAL_Driver/Src/stm32h7xx_hal_cortex.o
 .text.__NVIC_EnableIRQ
                0x00000000081020d8       0x3c ./Drivers/STM32H7xx_HAL_Driver/Src/stm32h7xx_hal_cortex.o
 .text.__NVIC_SetPriority
                0x0000000008102114       0x54 ./Drivers/STM32H7xx_HAL_Driver/Src/stm32h7xx_hal_cortex.o
 .text.NVIC_EncodePriority
                0x0000000008102168       0x66 ./Drivers/STM32H7xx_HAL_Driver/Src/stm32h7xx_hal_cortex.o
 *fill*         0x00000000081021ce        0x2 
 .text.SysTick_Config
                0x00000000081021d0       0x44 ./Drivers/STM32H7xx_HAL_Driver/Src/stm32h7xx_hal_cortex.o
 .text.HAL_NVIC_SetPriorityGrouping
                0x0000000008102214       0x16 ./Drivers/STM32H7xx_HAL_Driver/Src/stm32h7xx_hal_cortex.o
                0x0000000008102214                HAL_NVIC_SetPriorityGrouping
 .text.HAL_NVIC_SetPriority
                0x000000000810222a       0x34 ./Drivers/STM32H7xx_HAL_Driver/Src/stm32h7xx_hal_cortex.o
                0x000000000810222a                HAL_NVIC_SetPriority
 .text.HAL_NVIC_EnableIRQ
                0x000000000810225e       0x1c ./Drivers/STM32H7xx_HAL_Driver/Src/stm32h7xx_hal_cortex.o
                0x000000000810225e                HAL_NVIC_EnableIRQ
 .text.HAL_SYSTICK_Config
                0x000000000810227a       0x18 ./Drivers/STM32H7xx_HAL_Driver/Src/stm32h7xx_hal_cortex.o
                0x000000000810227a                HAL_SYSTICK_Config
 *fill*         0x0000000008102292        0x2 
 .text.HAL_GetCurrentCPUID
                0x0000000008102294       0x28 ./Drivers/STM32H7xx_HAL_Driver/Src/stm32h7xx_hal_cortex.o
                0x0000000008102294                HAL_GetCurrentCPUID
 .text.HAL_DMA_Init
                0x00000000081022bc      0x6b4 ./Drivers/STM32H7xx_HAL_Driver/Src/stm32h7xx_hal_dma.o
                0x00000000081022bc                HAL_DMA_Init
 .text.HAL_DMA_Start_IT
                0x0000000008102970      0x4d4 ./Drivers/STM32H7xx_HAL_Driver/Src/stm32h7xx_hal_dma.o
                0x0000000008102970                HAL_DMA_Start_IT
 .text.HAL_DMA_IRQHandler
                0x0000000008102e44      0xe54 ./Drivers/STM32H7xx_HAL_Driver/Src/stm32h7xx_hal_dma.o
                0x0000000008102e44                HAL_DMA_IRQHandler
 .text.HAL_DMA_GetError
                0x0000000008103c98       0x18 ./Drivers/STM32H7xx_HAL_Driver/Src/stm32h7xx_hal_dma.o
                0x0000000008103c98                HAL_DMA_GetError
 .text.DMA_SetConfig
                0x0000000008103cb0      0x358 ./Drivers/STM32H7xx_HAL_Driver/Src/stm32h7xx_hal_dma.o
 .text.DMA_CalcBaseAndBitshift
                0x0000000008104008      0x164 ./Drivers/STM32H7xx_HAL_Driver/Src/stm32h7xx_hal_dma.o
 .text.DMA_CheckFifoParam
                0x000000000810416c       0xf8 ./Drivers/STM32H7xx_HAL_Driver/Src/stm32h7xx_hal_dma.o
 .text.DMA_CalcDMAMUXChannelBaseAndMask
                0x0000000008104264      0x134 ./Drivers/STM32H7xx_HAL_Driver/Src/stm32h7xx_hal_dma.o
 .text.DMA_CalcDMAMUXRequestGenBaseAndMask
                0x0000000008104398       0xe8 ./Drivers/STM32H7xx_HAL_Driver/Src/stm32h7xx_hal_dma.o
 .text.HAL_ETH_Init
                0x0000000008104480      0x1cc ./Drivers/STM32H7xx_HAL_Driver/Src/stm32h7xx_hal_eth.o
                0x0000000008104480                HAL_ETH_Init
 .text.HAL_ETH_SetMDIOClockRange
                0x000000000810464c       0xb0 ./Drivers/STM32H7xx_HAL_Driver/Src/stm32h7xx_hal_eth.o
                0x000000000810464c                HAL_ETH_SetMDIOClockRange
 .text.ETH_SetMACConfig
                0x00000000081046fc      0x238 ./Drivers/STM32H7xx_HAL_Driver/Src/stm32h7xx_hal_eth.o
 .text.ETH_SetDMAConfig
                0x0000000008104934      0x10c ./Drivers/STM32H7xx_HAL_Driver/Src/stm32h7xx_hal_eth.o
 .text.ETH_MACDMAConfig
                0x0000000008104a40      0x13a ./Drivers/STM32H7xx_HAL_Driver/Src/stm32h7xx_hal_eth.o
 .text.ETH_DMATxDescListInit
                0x0000000008104b7a       0x92 ./Drivers/STM32H7xx_HAL_Driver/Src/stm32h7xx_hal_eth.o
 .text.ETH_DMARxDescListInit
                0x0000000008104c0c       0xba ./Drivers/STM32H7xx_HAL_Driver/Src/stm32h7xx_hal_eth.o
 *fill*         0x0000000008104cc6        0x2 
 .text.HAL_FDCAN_Init
                0x0000000008104cc8      0x3bc ./Drivers/STM32H7xx_HAL_Driver/Src/stm32h7xx_hal_fdcan.o
                0x0000000008104cc8                HAL_FDCAN_Init
 .text.FDCAN_CalcultateRamBlockAddresses
                0x0000000008105084      0x320 ./Drivers/STM32H7xx_HAL_Driver/Src/stm32h7xx_hal_fdcan.o
 .text.HAL_GPIO_Init
                0x00000000081053a4      0x360 ./Drivers/STM32H7xx_HAL_Driver/Src/stm32h7xx_hal_gpio.o
                0x00000000081053a4                HAL_GPIO_Init
 .text.HAL_HSEM_ActivateNotification
                0x0000000008105704       0x24 ./Drivers/STM32H7xx_HAL_Driver/Src/stm32h7xx_hal_hsem.o
                0x0000000008105704                HAL_HSEM_ActivateNotification
 .text.HAL_LTDC_Init
                0x0000000008105728      0x1a0 ./Drivers/STM32H7xx_HAL_Driver/Src/stm32h7xx_hal_ltdc.o
                0x0000000008105728                HAL_LTDC_Init
 .text.HAL_LTDC_ConfigLayer
                0x00000000081058c8       0x7c ./Drivers/STM32H7xx_HAL_Driver/Src/stm32h7xx_hal_ltdc.o
                0x00000000081058c8                HAL_LTDC_ConfigLayer
 .text.LTDC_SetConfig
                0x0000000008105944      0x32e ./Drivers/STM32H7xx_HAL_Driver/Src/stm32h7xx_hal_ltdc.o
 .text.HAL_PCD_Init
                0x0000000008105c72      0x248 ./Drivers/STM32H7xx_HAL_Driver/Src/stm32h7xx_hal_pcd.o
                0x0000000008105c72                HAL_PCD_Init
 .text.HAL_PCDEx_ActivateLPM
                0x0000000008105eba       0x48 ./Drivers/STM32H7xx_HAL_Driver/Src/stm32h7xx_hal_pcd_ex.o
                0x0000000008105eba                HAL_PCDEx_ActivateLPM
 *fill*         0x0000000008105f02        0x2 
 .text.HAL_PWREx_EnterSTOPMode
                0x0000000008105f04       0xf4 ./Drivers/STM32H7xx_HAL_Driver/Src/stm32h7xx_hal_pwr_ex.o
                0x0000000008105f04                HAL_PWREx_EnterSTOPMode
 .text.HAL_PWREx_ClearPendingEvent
                0x0000000008105ff8       0x1a ./Drivers/STM32H7xx_HAL_Driver/Src/stm32h7xx_hal_pwr_ex.o
                0x0000000008105ff8                HAL_PWREx_ClearPendingEvent
 *fill*         0x0000000008106012        0x2 
 .text.HAL_PWREx_EnableUSBVoltageDetector
                0x0000000008106014       0x20 ./Drivers/STM32H7xx_HAL_Driver/Src/stm32h7xx_hal_pwr_ex.o
                0x0000000008106014                HAL_PWREx_EnableUSBVoltageDetector
 .text.HAL_QSPI_Init
                0x0000000008106034       0xe8 ./Drivers/STM32H7xx_HAL_Driver/Src/stm32h7xx_hal_qspi.o
                0x0000000008106034                HAL_QSPI_Init
 .text.HAL_QSPI_SetTimeout
                0x000000000810611c       0x1c ./Drivers/STM32H7xx_HAL_Driver/Src/stm32h7xx_hal_qspi.o
                0x000000000810611c                HAL_QSPI_SetTimeout
 .text.QSPI_WaitFlagStateUntilTimeout
                0x0000000008106138       0x6e ./Drivers/STM32H7xx_HAL_Driver/Src/stm32h7xx_hal_qspi.o
 *fill*         0x00000000081061a6        0x2 
 .text.HAL_RCC_GetSysClockFreq
                0x00000000081061a8      0x2f4 ./Drivers/STM32H7xx_HAL_Driver/Src/stm32h7xx_hal_rcc.o
                0x00000000081061a8                HAL_RCC_GetSysClockFreq
 .text.HAL_RCC_GetHCLKFreq
                0x000000000810649c       0x64 ./Drivers/STM32H7xx_HAL_Driver/Src/stm32h7xx_hal_rcc.o
                0x000000000810649c                HAL_RCC_GetHCLKFreq
 .text.HAL_RCC_GetPCLK1Freq
                0x0000000008106500       0x2c ./Drivers/STM32H7xx_HAL_Driver/Src/stm32h7xx_hal_rcc.o
                0x0000000008106500                HAL_RCC_GetPCLK1Freq
 .text.HAL_RCC_GetPCLK2Freq
                0x000000000810652c       0x2c ./Drivers/STM32H7xx_HAL_Driver/Src/stm32h7xx_hal_rcc.o
                0x000000000810652c                HAL_RCC_GetPCLK2Freq
 .text.HAL_RCCEx_PeriphCLKConfig
                0x0000000008106558     0x1414 ./Drivers/STM32H7xx_HAL_Driver/Src/stm32h7xx_hal_rcc_ex.o
                0x0000000008106558                HAL_RCCEx_PeriphCLKConfig
 .text.HAL_RCCEx_GetPeriphCLKFreq
                0x000000000810796c      0xb00 ./Drivers/STM32H7xx_HAL_Driver/Src/stm32h7xx_hal_rcc_ex.o
                0x000000000810796c                HAL_RCCEx_GetPeriphCLKFreq
 .text.HAL_RCCEx_GetD3PCLK1Freq
                0x000000000810846c       0x2c ./Drivers/STM32H7xx_HAL_Driver/Src/stm32h7xx_hal_rcc_ex.o
                0x000000000810846c                HAL_RCCEx_GetD3PCLK1Freq
 .text.HAL_RCCEx_GetPLL2ClockFreq
                0x0000000008108498      0x2a8 ./Drivers/STM32H7xx_HAL_Driver/Src/stm32h7xx_hal_rcc_ex.o
                0x0000000008108498                HAL_RCCEx_GetPLL2ClockFreq
 .text.HAL_RCCEx_GetPLL3ClockFreq
                0x0000000008108740      0x2a8 ./Drivers/STM32H7xx_HAL_Driver/Src/stm32h7xx_hal_rcc_ex.o
                0x0000000008108740                HAL_RCCEx_GetPLL3ClockFreq
 .text.HAL_RCCEx_GetPLL1ClockFreq
                0x00000000081089e8      0x2a4 ./Drivers/STM32H7xx_HAL_Driver/Src/stm32h7xx_hal_rcc_ex.o
                0x00000000081089e8                HAL_RCCEx_GetPLL1ClockFreq
 .text.RCCEx_PLL2_Config
                0x0000000008108c8c      0x164 ./Drivers/STM32H7xx_HAL_Driver/Src/stm32h7xx_hal_rcc_ex.o
 .text.RCCEx_PLL3_Config
                0x0000000008108df0      0x164 ./Drivers/STM32H7xx_HAL_Driver/Src/stm32h7xx_hal_rcc_ex.o
 .text.HAL_SAI_Init
                0x0000000008108f54      0x554 ./Drivers/STM32H7xx_HAL_Driver/Src/stm32h7xx_hal_sai.o
                0x0000000008108f54                HAL_SAI_Init
 .text.HAL_SAI_Receive_DMA
                0x00000000081094a8      0x128 ./Drivers/STM32H7xx_HAL_Driver/Src/stm32h7xx_hal_sai.o
                0x00000000081094a8                HAL_SAI_Receive_DMA
 .text.HAL_SAI_RxHalfCpltCallback
                0x00000000081095d0       0x14 ./Drivers/STM32H7xx_HAL_Driver/Src/stm32h7xx_hal_sai.o
                0x00000000081095d0                HAL_SAI_RxHalfCpltCallback
 .text.HAL_SAI_ErrorCallback
                0x00000000081095e4       0x14 ./Drivers/STM32H7xx_HAL_Driver/Src/stm32h7xx_hal_sai.o
                0x00000000081095e4                HAL_SAI_ErrorCallback
 .text.SAI_InterruptFlag
                0x00000000081095f8       0x6e ./Drivers/STM32H7xx_HAL_Driver/Src/stm32h7xx_hal_sai.o
 *fill*         0x0000000008109666        0x2 
 .text.SAI_Disable
                0x0000000008109668       0x74 ./Drivers/STM32H7xx_HAL_Driver/Src/stm32h7xx_hal_sai.o
 .text.SAI_DMARxCplt
                0x00000000081096dc       0x60 ./Drivers/STM32H7xx_HAL_Driver/Src/stm32h7xx_hal_sai.o
 .text.SAI_DMARxHalfCplt
                0x000000000810973c       0x1c ./Drivers/STM32H7xx_HAL_Driver/Src/stm32h7xx_hal_sai.o
 .text.SAI_DMAError
                0x0000000008109758       0x5e ./Drivers/STM32H7xx_HAL_Driver/Src/stm32h7xx_hal_sai.o
 *fill*         0x00000000081097b6        0x2 
 .text.HAL_SDRAM_Init
                0x00000000081097b8       0x78 ./Drivers/STM32H7xx_HAL_Driver/Src/stm32h7xx_hal_sdram.o
                0x00000000081097b8                HAL_SDRAM_Init
 .text.HAL_UART_Init
                0x0000000008109830       0xa0 ./Drivers/STM32H7xx_HAL_Driver/Src/stm32h7xx_hal_uart.o
                0x0000000008109830                HAL_UART_Init
 .text.UART_SetConfig
                0x00000000081098d0      0xad0 ./Drivers/STM32H7xx_HAL_Driver/Src/stm32h7xx_hal_uart.o
                0x00000000081098d0                UART_SetConfig
 .text.UART_AdvFeatureConfig
                0x000000000810a3a0      0x144 ./Drivers/STM32H7xx_HAL_Driver/Src/stm32h7xx_hal_uart.o
                0x000000000810a3a0                UART_AdvFeatureConfig
 .text.UART_CheckIdleState
                0x000000000810a4e4      0x154 ./Drivers/STM32H7xx_HAL_Driver/Src/stm32h7xx_hal_uart.o
                0x000000000810a4e4                UART_CheckIdleState
 .text.UART_WaitOnFlagUntilTimeout
                0x000000000810a638       0xce ./Drivers/STM32H7xx_HAL_Driver/Src/stm32h7xx_hal_uart.o
                0x000000000810a638                UART_WaitOnFlagUntilTimeout
 .text.UART_EndRxTransfer
                0x000000000810a706       0xcc ./Drivers/STM32H7xx_HAL_Driver/Src/stm32h7xx_hal_uart.o
 .text.HAL_UARTEx_DisableFifoMode
                0x000000000810a7d2       0x72 ./Drivers/STM32H7xx_HAL_Driver/Src/stm32h7xx_hal_uart_ex.o
                0x000000000810a7d2                HAL_UARTEx_DisableFifoMode
 .text.HAL_UARTEx_SetTxFifoThreshold
                0x000000000810a844       0x7c ./Drivers/STM32H7xx_HAL_Driver/Src/stm32h7xx_hal_uart_ex.o
                0x000000000810a844                HAL_UARTEx_SetTxFifoThreshold
 .text.HAL_UARTEx_SetRxFifoThreshold
                0x000000000810a8c0       0x7c ./Drivers/STM32H7xx_HAL_Driver/Src/stm32h7xx_hal_uart_ex.o
                0x000000000810a8c0                HAL_UARTEx_SetRxFifoThreshold
 .text.UARTEx_SetNbDataToProcess
                0x000000000810a93c       0x9c ./Drivers/STM32H7xx_HAL_Driver/Src/stm32h7xx_hal_uart_ex.o
 .text.FMC_SDRAM_Init
                0x000000000810a9d8       0xba ./Drivers/STM32H7xx_HAL_Driver/Src/stm32h7xx_ll_fmc.o
                0x000000000810a9d8                FMC_SDRAM_Init
 .text.FMC_SDRAM_Timing_Init
                0x000000000810aa92       0xd2 ./Drivers/STM32H7xx_HAL_Driver/Src/stm32h7xx_ll_fmc.o
                0x000000000810aa92                FMC_SDRAM_Timing_Init
 .text.USB_CoreInit
                0x000000000810ab64       0xdc ./Drivers/STM32H7xx_HAL_Driver/Src/stm32h7xx_ll_usb.o
                0x000000000810ab64                USB_CoreInit
 .text.USB_DisableGlobalInt
                0x000000000810ac40       0x22 ./Drivers/STM32H7xx_HAL_Driver/Src/stm32h7xx_ll_usb.o
                0x000000000810ac40                USB_DisableGlobalInt
 .text.USB_SetCurrentMode
                0x000000000810ac62       0x98 ./Drivers/STM32H7xx_HAL_Driver/Src/stm32h7xx_ll_usb.o
                0x000000000810ac62                USB_SetCurrentMode
 *fill*         0x000000000810acfa        0x2 
 .text.USB_DevInit
                0x000000000810acfc      0x2bc ./Drivers/STM32H7xx_HAL_Driver/Src/stm32h7xx_ll_usb.o
                0x000000000810acfc                USB_DevInit
 .text.USB_FlushTxFifo
                0x000000000810afb8       0x68 ./Drivers/STM32H7xx_HAL_Driver/Src/stm32h7xx_ll_usb.o
                0x000000000810afb8                USB_FlushTxFifo
 .text.USB_FlushRxFifo
                0x000000000810b020       0x60 ./Drivers/STM32H7xx_HAL_Driver/Src/stm32h7xx_ll_usb.o
                0x000000000810b020                USB_FlushRxFifo
 .text.USB_SetDevSpeed
                0x000000000810b080       0x32 ./Drivers/STM32H7xx_HAL_Driver/Src/stm32h7xx_ll_usb.o
                0x000000000810b080                USB_SetDevSpeed
 .text.USB_DevDisconnect
                0x000000000810b0b2       0x42 ./Drivers/STM32H7xx_HAL_Driver/Src/stm32h7xx_ll_usb.o
                0x000000000810b0b2                USB_DevDisconnect
 .text.USB_GetMode
                0x000000000810b0f4       0x1c ./Drivers/STM32H7xx_HAL_Driver/Src/stm32h7xx_ll_usb.o
                0x000000000810b0f4                USB_GetMode
 .text.USB_CoreReset
                0x000000000810b110       0x68 ./Drivers/STM32H7xx_HAL_Driver/Src/stm32h7xx_ll_usb.o
 .text.memset   0x000000000810b178       0x10 C:/ST/STM32CubeIDE_1.13.2/STM32CubeIDE/plugins/com.st.stm32cube.ide.mcu.externaltools.gnu-tools-for-stm32.11.3.rel1.win32_1.1.100.202309141235/tools/bin/../lib/gcc/arm-none-eabi/11.3.1/../../../../arm-none-eabi/lib/thumb/v7e-m+fp/hard\libc_nano.a(libc_a-memset.o)
                0x000000000810b178                memset
 .text.__libc_init_array
                0x000000000810b188       0x48 C:/ST/STM32CubeIDE_1.13.2/STM32CubeIDE/plugins/com.st.stm32cube.ide.mcu.externaltools.gnu-tools-for-stm32.11.3.rel1.win32_1.1.100.202309141235/tools/bin/../lib/gcc/arm-none-eabi/11.3.1/../../../../arm-none-eabi/lib/thumb/v7e-m+fp/hard\libc_nano.a(libc_a-init.o)
                0x000000000810b188                __libc_init_array
 .text.memcpy   0x000000000810b1d0       0x1c C:/ST/STM32CubeIDE_1.13.2/STM32CubeIDE/plugins/com.st.stm32cube.ide.mcu.externaltools.gnu-tools-for-stm32.11.3.rel1.win32_1.1.100.202309141235/tools/bin/../lib/gcc/arm-none-eabi/11.3.1/../../../../arm-none-eabi/lib/thumb/v7e-m+fp/hard\libc_nano.a(libc_a-memcpy-stub.o)
                0x000000000810b1d0                memcpy
 *(.glue_7)
 .glue_7        0x000000000810b1ec        0x0 linker stubs
 *(.glue_7t)
 .glue_7t       0x000000000810b1ec        0x0 linker stubs
 *(.eh_frame)
 .eh_frame      0x000000000810b1ec        0x0 C:/ST/STM32CubeIDE_1.13.2/STM32CubeIDE/plugins/com.st.stm32cube.ide.mcu.externaltools.gnu-tools-for-stm32.11.3.rel1.win32_1.1.100.202309141235/tools/bin/../lib/gcc/arm-none-eabi/11.3.1/thumb/v7e-m+fp/hard/crtbegin.o
 *(.init)
 .init          0x000000000810b1ec        0x4 C:/ST/STM32CubeIDE_1.13.2/STM32CubeIDE/plugins/com.st.stm32cube.ide.mcu.externaltools.gnu-tools-for-stm32.11.3.rel1.win32_1.1.100.202309141235/tools/bin/../lib/gcc/arm-none-eabi/11.3.1/thumb/v7e-m+fp/hard/crti.o
                0x000000000810b1ec                _init
 .init          0x000000000810b1f0        0x8 C:/ST/STM32CubeIDE_1.13.2/STM32CubeIDE/plugins/com.st.stm32cube.ide.mcu.externaltools.gnu-tools-for-stm32.11.3.rel1.win32_1.1.100.202309141235/tools/bin/../lib/gcc/arm-none-eabi/11.3.1/thumb/v7e-m+fp/hard/crtn.o
 *(.fini)
 .fini          0x000000000810b1f8        0x4 C:/ST/STM32CubeIDE_1.13.2/STM32CubeIDE/plugins/com.st.stm32cube.ide.mcu.externaltools.gnu-tools-for-stm32.11.3.rel1.win32_1.1.100.202309141235/tools/bin/../lib/gcc/arm-none-eabi/11.3.1/thumb/v7e-m+fp/hard/crti.o
                0x000000000810b1f8                _fini
 .fini          0x000000000810b1fc        0x8 C:/ST/STM32CubeIDE_1.13.2/STM32CubeIDE/plugins/com.st.stm32cube.ide.mcu.externaltools.gnu-tools-for-stm32.11.3.rel1.win32_1.1.100.202309141235/tools/bin/../lib/gcc/arm-none-eabi/11.3.1/thumb/v7e-m+fp/hard/crtn.o
                0x000000000810b204                . = ALIGN (0x4)
                0x000000000810b204                _etext = .

.vfp11_veneer   0x000000000810b204        0x0
 .vfp11_veneer  0x000000000810b204        0x0 linker stubs

.v4_bx          0x000000000810b204        0x0
 .v4_bx         0x000000000810b204        0x0 linker stubs

.iplt           0x000000000810b204        0x0
 .iplt          0x000000000810b204        0x0 C:/ST/STM32CubeIDE_1.13.2/STM32CubeIDE/plugins/com.st.stm32cube.ide.mcu.externaltools.gnu-tools-for-stm32.11.3.rel1.win32_1.1.100.202309141235/tools/bin/../lib/gcc/arm-none-eabi/11.3.1/thumb/v7e-m+fp/hard/crtbegin.o

.rodata         0x000000000810b204       0x8c
                0x000000000810b204                . = ALIGN (0x4)
 *(.rodata)
 .rodata        0x000000000810b204       0x4c ./Drivers/STM32H7xx_HAL_Driver/Src/stm32h7xx_hal_fdcan.o
 *(.rodata*)
 .rodata.D1CorePrescTable
                0x000000000810b250       0x10 ./Common/Src/system_stm32h7xx_dualcore_boot_cm4_cm7.o
                0x000000000810b250                D1CorePrescTable
 .rodata.flagBitshiftOffset.0
                0x000000000810b260        0x8 ./Drivers/STM32H7xx_HAL_Driver/Src/stm32h7xx_hal_dma.o
 .rodata.UARTPrescTable
                0x000000000810b268       0x18 ./Drivers/STM32H7xx_HAL_Driver/Src/stm32h7xx_hal_uart.o
                0x000000000810b268                UARTPrescTable
 .rodata.numerator.1
                0x000000000810b280        0x8 ./Drivers/STM32H7xx_HAL_Driver/Src/stm32h7xx_hal_uart_ex.o
 .rodata.denominator.0
                0x000000000810b288        0x8 ./Drivers/STM32H7xx_HAL_Driver/Src/stm32h7xx_hal_uart_ex.o
                0x000000000810b290                . = ALIGN (0x4)

.ARM.extab
 *(.ARM.extab* .gnu.linkonce.armextab.*)

.ARM            0x000000000810b290        0x8
                0x000000000810b290                __exidx_start = .
 *(.ARM.exidx*)
 .ARM.exidx     0x000000000810b290        0x8 C:/ST/STM32CubeIDE_1.13.2/STM32CubeIDE/plugins/com.st.stm32cube.ide.mcu.externaltools.gnu-tools-for-stm32.11.3.rel1.win32_1.1.100.202309141235/tools/bin/../lib/gcc/arm-none-eabi/11.3.1/thumb/v7e-m+fp/hard\libgcc.a(_udivmoddi4.o)
                0x000000000810b298                __exidx_end = .

.rel.dyn        0x000000000810b298        0x0
 .rel.iplt      0x000000000810b298        0x0 C:/ST/STM32CubeIDE_1.13.2/STM32CubeIDE/plugins/com.st.stm32cube.ide.mcu.externaltools.gnu-tools-for-stm32.11.3.rel1.win32_1.1.100.202309141235/tools/bin/../lib/gcc/arm-none-eabi/11.3.1/thumb/v7e-m+fp/hard/crtbegin.o

.preinit_array  0x000000000810b298        0x0
                0x000000000810b298                PROVIDE (__preinit_array_start = .)
 *(.preinit_array*)
                0x000000000810b298                PROVIDE (__preinit_array_end = .)

.init_array     0x000000000810b298        0x4
                0x000000000810b298                PROVIDE (__init_array_start = .)
 *(SORT_BY_NAME(.init_array.*))
 *(.init_array*)
 .init_array    0x000000000810b298        0x4 C:/ST/STM32CubeIDE_1.13.2/STM32CubeIDE/plugins/com.st.stm32cube.ide.mcu.externaltools.gnu-tools-for-stm32.11.3.rel1.win32_1.1.100.202309141235/tools/bin/../lib/gcc/arm-none-eabi/11.3.1/thumb/v7e-m+fp/hard/crtbegin.o
                0x000000000810b29c                PROVIDE (__init_array_end = .)

.fini_array     0x000000000810b29c        0x4
                [!provide]                        PROVIDE (__fini_array_start = .)
 *(SORT_BY_NAME(.fini_array.*))
 *(.fini_array*)
 .fini_array    0x000000000810b29c        0x4 C:/ST/STM32CubeIDE_1.13.2/STM32CubeIDE/plugins/com.st.stm32cube.ide.mcu.externaltools.gnu-tools-for-stm32.11.3.rel1.win32_1.1.100.202309141235/tools/bin/../lib/gcc/arm-none-eabi/11.3.1/thumb/v7e-m+fp/hard/crtbegin.o
                [!provide]                        PROVIDE (__fini_array_end = .)
                0x000000000810b2a0                _sidata = LOADADDR (.data)

.data           0x0000000010000000       0x10 load address 0x000000000810b2a0
                0x0000000010000000                . = ALIGN (0x4)
                0x0000000010000000                _sdata = .
 *(.data)
 *(.data*)
 .data.SystemCoreClock
                0x0000000010000000        0x4 ./Common/Src/system_stm32h7xx_dualcore_boot_cm4_cm7.o
                0x0000000010000000                SystemCoreClock
 .data.SystemD2Clock
                0x0000000010000004        0x4 ./Common/Src/system_stm32h7xx_dualcore_boot_cm4_cm7.o
                0x0000000010000004                SystemD2Clock
 .data.uwTickPrio
                0x0000000010000008        0x4 ./Drivers/STM32H7xx_HAL_Driver/Src/stm32h7xx_hal.o
                0x0000000010000008                uwTickPrio
 .data.uwTickFreq
                0x000000001000000c        0x1 ./Drivers/STM32H7xx_HAL_Driver/Src/stm32h7xx_hal.o
                0x000000001000000c                uwTickFreq
 *(.RamFunc)
 *(.RamFunc*)
                0x0000000010000010                . = ALIGN (0x4)
 *fill*         0x000000001000000d        0x3 
                0x0000000010000010                _edata = .

.igot.plt       0x0000000010000010        0x0 load address 0x000000000810b2b0
 .igot.plt      0x0000000010000010        0x0 C:/ST/STM32CubeIDE_1.13.2/STM32CubeIDE/plugins/com.st.stm32cube.ide.mcu.externaltools.gnu-tools-for-stm32.11.3.rel1.win32_1.1.100.202309141235/tools/bin/../lib/gcc/arm-none-eabi/11.3.1/thumb/v7e-m+fp/hard/crtbegin.o

.RxDecripSection
                0x0000000010000010       0x60 load address 0x000000000810b2b0
 .RxDecripSection
                0x0000000010000010       0x60 ./Core/Src/eth.o
                0x0000000010000010                DMARxDscrTab

.TxDecripSection
                0x0000000010000070       0x60 load address 0x000000000810b310
 .TxDecripSection
                0x0000000010000070       0x60 ./Core/Src/eth.o
                0x0000000010000070                DMATxDscrTab
                0x00000000100000d0                . = ALIGN (0x4)

.bss            0x00000000100000d0      0xbd0 load address 0x000000000810b370
                0x00000000100000d0                _sbss = .
                0x00000000100000d0                __bss_start__ = _sbss
 *(.bss)
 .bss           0x00000000100000d0       0x1c C:/ST/STM32CubeIDE_1.13.2/STM32CubeIDE/plugins/com.st.stm32cube.ide.mcu.externaltools.gnu-tools-for-stm32.11.3.rel1.win32_1.1.100.202309141235/tools/bin/../lib/gcc/arm-none-eabi/11.3.1/thumb/v7e-m+fp/hard/crtbegin.o
 *(.bss*)
 .bss.TxConfig  0x00000000100000ec       0x38 ./Core/Src/eth.o
                0x00000000100000ec                TxConfig
 .bss.heth      0x0000000010000124       0xb0 ./Core/Src/eth.o
                0x0000000010000124                heth
 .bss.MACAddr.0
                0x00000000100001d4        0x6 ./Core/Src/eth.o
 *fill*         0x00000000100001da        0x2 
 .bss.hfdcan1   0x00000000100001dc       0xa0 ./Core/Src/fdcan.o
                0x00000000100001dc                hfdcan1
 .bss.hfdcan2   0x000000001000027c       0xa0 ./Core/Src/fdcan.o
                0x000000001000027c                hfdcan2
 .bss.HAL_RCC_FDCAN_CLK_ENABLED
                0x000000001000031c        0x4 ./Core/Src/fdcan.o
 .bss.hsdram1   0x0000000010000320       0x34 ./Core/Src/fmc.o
                0x0000000010000320                hsdram1
 .bss.FMC_Initialized
                0x0000000010000354        0x4 ./Core/Src/fmc.o
 .bss.hltdc     0x0000000010000358       0xa8 ./Core/Src/ltdc.o
                0x0000000010000358                hltdc
 .bss.data_sai  0x0000000010000400       0x64 ./Core/Src/main.o
                0x0000000010000400                data_sai
 .bss.sample_sai
                0x0000000010000464        0x1 ./Core/Src/main.o
                0x0000000010000464                sample_sai
 *fill*         0x0000000010000465        0x3 
 .bss.hqspi     0x0000000010000468       0x4c ./Core/Src/quadspi.o
                0x0000000010000468                hqspi
 .bss.hsai_BlockA2
                0x00000000100004b4       0x98 ./Core/Src/sai.o
                0x00000000100004b4                hsai_BlockA2
 .bss.hsai_BlockB2
                0x000000001000054c       0x98 ./Core/Src/sai.o
                0x000000001000054c                hsai_BlockB2
 .bss.hsai_BlockA4
                0x00000000100005e4       0x98 ./Core/Src/sai.o
                0x00000000100005e4                hsai_BlockA4
 .bss.hdma_sai4_a
                0x000000001000067c       0x78 ./Core/Src/sai.o
                0x000000001000067c                hdma_sai4_a
 .bss.SAI2_client
                0x00000000100006f4        0x4 ./Core/Src/sai.o
 .bss.SAI4_client
                0x00000000100006f8        0x4 ./Core/Src/sai.o
 .bss.huart3    0x00000000100006fc       0x94 ./Core/Src/usart.o
                0x00000000100006fc                huart3
 .bss.hpcd_USB_OTG_FS
                0x0000000010000790      0x50c ./Core/Src/usb_otg.o
                0x0000000010000790                hpcd_USB_OTG_FS
 .bss.uwTick    0x0000000010000c9c        0x4 ./Drivers/STM32H7xx_HAL_Driver/Src/stm32h7xx_hal.o
                0x0000000010000c9c                uwTick
 *(COMMON)
                0x0000000010000ca0                . = ALIGN (0x4)
                0x0000000010000ca0                _ebss = .
                0x0000000010000ca0                __bss_end__ = _ebss

._user_heap_stack
                0x0000000010000ca0      0x600 load address 0x000000000810b370
                0x0000000010000ca0                . = ALIGN (0x8)
                [!provide]                        PROVIDE (end = .)
                0x0000000010000ca0                PROVIDE (_end = .)
                0x0000000010000ea0                . = (. + _Min_Heap_Size)
 *fill*         0x0000000010000ca0      0x200 
                0x00000000100012a0                . = (. + _Min_Stack_Size)
 *fill*         0x0000000010000ea0      0x400 
                0x00000000100012a0                . = ALIGN (0x8)

/DISCARD/
 libc.a(*)
 libm.a(*)
 libgcc.a(*)

.ARM.attributes
                0x0000000000000000       0x30
 *(.ARM.attributes)
 .ARM.attributes
                0x0000000000000000       0x1e C:/ST/STM32CubeIDE_1.13.2/STM32CubeIDE/plugins/com.st.stm32cube.ide.mcu.externaltools.gnu-tools-for-stm32.11.3.rel1.win32_1.1.100.202309141235/tools/bin/../lib/gcc/arm-none-eabi/11.3.1/thumb/v7e-m+fp/hard/crti.o
 .ARM.attributes
                0x000000000000001e       0x34 C:/ST/STM32CubeIDE_1.13.2/STM32CubeIDE/plugins/com.st.stm32cube.ide.mcu.externaltools.gnu-tools-for-stm32.11.3.rel1.win32_1.1.100.202309141235/tools/bin/../lib/gcc/arm-none-eabi/11.3.1/thumb/v7e-m+fp/hard/crtbegin.o
 .ARM.attributes
                0x0000000000000052       0x34 ./Common/Src/system_stm32h7xx_dualcore_boot_cm4_cm7.o
 .ARM.attributes
                0x0000000000000086       0x34 ./Core/Src/bdma.o
 .ARM.attributes
                0x00000000000000ba       0x34 ./Core/Src/eth.o
 .ARM.attributes
                0x00000000000000ee       0x34 ./Core/Src/fdcan.o
 .ARM.attributes
                0x0000000000000122       0x34 ./Core/Src/fmc.o
 .ARM.attributes
                0x0000000000000156       0x34 ./Core/Src/gpio.o
 .ARM.attributes
                0x000000000000018a       0x34 ./Core/Src/ltdc.o
 .ARM.attributes
                0x00000000000001be       0x34 ./Core/Src/main.o
 .ARM.attributes
                0x00000000000001f2       0x34 ./Core/Src/quadspi.o
 .ARM.attributes
                0x0000000000000226       0x34 ./Core/Src/sai.o
 .ARM.attributes
                0x000000000000025a       0x34 ./Core/Src/stm32h7xx_hal_msp.o
 .ARM.attributes
                0x000000000000028e       0x34 ./Core/Src/stm32h7xx_it.o
 .ARM.attributes
                0x00000000000002c2       0x34 ./Core/Src/usart.o
 .ARM.attributes
                0x00000000000002f6       0x34 ./Core/Src/usb_otg.o
 .ARM.attributes
                0x000000000000032a       0x21 ./Core/Startup/startup_stm32h745xihx.o
 .ARM.attributes
                0x000000000000034b       0x34 ./Drivers/STM32H7xx_HAL_Driver/Src/stm32h7xx_hal.o
 .ARM.attributes
                0x000000000000037f       0x34 ./Drivers/STM32H7xx_HAL_Driver/Src/stm32h7xx_hal_cortex.o
 .ARM.attributes
                0x00000000000003b3       0x34 ./Drivers/STM32H7xx_HAL_Driver/Src/stm32h7xx_hal_dma.o
 .ARM.attributes
                0x00000000000003e7       0x34 ./Drivers/STM32H7xx_HAL_Driver/Src/stm32h7xx_hal_eth.o
 .ARM.attributes
                0x000000000000041b       0x34 ./Drivers/STM32H7xx_HAL_Driver/Src/stm32h7xx_hal_fdcan.o
 .ARM.attributes
                0x000000000000044f       0x34 ./Drivers/STM32H7xx_HAL_Driver/Src/stm32h7xx_hal_gpio.o
 .ARM.attributes
                0x0000000000000483       0x34 ./Drivers/STM32H7xx_HAL_Driver/Src/stm32h7xx_hal_hsem.o
 .ARM.attributes
                0x00000000000004b7       0x34 ./Drivers/STM32H7xx_HAL_Driver/Src/stm32h7xx_hal_ltdc.o
 .ARM.attributes
                0x00000000000004eb       0x34 ./Drivers/STM32H7xx_HAL_Driver/Src/stm32h7xx_hal_pcd.o
 .ARM.attributes
                0x000000000000051f       0x34 ./Drivers/STM32H7xx_HAL_Driver/Src/stm32h7xx_hal_pcd_ex.o
 .ARM.attributes
                0x0000000000000553       0x34 ./Drivers/STM32H7xx_HAL_Driver/Src/stm32h7xx_hal_pwr_ex.o
 .ARM.attributes
                0x0000000000000587       0x34 ./Drivers/STM32H7xx_HAL_Driver/Src/stm32h7xx_hal_qspi.o
 .ARM.attributes
                0x00000000000005bb       0x34 ./Drivers/STM32H7xx_HAL_Driver/Src/stm32h7xx_hal_rcc.o
 .ARM.attributes
                0x00000000000005ef       0x34 ./Drivers/STM32H7xx_HAL_Driver/Src/stm32h7xx_hal_rcc_ex.o
 .ARM.attributes
                0x0000000000000623       0x34 ./Drivers/STM32H7xx_HAL_Driver/Src/stm32h7xx_hal_sai.o
 .ARM.attributes
                0x0000000000000657       0x34 ./Drivers/STM32H7xx_HAL_Driver/Src/stm32h7xx_hal_sdram.o
 .ARM.attributes
                0x000000000000068b       0x34 ./Drivers/STM32H7xx_HAL_Driver/Src/stm32h7xx_hal_uart.o
 .ARM.attributes
                0x00000000000006bf       0x34 ./Drivers/STM32H7xx_HAL_Driver/Src/stm32h7xx_hal_uart_ex.o
 .ARM.attributes
                0x00000000000006f3       0x34 ./Drivers/STM32H7xx_HAL_Driver/Src/stm32h7xx_ll_fmc.o
 .ARM.attributes
                0x0000000000000727       0x34 ./Drivers/STM32H7xx_HAL_Driver/Src/stm32h7xx_ll_usb.o
 .ARM.attributes
                0x000000000000075b       0x34 C:/ST/STM32CubeIDE_1.13.2/STM32CubeIDE/plugins/com.st.stm32cube.ide.mcu.externaltools.gnu-tools-for-stm32.11.3.rel1.win32_1.1.100.202309141235/tools/bin/../lib/gcc/arm-none-eabi/11.3.1/../../../../arm-none-eabi/lib/thumb/v7e-m+fp/hard\libc_nano.a(libc_a-memset.o)
 .ARM.attributes
                0x000000000000078f       0x34 C:/ST/STM32CubeIDE_1.13.2/STM32CubeIDE/plugins/com.st.stm32cube.ide.mcu.externaltools.gnu-tools-for-stm32.11.3.rel1.win32_1.1.100.202309141235/tools/bin/../lib/gcc/arm-none-eabi/11.3.1/../../../../arm-none-eabi/lib/thumb/v7e-m+fp/hard\libc_nano.a(libc_a-init.o)
 .ARM.attributes
                0x00000000000007c3       0x34 C:/ST/STM32CubeIDE_1.13.2/STM32CubeIDE/plugins/com.st.stm32cube.ide.mcu.externaltools.gnu-tools-for-stm32.11.3.rel1.win32_1.1.100.202309141235/tools/bin/../lib/gcc/arm-none-eabi/11.3.1/../../../../arm-none-eabi/lib/thumb/v7e-m+fp/hard\libc_nano.a(libc_a-memcpy-stub.o)
 .ARM.attributes
                0x00000000000007f7       0x1e C:/ST/STM32CubeIDE_1.13.2/STM32CubeIDE/plugins/com.st.stm32cube.ide.mcu.externaltools.gnu-tools-for-stm32.11.3.rel1.win32_1.1.100.202309141235/tools/bin/../lib/gcc/arm-none-eabi/11.3.1/thumb/v7e-m+fp/hard\libgcc.a(_aeabi_uldivmod.o)
 .ARM.attributes
                0x0000000000000815       0x34 C:/ST/STM32CubeIDE_1.13.2/STM32CubeIDE/plugins/com.st.stm32cube.ide.mcu.externaltools.gnu-tools-for-stm32.11.3.rel1.win32_1.1.100.202309141235/tools/bin/../lib/gcc/arm-none-eabi/11.3.1/thumb/v7e-m+fp/hard\libgcc.a(_udivmoddi4.o)
 .ARM.attributes
                0x0000000000000849       0x1e C:/ST/STM32CubeIDE_1.13.2/STM32CubeIDE/plugins/com.st.stm32cube.ide.mcu.externaltools.gnu-tools-for-stm32.11.3.rel1.win32_1.1.100.202309141235/tools/bin/../lib/gcc/arm-none-eabi/11.3.1/thumb/v7e-m+fp/hard\libgcc.a(_dvmd_tls.o)
 .ARM.attributes
                0x0000000000000867       0x1e C:/ST/STM32CubeIDE_1.13.2/STM32CubeIDE/plugins/com.st.stm32cube.ide.mcu.externaltools.gnu-tools-for-stm32.11.3.rel1.win32_1.1.100.202309141235/tools/bin/../lib/gcc/arm-none-eabi/11.3.1/thumb/v7e-m+fp/hard/crtn.o
OUTPUT(SetUpMEMS_CM4.elf elf32-littlearm)
LOAD linker stubs
LOAD C:/ST/STM32CubeIDE_1.13.2/STM32CubeIDE/plugins/com.st.stm32cube.ide.mcu.externaltools.gnu-tools-for-stm32.11.3.rel1.win32_1.1.100.202309141235/tools/bin/../lib/gcc/arm-none-eabi/11.3.1/../../../../arm-none-eabi/lib/thumb/v7e-m+fp/hard\libc.a
LOAD C:/ST/STM32CubeIDE_1.13.2/STM32CubeIDE/plugins/com.st.stm32cube.ide.mcu.externaltools.gnu-tools-for-stm32.11.3.rel1.win32_1.1.100.202309141235/tools/bin/../lib/gcc/arm-none-eabi/11.3.1/../../../../arm-none-eabi/lib/thumb/v7e-m+fp/hard\libm.a
LOAD C:/ST/STM32CubeIDE_1.13.2/STM32CubeIDE/plugins/com.st.stm32cube.ide.mcu.externaltools.gnu-tools-for-stm32.11.3.rel1.win32_1.1.100.202309141235/tools/bin/../lib/gcc/arm-none-eabi/11.3.1/thumb/v7e-m+fp/hard\libgcc.a

.comment        0x0000000000000000       0x43
 .comment       0x0000000000000000       0x43 C:/ST/STM32CubeIDE_1.13.2/STM32CubeIDE/plugins/com.st.stm32cube.ide.mcu.externaltools.gnu-tools-for-stm32.11.3.rel1.win32_1.1.100.202309141235/tools/bin/../lib/gcc/arm-none-eabi/11.3.1/thumb/v7e-m+fp/hard/crtbegin.o
                                         0x44 (size before relaxing)
 .comment       0x0000000000000043       0x44 ./Common/Src/system_stm32h7xx_dualcore_boot_cm4_cm7.o
 .comment       0x0000000000000043       0x44 ./Core/Src/bdma.o
 .comment       0x0000000000000043       0x44 ./Core/Src/eth.o
 .comment       0x0000000000000043       0x44 ./Core/Src/fdcan.o
 .comment       0x0000000000000043       0x44 ./Core/Src/fmc.o
 .comment       0x0000000000000043       0x44 ./Core/Src/gpio.o
 .comment       0x0000000000000043       0x44 ./Core/Src/ltdc.o
 .comment       0x0000000000000043       0x44 ./Core/Src/main.o
 .comment       0x0000000000000043       0x44 ./Core/Src/quadspi.o
 .comment       0x0000000000000043       0x44 ./Core/Src/sai.o
 .comment       0x0000000000000043       0x44 ./Core/Src/stm32h7xx_hal_msp.o
 .comment       0x0000000000000043       0x44 ./Core/Src/stm32h7xx_it.o
 .comment       0x0000000000000043       0x44 ./Core/Src/usart.o
 .comment       0x0000000000000043       0x44 ./Core/Src/usb_otg.o
 .comment       0x0000000000000043       0x44 ./Drivers/STM32H7xx_HAL_Driver/Src/stm32h7xx_hal.o
 .comment       0x0000000000000043       0x44 ./Drivers/STM32H7xx_HAL_Driver/Src/stm32h7xx_hal_cortex.o
 .comment       0x0000000000000043       0x44 ./Drivers/STM32H7xx_HAL_Driver/Src/stm32h7xx_hal_dma.o
 .comment       0x0000000000000043       0x44 ./Drivers/STM32H7xx_HAL_Driver/Src/stm32h7xx_hal_eth.o
 .comment       0x0000000000000043       0x44 ./Drivers/STM32H7xx_HAL_Driver/Src/stm32h7xx_hal_fdcan.o
 .comment       0x0000000000000043       0x44 ./Drivers/STM32H7xx_HAL_Driver/Src/stm32h7xx_hal_gpio.o
 .comment       0x0000000000000043       0x44 ./Drivers/STM32H7xx_HAL_Driver/Src/stm32h7xx_hal_hsem.o
 .comment       0x0000000000000043       0x44 ./Drivers/STM32H7xx_HAL_Driver/Src/stm32h7xx_hal_ltdc.o
 .comment       0x0000000000000043       0x44 ./Drivers/STM32H7xx_HAL_Driver/Src/stm32h7xx_hal_pcd.o
 .comment       0x0000000000000043       0x44 ./Drivers/STM32H7xx_HAL_Driver/Src/stm32h7xx_hal_pcd_ex.o
 .comment       0x0000000000000043       0x44 ./Drivers/STM32H7xx_HAL_Driver/Src/stm32h7xx_hal_pwr_ex.o
 .comment       0x0000000000000043       0x44 ./Drivers/STM32H7xx_HAL_Driver/Src/stm32h7xx_hal_qspi.o
 .comment       0x0000000000000043       0x44 ./Drivers/STM32H7xx_HAL_Driver/Src/stm32h7xx_hal_rcc.o
 .comment       0x0000000000000043       0x44 ./Drivers/STM32H7xx_HAL_Driver/Src/stm32h7xx_hal_rcc_ex.o
 .comment       0x0000000000000043       0x44 ./Drivers/STM32H7xx_HAL_Driver/Src/stm32h7xx_hal_sai.o
 .comment       0x0000000000000043       0x44 ./Drivers/STM32H7xx_HAL_Driver/Src/stm32h7xx_hal_sdram.o
 .comment       0x0000000000000043       0x44 ./Drivers/STM32H7xx_HAL_Driver/Src/stm32h7xx_hal_uart.o
 .comment       0x0000000000000043       0x44 ./Drivers/STM32H7xx_HAL_Driver/Src/stm32h7xx_hal_uart_ex.o
 .comment       0x0000000000000043       0x44 ./Drivers/STM32H7xx_HAL_Driver/Src/stm32h7xx_ll_fmc.o
 .comment       0x0000000000000043       0x44 ./Drivers/STM32H7xx_HAL_Driver/Src/stm32h7xx_ll_usb.o

.debug_info     0x0000000000000000    0x26884
 .debug_info    0x0000000000000000      0x761 ./Common/Src/system_stm32h7xx_dualcore_boot_cm4_cm7.o
 .debug_info    0x0000000000000761      0x841 ./Core/Src/bdma.o
 .debug_info    0x0000000000000fa2     0x17a1 ./Core/Src/eth.o
 .debug_info    0x0000000000002743     0x11bc ./Core/Src/fdcan.o
 .debug_info    0x00000000000038ff      0xffc ./Core/Src/fmc.o
 .debug_info    0x00000000000048fb      0x570 ./Core/Src/gpio.o
 .debug_info    0x0000000000004e6b      0xe33 ./Core/Src/ltdc.o
 .debug_info    0x0000000000005c9e     0x1271 ./Core/Src/main.o
 .debug_info    0x0000000000006f0f     0x102d ./Core/Src/quadspi.o
 .debug_info    0x0000000000007f3c     0x11b5 ./Core/Src/sai.o
 .debug_info    0x00000000000090f1      0x464 ./Core/Src/stm32h7xx_hal_msp.o
 .debug_info    0x0000000000009555      0x449 ./Core/Src/stm32h7xx_it.o
 .debug_info    0x000000000000999e     0x10b0 ./Core/Src/usart.o
 .debug_info    0x000000000000aa4e      0xf21 ./Core/Src/usb_otg.o
 .debug_info    0x000000000000b96f       0x23 ./Core/Startup/startup_stm32h745xihx.o
 .debug_info    0x000000000000b992     0x17b0 ./Drivers/STM32H7xx_HAL_Driver/Src/stm32h7xx_hal.o
 .debug_info    0x000000000000d142      0xedb ./Drivers/STM32H7xx_HAL_Driver/Src/stm32h7xx_hal_cortex.o
 .debug_info    0x000000000000e01d      0xc39 ./Drivers/STM32H7xx_HAL_Driver/Src/stm32h7xx_hal_dma.o
 .debug_info    0x000000000000ec56     0x294f ./Drivers/STM32H7xx_HAL_Driver/Src/stm32h7xx_hal_eth.o
 .debug_info    0x00000000000115a5     0x2b8c ./Drivers/STM32H7xx_HAL_Driver/Src/stm32h7xx_hal_fdcan.o
 .debug_info    0x0000000000014131      0xcf7 ./Drivers/STM32H7xx_HAL_Driver/Src/stm32h7xx_hal_gpio.o
 .debug_info    0x0000000000014e28      0x3d3 ./Drivers/STM32H7xx_HAL_Driver/Src/stm32h7xx_hal_hsem.o
 .debug_info    0x00000000000151fb     0x1038 ./Drivers/STM32H7xx_HAL_Driver/Src/stm32h7xx_hal_ltdc.o
 .debug_info    0x0000000000016233     0x1548 ./Drivers/STM32H7xx_HAL_Driver/Src/stm32h7xx_hal_pcd.o
 .debug_info    0x000000000001777b      0x8b3 ./Drivers/STM32H7xx_HAL_Driver/Src/stm32h7xx_hal_pcd_ex.o
 .debug_info    0x000000000001802e     0x1026 ./Drivers/STM32H7xx_HAL_Driver/Src/stm32h7xx_hal_pwr_ex.o
 .debug_info    0x0000000000019054     0x12ae ./Drivers/STM32H7xx_HAL_Driver/Src/stm32h7xx_hal_qspi.o
 .debug_info    0x000000000001a302      0xe58 ./Drivers/STM32H7xx_HAL_Driver/Src/stm32h7xx_hal_rcc.o
 .debug_info    0x000000000001b15a     0x12f4 ./Drivers/STM32H7xx_HAL_Driver/Src/stm32h7xx_hal_rcc_ex.o
 .debug_info    0x000000000001c44e     0x13cd ./Drivers/STM32H7xx_HAL_Driver/Src/stm32h7xx_hal_sai.o
 .debug_info    0x000000000001d81b     0x104f ./Drivers/STM32H7xx_HAL_Driver/Src/stm32h7xx_hal_sdram.o
 .debug_info    0x000000000001e86a     0x4b13 ./Drivers/STM32H7xx_HAL_Driver/Src/stm32h7xx_hal_uart.o
 .debug_info    0x000000000002337d      0xfb5 ./Drivers/STM32H7xx_HAL_Driver/Src/stm32h7xx_hal_uart_ex.o
 .debug_info    0x0000000000024332      0xba9 ./Drivers/STM32H7xx_HAL_Driver/Src/stm32h7xx_ll_fmc.o
 .debug_info    0x0000000000024edb     0x19a9 ./Drivers/STM32H7xx_HAL_Driver/Src/stm32h7xx_ll_usb.o

.debug_abbrev   0x0000000000000000     0x4c78
 .debug_abbrev  0x0000000000000000      0x138 ./Common/Src/system_stm32h7xx_dualcore_boot_cm4_cm7.o
 .debug_abbrev  0x0000000000000138      0x11e ./Core/Src/bdma.o
 .debug_abbrev  0x0000000000000256      0x24a ./Core/Src/eth.o
 .debug_abbrev  0x00000000000004a0      0x207 ./Core/Src/fdcan.o
 .debug_abbrev  0x00000000000006a7      0x283 ./Core/Src/fmc.o
 .debug_abbrev  0x000000000000092a       0xe8 ./Core/Src/gpio.o
 .debug_abbrev  0x0000000000000a12      0x200 ./Core/Src/ltdc.o
 .debug_abbrev  0x0000000000000c12      0x2de ./Core/Src/main.o
 .debug_abbrev  0x0000000000000ef0      0x21f ./Core/Src/quadspi.o
 .debug_abbrev  0x000000000000110f      0x26a ./Core/Src/sai.o
 .debug_abbrev  0x0000000000001379       0xdb ./Core/Src/stm32h7xx_hal_msp.o
 .debug_abbrev  0x0000000000001454      0x16d ./Core/Src/stm32h7xx_it.o
 .debug_abbrev  0x00000000000015c1      0x241 ./Core/Src/usart.o
 .debug_abbrev  0x0000000000001802      0x252 ./Core/Src/usb_otg.o
 .debug_abbrev  0x0000000000001a54       0x12 ./Core/Startup/startup_stm32h745xihx.o
 .debug_abbrev  0x0000000000001a66      0x29f ./Drivers/STM32H7xx_HAL_Driver/Src/stm32h7xx_hal.o
 .debug_abbrev  0x0000000000001d05      0x337 ./Drivers/STM32H7xx_HAL_Driver/Src/stm32h7xx_hal_cortex.o
 .debug_abbrev  0x000000000000203c      0x248 ./Drivers/STM32H7xx_HAL_Driver/Src/stm32h7xx_hal_dma.o
 .debug_abbrev  0x0000000000002284      0x2d9 ./Drivers/STM32H7xx_HAL_Driver/Src/stm32h7xx_hal_eth.o
 .debug_abbrev  0x000000000000255d      0x288 ./Drivers/STM32H7xx_HAL_Driver/Src/stm32h7xx_hal_fdcan.o
 .debug_abbrev  0x00000000000027e5      0x1fe ./Drivers/STM32H7xx_HAL_Driver/Src/stm32h7xx_hal_gpio.o
 .debug_abbrev  0x00000000000029e3      0x1d3 ./Drivers/STM32H7xx_HAL_Driver/Src/stm32h7xx_hal_hsem.o
 .debug_abbrev  0x0000000000002bb6      0x233 ./Drivers/STM32H7xx_HAL_Driver/Src/stm32h7xx_hal_ltdc.o
 .debug_abbrev  0x0000000000002de9      0x2e6 ./Drivers/STM32H7xx_HAL_Driver/Src/stm32h7xx_hal_pcd.o
 .debug_abbrev  0x00000000000030cf      0x256 ./Drivers/STM32H7xx_HAL_Driver/Src/stm32h7xx_hal_pcd_ex.o
 .debug_abbrev  0x0000000000003325      0x2d6 ./Drivers/STM32H7xx_HAL_Driver/Src/stm32h7xx_hal_pwr_ex.o
 .debug_abbrev  0x00000000000035fb      0x246 ./Drivers/STM32H7xx_HAL_Driver/Src/stm32h7xx_hal_qspi.o
 .debug_abbrev  0x0000000000003841      0x2c8 ./Drivers/STM32H7xx_HAL_Driver/Src/stm32h7xx_hal_rcc.o
 .debug_abbrev  0x0000000000003b09      0x269 ./Drivers/STM32H7xx_HAL_Driver/Src/stm32h7xx_hal_rcc_ex.o
 .debug_abbrev  0x0000000000003d72      0x28b ./Drivers/STM32H7xx_HAL_Driver/Src/stm32h7xx_hal_sai.o
 .debug_abbrev  0x0000000000003ffd      0x21b ./Drivers/STM32H7xx_HAL_Driver/Src/stm32h7xx_hal_sdram.o
 .debug_abbrev  0x0000000000004218      0x33d ./Drivers/STM32H7xx_HAL_Driver/Src/stm32h7xx_hal_uart.o
 .debug_abbrev  0x0000000000004555      0x2d2 ./Drivers/STM32H7xx_HAL_Driver/Src/stm32h7xx_hal_uart_ex.o
 .debug_abbrev  0x0000000000004827      0x1a5 ./Drivers/STM32H7xx_HAL_Driver/Src/stm32h7xx_ll_fmc.o
 .debug_abbrev  0x00000000000049cc      0x2ac ./Drivers/STM32H7xx_HAL_Driver/Src/stm32h7xx_ll_usb.o

.debug_aranges  0x0000000000000000     0x1b80
 .debug_aranges
                0x0000000000000000       0x28 ./Common/Src/system_stm32h7xx_dualcore_boot_cm4_cm7.o
 .debug_aranges
                0x0000000000000028       0x20 ./Core/Src/bdma.o
 .debug_aranges
                0x0000000000000048       0x30 ./Core/Src/eth.o
 .debug_aranges
                0x0000000000000078       0x38 ./Core/Src/fdcan.o
 .debug_aranges
                0x00000000000000b0       0x40 ./Core/Src/fmc.o
 .debug_aranges
                0x00000000000000f0       0x20 ./Core/Src/gpio.o
 .debug_aranges
                0x0000000000000110       0x30 ./Core/Src/ltdc.o
 .debug_aranges
                0x0000000000000140       0x40 ./Core/Src/main.o
 .debug_aranges
                0x0000000000000180       0x30 ./Core/Src/quadspi.o
 .debug_aranges
                0x00000000000001b0       0x38 ./Core/Src/sai.o
 .debug_aranges
                0x00000000000001e8       0x20 ./Core/Src/stm32h7xx_hal_msp.o
 .debug_aranges
                0x0000000000000208       0x68 ./Core/Src/stm32h7xx_it.o
 .debug_aranges
                0x0000000000000270       0x30 ./Core/Src/usart.o
 .debug_aranges
                0x00000000000002a0       0x30 ./Core/Src/usb_otg.o
 .debug_aranges
                0x00000000000002d0       0x28 ./Core/Startup/startup_stm32h745xihx.o
 .debug_aranges
                0x00000000000002f8      0x200 ./Drivers/STM32H7xx_HAL_Driver/Src/stm32h7xx_hal.o
 .debug_aranges
                0x00000000000004f8      0x120 ./Drivers/STM32H7xx_HAL_Driver/Src/stm32h7xx_hal_cortex.o
 .debug_aranges
                0x0000000000000618       0xa0 ./Drivers/STM32H7xx_HAL_Driver/Src/stm32h7xx_hal_dma.o
 .debug_aranges
                0x00000000000006b8      0x1d8 ./Drivers/STM32H7xx_HAL_Driver/Src/stm32h7xx_hal_eth.o
 .debug_aranges
                0x0000000000000890      0x338 ./Drivers/STM32H7xx_HAL_Driver/Src/stm32h7xx_hal_fdcan.o
 .debug_aranges
                0x0000000000000bc8       0x58 ./Drivers/STM32H7xx_HAL_Driver/Src/stm32h7xx_hal_gpio.o
 .debug_aranges
                0x0000000000000c20       0x70 ./Drivers/STM32H7xx_HAL_Driver/Src/stm32h7xx_hal_hsem.o
 .debug_aranges
                0x0000000000000c90      0x158 ./Drivers/STM32H7xx_HAL_Driver/Src/stm32h7xx_hal_ltdc.o
 .debug_aranges
                0x0000000000000de8      0x140 ./Drivers/STM32H7xx_HAL_Driver/Src/stm32h7xx_hal_pcd.o
 .debug_aranges
                0x0000000000000f28       0x60 ./Drivers/STM32H7xx_HAL_Driver/Src/stm32h7xx_hal_pcd_ex.o
 .debug_aranges
                0x0000000000000f88      0x170 ./Drivers/STM32H7xx_HAL_Driver/Src/stm32h7xx_hal_pwr_ex.o
 .debug_aranges
                0x00000000000010f8      0x148 ./Drivers/STM32H7xx_HAL_Driver/Src/stm32h7xx_hal_qspi.o
 .debug_aranges
                0x0000000000001240       0x88 ./Drivers/STM32H7xx_HAL_Driver/Src/stm32h7xx_hal_rcc.o
 .debug_aranges
                0x00000000000012c8      0x100 ./Drivers/STM32H7xx_HAL_Driver/Src/stm32h7xx_hal_rcc_ex.o
 .debug_aranges
                0x00000000000013c8      0x178 ./Drivers/STM32H7xx_HAL_Driver/Src/stm32h7xx_hal_sai.o
 .debug_aranges
                0x0000000000001540       0xe8 ./Drivers/STM32H7xx_HAL_Driver/Src/stm32h7xx_hal_sdram.o
 .debug_aranges
                0x0000000000001628      0x248 ./Drivers/STM32H7xx_HAL_Driver/Src/stm32h7xx_hal_uart.o
 .debug_aranges
                0x0000000000001870       0xa8 ./Drivers/STM32H7xx_HAL_Driver/Src/stm32h7xx_hal_uart_ex.o
 .debug_aranges
                0x0000000000001918       0xc8 ./Drivers/STM32H7xx_HAL_Driver/Src/stm32h7xx_ll_fmc.o
 .debug_aranges
                0x00000000000019e0      0x1a0 ./Drivers/STM32H7xx_HAL_Driver/Src/stm32h7xx_ll_usb.o

.debug_rnglists
                0x0000000000000000     0x1530
 .debug_rnglists
                0x0000000000000000       0x1a ./Common/Src/system_stm32h7xx_dualcore_boot_cm4_cm7.o
 .debug_rnglists
                0x000000000000001a       0x13 ./Core/Src/bdma.o
 .debug_rnglists
                0x000000000000002d       0x22 ./Core/Src/eth.o
 .debug_rnglists
                0x000000000000004f       0x29 ./Core/Src/fdcan.o
 .debug_rnglists
                0x0000000000000078       0x2d ./Core/Src/fmc.o
 .debug_rnglists
                0x00000000000000a5       0x14 ./Core/Src/gpio.o
 .debug_rnglists
                0x00000000000000b9       0x21 ./Core/Src/ltdc.o
 .debug_rnglists
                0x00000000000000da       0x2c ./Core/Src/main.o
 .debug_rnglists
                0x0000000000000106       0x20 ./Core/Src/quadspi.o
 .debug_rnglists
                0x0000000000000126       0x29 ./Core/Src/sai.o
 .debug_rnglists
                0x000000000000014f       0x13 ./Core/Src/stm32h7xx_hal_msp.o
 .debug_rnglists
                0x0000000000000162       0x49 ./Core/Src/stm32h7xx_it.o
 .debug_rnglists
                0x00000000000001ab       0x21 ./Core/Src/usart.o
 .debug_rnglists
                0x00000000000001cc       0x20 ./Core/Src/usb_otg.o
 .debug_rnglists
                0x00000000000001ec       0x19 ./Core/Startup/startup_stm32h745xihx.o
 .debug_rnglists
                0x0000000000000205      0x181 ./Drivers/STM32H7xx_HAL_Driver/Src/stm32h7xx_hal.o
 .debug_rnglists
                0x0000000000000386       0xd4 ./Drivers/STM32H7xx_HAL_Driver/Src/stm32h7xx_hal_cortex.o
 .debug_rnglists
                0x000000000000045a       0x82 ./Drivers/STM32H7xx_HAL_Driver/Src/stm32h7xx_hal_dma.o
 .debug_rnglists
                0x00000000000004dc      0x176 ./Drivers/STM32H7xx_HAL_Driver/Src/stm32h7xx_hal_eth.o
 .debug_rnglists
                0x0000000000000652      0x28b ./Drivers/STM32H7xx_HAL_Driver/Src/stm32h7xx_hal_fdcan.o
 .debug_rnglists
                0x00000000000008dd       0x3f ./Drivers/STM32H7xx_HAL_Driver/Src/stm32h7xx_hal_gpio.o
 .debug_rnglists
                0x000000000000091c       0x4f ./Drivers/STM32H7xx_HAL_Driver/Src/stm32h7xx_hal_hsem.o
 .debug_rnglists
                0x000000000000096b      0x10a ./Drivers/STM32H7xx_HAL_Driver/Src/stm32h7xx_hal_ltdc.o
 .debug_rnglists
                0x0000000000000a75       0xf4 ./Drivers/STM32H7xx_HAL_Driver/Src/stm32h7xx_hal_pcd.o
 .debug_rnglists
                0x0000000000000b69       0x45 ./Drivers/STM32H7xx_HAL_Driver/Src/stm32h7xx_hal_pcd_ex.o
 .debug_rnglists
                0x0000000000000bae      0x117 ./Drivers/STM32H7xx_HAL_Driver/Src/stm32h7xx_hal_pwr_ex.o
 .debug_rnglists
                0x0000000000000cc5      0x101 ./Drivers/STM32H7xx_HAL_Driver/Src/stm32h7xx_hal_qspi.o
 .debug_rnglists
                0x0000000000000dc6       0x68 ./Drivers/STM32H7xx_HAL_Driver/Src/stm32h7xx_hal_rcc.o
 .debug_rnglists
                0x0000000000000e2e       0xc6 ./Drivers/STM32H7xx_HAL_Driver/Src/stm32h7xx_hal_rcc_ex.o
 .debug_rnglists
                0x0000000000000ef4      0x136 ./Drivers/STM32H7xx_HAL_Driver/Src/stm32h7xx_hal_sai.o
 .debug_rnglists
                0x000000000000102a       0xb1 ./Drivers/STM32H7xx_HAL_Driver/Src/stm32h7xx_hal_sdram.o
 .debug_rnglists
                0x00000000000010db      0x1fa ./Drivers/STM32H7xx_HAL_Driver/Src/stm32h7xx_hal_uart.o
 .debug_rnglists
                0x00000000000012d5       0x7f ./Drivers/STM32H7xx_HAL_Driver/Src/stm32h7xx_hal_uart_ex.o
 .debug_rnglists
                0x0000000000001354       0x95 ./Drivers/STM32H7xx_HAL_Driver/Src/stm32h7xx_ll_fmc.o
 .debug_rnglists
                0x00000000000013e9      0x147 ./Drivers/STM32H7xx_HAL_Driver/Src/stm32h7xx_ll_usb.o

.debug_macro    0x0000000000000000    0x40288
 .debug_macro   0x0000000000000000      0x330 ./Common/Src/system_stm32h7xx_dualcore_boot_cm4_cm7.o
 .debug_macro   0x0000000000000330      0xaae ./Common/Src/system_stm32h7xx_dualcore_boot_cm4_cm7.o
 .debug_macro   0x0000000000000dde       0x2e ./Common/Src/system_stm32h7xx_dualcore_boot_cm4_cm7.o
 .debug_macro   0x0000000000000e0c       0x3b ./Common/Src/system_stm32h7xx_dualcore_boot_cm4_cm7.o
 .debug_macro   0x0000000000000e47       0x22 ./Common/Src/system_stm32h7xx_dualcore_boot_cm4_cm7.o
 .debug_macro   0x0000000000000e69       0x8e ./Common/Src/system_stm32h7xx_dualcore_boot_cm4_cm7.o
 .debug_macro   0x0000000000000ef7       0x51 ./Common/Src/system_stm32h7xx_dualcore_boot_cm4_cm7.o
 .debug_macro   0x0000000000000f48      0x103 ./Common/Src/system_stm32h7xx_dualcore_boot_cm4_cm7.o
 .debug_macro   0x000000000000104b       0x6a ./Common/Src/system_stm32h7xx_dualcore_boot_cm4_cm7.o
 .debug_macro   0x00000000000010b5      0x1df ./Common/Src/system_stm32h7xx_dualcore_boot_cm4_cm7.o
 .debug_macro   0x0000000000001294       0x1c ./Common/Src/system_stm32h7xx_dualcore_boot_cm4_cm7.o
 .debug_macro   0x00000000000012b0       0x22 ./Common/Src/system_stm32h7xx_dualcore_boot_cm4_cm7.o
 .debug_macro   0x00000000000012d2       0xfb ./Common/Src/system_stm32h7xx_dualcore_boot_cm4_cm7.o
 .debug_macro   0x00000000000013cd     0x1011 ./Common/Src/system_stm32h7xx_dualcore_boot_cm4_cm7.o
 .debug_macro   0x00000000000023de      0x11f ./Common/Src/system_stm32h7xx_dualcore_boot_cm4_cm7.o
 .debug_macro   0x00000000000024fd    0x26d43 ./Common/Src/system_stm32h7xx_dualcore_boot_cm4_cm7.o
 .debug_macro   0x0000000000029240       0x6d ./Common/Src/system_stm32h7xx_dualcore_boot_cm4_cm7.o
 .debug_macro   0x00000000000292ad      0x25c ./Common/Src/system_stm32h7xx_dualcore_boot_cm4_cm7.o
 .debug_macro   0x0000000000029509     0x3d5d ./Common/Src/system_stm32h7xx_dualcore_boot_cm4_cm7.o
 .debug_macro   0x000000000002d266      0x174 ./Common/Src/system_stm32h7xx_dualcore_boot_cm4_cm7.o
 .debug_macro   0x000000000002d3da       0x61 ./Common/Src/system_stm32h7xx_dualcore_boot_cm4_cm7.o
 .debug_macro   0x000000000002d43b       0x2a ./Common/Src/system_stm32h7xx_dualcore_boot_cm4_cm7.o
 .debug_macro   0x000000000002d465       0x43 ./Common/Src/system_stm32h7xx_dualcore_boot_cm4_cm7.o
 .debug_macro   0x000000000002d4a8       0x34 ./Common/Src/system_stm32h7xx_dualcore_boot_cm4_cm7.o
 .debug_macro   0x000000000002d4dc       0x16 ./Common/Src/system_stm32h7xx_dualcore_boot_cm4_cm7.o
 .debug_macro   0x000000000002d4f2       0x43 ./Common/Src/system_stm32h7xx_dualcore_boot_cm4_cm7.o
 .debug_macro   0x000000000002d535       0x34 ./Common/Src/system_stm32h7xx_dualcore_boot_cm4_cm7.o
 .debug_macro   0x000000000002d569       0x10 ./Common/Src/system_stm32h7xx_dualcore_boot_cm4_cm7.o
 .debug_macro   0x000000000002d579       0x58 ./Common/Src/system_stm32h7xx_dualcore_boot_cm4_cm7.o
 .debug_macro   0x000000000002d5d1       0x8e ./Common/Src/system_stm32h7xx_dualcore_boot_cm4_cm7.o
 .debug_macro   0x000000000002d65f       0x1c ./Common/Src/system_stm32h7xx_dualcore_boot_cm4_cm7.o
 .debug_macro   0x000000000002d67b      0x177 ./Common/Src/system_stm32h7xx_dualcore_boot_cm4_cm7.o
 .debug_macro   0x000000000002d7f2      0x369 ./Common/Src/system_stm32h7xx_dualcore_boot_cm4_cm7.o
 .debug_macro   0x000000000002db5b      0x19b ./Common/Src/system_stm32h7xx_dualcore_boot_cm4_cm7.o
 .debug_macro   0x000000000002dcf6       0x5d ./Common/Src/system_stm32h7xx_dualcore_boot_cm4_cm7.o
 .debug_macro   0x000000000002dd53     0x3a9d ./Common/Src/system_stm32h7xx_dualcore_boot_cm4_cm7.o
 .debug_macro   0x00000000000317f0     0x1072 ./Common/Src/system_stm32h7xx_dualcore_boot_cm4_cm7.o
 .debug_macro   0x0000000000032862      0x154 ./Common/Src/system_stm32h7xx_dualcore_boot_cm4_cm7.o
 .debug_macro   0x00000000000329b6      0x130 ./Common/Src/system_stm32h7xx_dualcore_boot_cm4_cm7.o
 .debug_macro   0x0000000000032ae6      0x3be ./Common/Src/system_stm32h7xx_dualcore_boot_cm4_cm7.o
 .debug_macro   0x0000000000032ea4       0xac ./Common/Src/system_stm32h7xx_dualcore_boot_cm4_cm7.o
 .debug_macro   0x0000000000032f50      0x72d ./Common/Src/system_stm32h7xx_dualcore_boot_cm4_cm7.o
 .debug_macro   0x000000000003367d      0x228 ./Common/Src/system_stm32h7xx_dualcore_boot_cm4_cm7.o
 .debug_macro   0x00000000000338a5       0x66 ./Common/Src/system_stm32h7xx_dualcore_boot_cm4_cm7.o
 .debug_macro   0x000000000003390b      0x3bb ./Common/Src/system_stm32h7xx_dualcore_boot_cm4_cm7.o
 .debug_macro   0x0000000000033cc6      0xa95 ./Common/Src/system_stm32h7xx_dualcore_boot_cm4_cm7.o
 .debug_macro   0x000000000003475b      0x129 ./Common/Src/system_stm32h7xx_dualcore_boot_cm4_cm7.o
 .debug_macro   0x0000000000034884      0x407 ./Common/Src/system_stm32h7xx_dualcore_boot_cm4_cm7.o
 .debug_macro   0x0000000000034c8b      0x244 ./Common/Src/system_stm32h7xx_dualcore_boot_cm4_cm7.o
 .debug_macro   0x0000000000034ecf      0xe42 ./Common/Src/system_stm32h7xx_dualcore_boot_cm4_cm7.o
 .debug_macro   0x0000000000035d11      0x3ca ./Common/Src/system_stm32h7xx_dualcore_boot_cm4_cm7.o
 .debug_macro   0x00000000000360db      0x4a2 ./Common/Src/system_stm32h7xx_dualcore_boot_cm4_cm7.o
 .debug_macro   0x000000000003657d       0x51 ./Common/Src/system_stm32h7xx_dualcore_boot_cm4_cm7.o
 .debug_macro   0x00000000000365ce       0x4a ./Common/Src/system_stm32h7xx_dualcore_boot_cm4_cm7.o
 .debug_macro   0x0000000000036618      0x22c ./Common/Src/system_stm32h7xx_dualcore_boot_cm4_cm7.o
 .debug_macro   0x0000000000036844       0x67 ./Common/Src/system_stm32h7xx_dualcore_boot_cm4_cm7.o
 .debug_macro   0x00000000000368ab       0xa5 ./Common/Src/system_stm32h7xx_dualcore_boot_cm4_cm7.o
 .debug_macro   0x0000000000036950      0x198 ./Common/Src/system_stm32h7xx_dualcore_boot_cm4_cm7.o
 .debug_macro   0x0000000000036ae8       0xd6 ./Common/Src/system_stm32h7xx_dualcore_boot_cm4_cm7.o
 .debug_macro   0x0000000000036bbe      0x218 ./Common/Src/system_stm32h7xx_dualcore_boot_cm4_cm7.o
 .debug_macro   0x0000000000036dd6      0x2ea ./Common/Src/system_stm32h7xx_dualcore_boot_cm4_cm7.o
 .debug_macro   0x00000000000370c0       0x35 ./Common/Src/system_stm32h7xx_dualcore_boot_cm4_cm7.o
 .debug_macro   0x00000000000370f5      0x2d4 ./Common/Src/system_stm32h7xx_dualcore_boot_cm4_cm7.o
 .debug_macro   0x00000000000373c9      0x3bb ./Common/Src/system_stm32h7xx_dualcore_boot_cm4_cm7.o
 .debug_macro   0x0000000000037784       0x10 ./Common/Src/system_stm32h7xx_dualcore_boot_cm4_cm7.o
 .debug_macro   0x0000000000037794       0xe4 ./Common/Src/system_stm32h7xx_dualcore_boot_cm4_cm7.o
 .debug_macro   0x0000000000037878      0x512 ./Common/Src/system_stm32h7xx_dualcore_boot_cm4_cm7.o
 .debug_macro   0x0000000000037d8a      0x693 ./Common/Src/system_stm32h7xx_dualcore_boot_cm4_cm7.o
 .debug_macro   0x000000000003841d       0xa6 ./Common/Src/system_stm32h7xx_dualcore_boot_cm4_cm7.o
 .debug_macro   0x00000000000384c3      0x264 ./Common/Src/system_stm32h7xx_dualcore_boot_cm4_cm7.o
 .debug_macro   0x0000000000038727       0x90 ./Common/Src/system_stm32h7xx_dualcore_boot_cm4_cm7.o
 .debug_macro   0x00000000000387b7      0x798 ./Common/Src/system_stm32h7xx_dualcore_boot_cm4_cm7.o
 .debug_macro   0x0000000000038f4f      0x349 ./Core/Src/bdma.o
 .debug_macro   0x0000000000039298      0x178 ./Core/Src/bdma.o
 .debug_macro   0x0000000000039410      0x379 ./Core/Src/eth.o
 .debug_macro   0x0000000000039789       0x16 ./Core/Src/eth.o
 .debug_macro   0x000000000003979f       0x35 ./Core/Src/eth.o
 .debug_macro   0x00000000000397d4       0x20 ./Core/Src/eth.o
 .debug_macro   0x00000000000397f4      0x379 ./Core/Src/fdcan.o
 .debug_macro   0x0000000000039b6d      0x349 ./Core/Src/fmc.o
 .debug_macro   0x0000000000039eb6      0x349 ./Core/Src/gpio.o
 .debug_macro   0x000000000003a1ff      0x379 ./Core/Src/ltdc.o
 .debug_macro   0x000000000003a578      0x411 ./Core/Src/main.o
 .debug_macro   0x000000000003a989       0x1c ./Core/Src/main.o
 .debug_macro   0x000000000003a9a5       0x10 ./Core/Src/main.o
 .debug_macro   0x000000000003a9b5       0x1c ./Core/Src/main.o
 .debug_macro   0x000000000003a9d1       0x16 ./Core/Src/main.o
 .debug_macro   0x000000000003a9e7      0x147 ./Core/Src/main.o
 .debug_macro   0x000000000003ab2e      0x379 ./Core/Src/quadspi.o
 .debug_macro   0x000000000003aea7      0x379 ./Core/Src/sai.o
 .debug_macro   0x000000000003b220      0x33f ./Core/Src/stm32h7xx_hal_msp.o
 .debug_macro   0x000000000003b55f      0x349 ./Core/Src/stm32h7xx_it.o
 .debug_macro   0x000000000003b8a8      0x379 ./Core/Src/usart.o
 .debug_macro   0x000000000003bc21      0x379 ./Core/Src/usb_otg.o
 .debug_macro   0x000000000003bf9a      0x35a ./Drivers/STM32H7xx_HAL_Driver/Src/stm32h7xx_hal.o
 .debug_macro   0x000000000003c2f4      0x330 ./Drivers/STM32H7xx_HAL_Driver/Src/stm32h7xx_hal_cortex.o
 .debug_macro   0x000000000003c624      0x384 ./Drivers/STM32H7xx_HAL_Driver/Src/stm32h7xx_hal_dma.o
 .debug_macro   0x000000000003c9a8      0x3c4 ./Drivers/STM32H7xx_HAL_Driver/Src/stm32h7xx_hal_eth.o
 .debug_macro   0x000000000003cd6c      0x3f5 ./Drivers/STM32H7xx_HAL_Driver/Src/stm32h7xx_hal_fdcan.o
 .debug_macro   0x000000000003d161      0x344 ./Drivers/STM32H7xx_HAL_Driver/Src/stm32h7xx_hal_gpio.o
 .debug_macro   0x000000000003d4a5      0x342 ./Drivers/STM32H7xx_HAL_Driver/Src/stm32h7xx_hal_hsem.o
 .debug_macro   0x000000000003d7e7      0x338 ./Drivers/STM32H7xx_HAL_Driver/Src/stm32h7xx_hal_ltdc.o
 .debug_macro   0x000000000003db1f      0x33c ./Drivers/STM32H7xx_HAL_Driver/Src/stm32h7xx_hal_pcd.o
 .debug_macro   0x000000000003de5b      0x330 ./Drivers/STM32H7xx_HAL_Driver/Src/stm32h7xx_hal_pcd_ex.o
 .debug_macro   0x000000000003e18b      0x369 ./Drivers/STM32H7xx_HAL_Driver/Src/stm32h7xx_hal_pwr_ex.o
 .debug_macro   0x000000000003e4f4      0x354 ./Drivers/STM32H7xx_HAL_Driver/Src/stm32h7xx_hal_qspi.o
 .debug_macro   0x000000000003e848      0x354 ./Drivers/STM32H7xx_HAL_Driver/Src/stm32h7xx_hal_rcc.o
 .debug_macro   0x000000000003eb9c      0x34e ./Drivers/STM32H7xx_HAL_Driver/Src/stm32h7xx_hal_rcc_ex.o
 .debug_macro   0x000000000003eeea      0x34d ./Drivers/STM32H7xx_HAL_Driver/Src/stm32h7xx_hal_sai.o
 .debug_macro   0x000000000003f237      0x330 ./Drivers/STM32H7xx_HAL_Driver/Src/stm32h7xx_hal_sdram.o
 .debug_macro   0x000000000003f567      0x35b ./Drivers/STM32H7xx_HAL_Driver/Src/stm32h7xx_hal_uart.o
 .debug_macro   0x000000000003f8c2      0x33c ./Drivers/STM32H7xx_HAL_Driver/Src/stm32h7xx_hal_uart_ex.o
 .debug_macro   0x000000000003fbfe      0x35a ./Drivers/STM32H7xx_HAL_Driver/Src/stm32h7xx_ll_fmc.o
 .debug_macro   0x000000000003ff58      0x330 ./Drivers/STM32H7xx_HAL_Driver/Src/stm32h7xx_ll_usb.o

.debug_line     0x0000000000000000    0x28f97
 .debug_line    0x0000000000000000      0xb94 ./Common/Src/system_stm32h7xx_dualcore_boot_cm4_cm7.o
 .debug_line    0x0000000000000b94      0x9f9 ./Core/Src/bdma.o
 .debug_line    0x000000000000158d      0xb14 ./Core/Src/eth.o
 .debug_line    0x00000000000020a1      0xba6 ./Core/Src/fdcan.o
 .debug_line    0x0000000000002c47      0xb25 ./Core/Src/fmc.o
 .debug_line    0x000000000000376c      0xa01 ./Core/Src/gpio.o
 .debug_line    0x000000000000416d      0xb5a ./Core/Src/ltdc.o
 .debug_line    0x0000000000004cc7      0xba8 ./Core/Src/main.o
 .debug_line    0x000000000000586f      0xaea ./Core/Src/quadspi.o
 .debug_line    0x0000000000006359      0xc57 ./Core/Src/sai.o
 .debug_line    0x0000000000006fb0      0x9fb ./Core/Src/stm32h7xx_hal_msp.o
 .debug_line    0x00000000000079ab      0xad6 ./Core/Src/stm32h7xx_it.o
 .debug_line    0x0000000000008481      0xace ./Core/Src/usart.o
 .debug_line    0x0000000000008f4f      0xabf ./Core/Src/usb_otg.o
 .debug_line    0x0000000000009a0e       0x7a ./Core/Startup/startup_stm32h745xihx.o
 .debug_line    0x0000000000009a88     0x1152 ./Drivers/STM32H7xx_HAL_Driver/Src/stm32h7xx_hal.o
 .debug_line    0x000000000000abda     0x1005 ./Drivers/STM32H7xx_HAL_Driver/Src/stm32h7xx_hal_cortex.o
 .debug_line    0x000000000000bbdf     0x293b ./Drivers/STM32H7xx_HAL_Driver/Src/stm32h7xx_hal_dma.o
 .debug_line    0x000000000000e51a     0x1d50 ./Drivers/STM32H7xx_HAL_Driver/Src/stm32h7xx_hal_eth.o
 .debug_line    0x000000000001026a     0x2961 ./Drivers/STM32H7xx_HAL_Driver/Src/stm32h7xx_hal_fdcan.o
 .debug_line    0x0000000000012bcb      0xeb8 ./Drivers/STM32H7xx_HAL_Driver/Src/stm32h7xx_hal_gpio.o
 .debug_line    0x0000000000013a83      0xbb5 ./Drivers/STM32H7xx_HAL_Driver/Src/stm32h7xx_hal_hsem.o
 .debug_line    0x0000000000014638     0x1a62 ./Drivers/STM32H7xx_HAL_Driver/Src/stm32h7xx_hal_ltdc.o
 .debug_line    0x000000000001609a     0x17cf ./Drivers/STM32H7xx_HAL_Driver/Src/stm32h7xx_hal_pcd.o
 .debug_line    0x0000000000017869      0xc15 ./Drivers/STM32H7xx_HAL_Driver/Src/stm32h7xx_hal_pcd_ex.o
 .debug_line    0x000000000001847e     0x1220 ./Drivers/STM32H7xx_HAL_Driver/Src/stm32h7xx_hal_pwr_ex.o
 .debug_line    0x000000000001969e     0x1671 ./Drivers/STM32H7xx_HAL_Driver/Src/stm32h7xx_hal_qspi.o
 .debug_line    0x000000000001ad0f     0x15c3 ./Drivers/STM32H7xx_HAL_Driver/Src/stm32h7xx_hal_rcc.o
 .debug_line    0x000000000001c2d2     0x1ed4 ./Drivers/STM32H7xx_HAL_Driver/Src/stm32h7xx_hal_rcc_ex.o
 .debug_line    0x000000000001e1a6     0x2089 ./Drivers/STM32H7xx_HAL_Driver/Src/stm32h7xx_hal_sai.o
 .debug_line    0x000000000002022f     0x1130 ./Drivers/STM32H7xx_HAL_Driver/Src/stm32h7xx_hal_sdram.o
 .debug_line    0x000000000002135f     0x4048 ./Drivers/STM32H7xx_HAL_Driver/Src/stm32h7xx_hal_uart.o
 .debug_line    0x00000000000253a7     0x1091 ./Drivers/STM32H7xx_HAL_Driver/Src/stm32h7xx_hal_uart_ex.o
 .debug_line    0x0000000000026438      0xdc5 ./Drivers/STM32H7xx_HAL_Driver/Src/stm32h7xx_ll_fmc.o
 .debug_line    0x00000000000271fd     0x1d9a ./Drivers/STM32H7xx_HAL_Driver/Src/stm32h7xx_ll_usb.o

.debug_str      0x0000000000000000   0x194e5c
 .debug_str     0x0000000000000000   0x187be1 ./Common/Src/system_stm32h7xx_dualcore_boot_cm4_cm7.o
                                     0x188033 (size before relaxing)
 .debug_str     0x0000000000187be1      0xe7e ./Core/Src/bdma.o
                                     0x188d8a (size before relaxing)
 .debug_str     0x0000000000188a5f      0xb27 ./Core/Src/eth.o
                                     0x1890a9 (size before relaxing)
 .debug_str     0x0000000000189586      0x834 ./Core/Src/fdcan.o
                                     0x188f17 (size before relaxing)
 .debug_str     0x0000000000189dba      0x531 ./Core/Src/fmc.o
                                     0x188f38 (size before relaxing)
 .debug_str     0x000000000018a2eb       0x2c ./Core/Src/gpio.o
                                     0x1884f9 (size before relaxing)
 .debug_str     0x000000000018a317      0x2c6 ./Core/Src/ltdc.o
                                     0x188cfc (size before relaxing)
 .debug_str     0x000000000018a5dd      0xd16 ./Core/Src/main.o
                                     0x18952b (size before relaxing)
 .debug_str     0x000000000018b2f3      0x22f ./Core/Src/quadspi.o
                                     0x188f5e (size before relaxing)
 .debug_str     0x000000000018b522       0xd1 ./Core/Src/sai.o
                                     0x1890b3 (size before relaxing)
 .debug_str     0x000000000018b5f3       0x2c ./Core/Src/stm32h7xx_hal_msp.o
                                     0x1884f9 (size before relaxing)
 .debug_str     0x000000000018b61f       0xf5 ./Core/Src/stm32h7xx_it.o
                                     0x1886b3 (size before relaxing)
 .debug_str     0x000000000018b714      0x278 ./Core/Src/usart.o
                                     0x189002 (size before relaxing)
 .debug_str     0x000000000018b98c      0x42f ./Core/Src/usb_otg.o
                                     0x188e83 (size before relaxing)
 .debug_str     0x000000000018bdbb       0x34 ./Core/Startup/startup_stm32h745xihx.o
                                         0x8b (size before relaxing)
 .debug_str     0x000000000018bdef      0xa97 ./Drivers/STM32H7xx_HAL_Driver/Src/stm32h7xx_hal.o
                                     0x18939a (size before relaxing)
 .debug_str     0x000000000018c886      0x385 ./Drivers/STM32H7xx_HAL_Driver/Src/stm32h7xx_hal_cortex.o
                                     0x188ae8 (size before relaxing)
 .debug_str     0x000000000018cc0b      0x87a ./Drivers/STM32H7xx_HAL_Driver/Src/stm32h7xx_hal_dma.o
                                     0x188997 (size before relaxing)
 .debug_str     0x000000000018d485     0x101f ./Drivers/STM32H7xx_HAL_Driver/Src/stm32h7xx_hal_eth.o
                                     0x189aaa (size before relaxing)