12:31:26 **** Incremental Build of configuration Debug for project IntegrationEmulator_CM4 ****
make -j8 all 
arm-none-eabi-size  IntegrationEmulator_CM4.elf 
   text	   data	    bss	    dec	    hex	filename
  43672	     16	   2504	  46192	   b470	IntegrationEmulator_CM4.elf
Finished building: default.size.stdout
 
12:31:33 **** Incremental Build of configuration Debug for project IntegrationEmulator_CM4 ****
make -j8 all 
arm-none-eabi-size  IntegrationEmulator_CM4.elf 
   text	   data	    bss	    dec	    hex	filename
  43672	     16	   2504	  46192	   b470	IntegrationEmulator_CM4.elf
Finished building: default.size.stdout
 
12:31:50 **** Incremental Build of configuration Debug for project IntegrationEmulator_CM4 ****
make -j8 all 
arm-none-eabi-size  IntegrationEmulator_CM4.elf 
   text	   data	    bss	    dec	    hex	filename
  43672	     16	   2504	  46192	   b470	IntegrationEmulator_CM4.elf
Finished building: default.size.stdout
 
12:31:51 **** Clean-only build of configuration Debug for project IntegrationEmulator_CM7 ****
make -j8 clean 
rm -rf ./Drivers/STM32H7xx_HAL_Driver/stm32h7xx_hal.cyclo ./Drivers/STM32H7xx_HAL_Driver/stm32h7xx_hal.d ./Drivers/STM32H7xx_HAL_Driver/stm32h7xx_hal.o ./Drivers/STM32H7xx_HAL_Driver/stm32h7xx_hal.su ./Drivers/STM32H7xx_HAL_Driver/stm32h7xx_hal_cortex.cyclo ./Drivers/STM32H7xx_HAL_Driver/stm32h7xx_hal_cortex.d ./Drivers/STM32H7xx_HAL_Driver/stm32h7xx_hal_cortex.o ./Drivers/STM32H7xx_HAL_Driver/stm32h7xx_hal_cortex.su ./Drivers/STM32H7xx_HAL_Driver/stm32h7xx_hal_crc.cyclo ./Drivers/STM32H7xx_HAL_Driver/stm32h7xx_hal_crc.d ./Drivers/STM32H7xx_HAL_Driver/stm32h7xx_hal_crc.o ./Drivers/STM32H7xx_HAL_Driver/stm32h7xx_hal_crc.su ./Drivers/STM32H7xx_HAL_Driver/stm32h7xx_hal_crc_ex.cyclo ./Drivers/STM32H7xx_HAL_Driver/stm32h7xx_hal_crc_ex.d ./Drivers/STM32H7xx_HAL_Driver/stm32h7xx_hal_crc_ex.o ./Drivers/STM32H7xx_HAL_Driver/stm32h7xx_hal_crc_ex.su ./Drivers/STM32H7xx_HAL_Driver/stm32h7xx_hal_dma.cyclo ./Drivers/STM32H7xx_HAL_Driver/stm32h7xx_hal_dma.d ./Drivers/STM32H7xx_HAL_Driver/stm32h7xx_hal_dma.o ./Drivers/STM32H7xx_HAL_Driver/stm32h7xx_hal_dma.su ./Drivers/STM32H7xx_HAL_Driver/stm32h7xx_hal_dma_ex.cyclo ./Drivers/STM32H7xx_HAL_Driver/stm32h7xx_hal_dma_ex.d ./Drivers/STM32H7xx_HAL_Driver/stm32h7xx_hal_dma_ex.o ./Drivers/STM32H7xx_HAL_Driver/stm32h7xx_hal_dma_ex.su ./Drivers/STM32H7xx_HAL_Driver/stm32h7xx_hal_exti.cyclo ./Drivers/STM32H7xx_HAL_Driver/stm32h7xx_hal_exti.d ./Drivers/STM32H7xx_HAL_Driver/stm32h7xx_hal_exti.o ./Drivers/STM32H7xx_HAL_Driver/stm32h7xx_hal_exti.su ./Drivers/STM32H7xx_HAL_Driver/stm32h7xx_hal_flash.cyclo ./Drivers/STM32H7xx_HAL_Driver/stm32h7xx_hal_flash.d ./Drivers/STM32H7xx_HAL_Driver/stm32h7xx_hal_flash.o ./Drivers/STM32H7xx_HAL_Driver/stm32h7xx_hal_flash.su ./Drivers/STM32H7xx_HAL_Driver/stm32h7xx_hal_flash_ex.cyclo ./Drivers/STM32H7xx_HAL_Driver/stm32h7xx_hal_flash_ex.d ./Drivers/STM32H7xx_HAL_Driver/stm32h7xx_hal_flash_ex.o ./Drivers/STM32H7xx_HAL_Driver/stm32h7xx_hal_flash_ex.su ./Drivers/STM32H7xx_HAL_Driver/stm32h7xx_hal_gpio.cyclo ./Drivers/STM32H7xx_HAL_Driver/stm32h7xx_hal_gpio.d ./Drivers/STM32H7xx_HAL_Driver/stm32h7xx_hal_gpio.o ./Drivers/STM32H7xx_HAL_Driver/stm32h7xx_hal_gpio.su ./Drivers/STM32H7xx_HAL_Driver/stm32h7xx_hal_hsem.cyclo ./Drivers/STM32H7xx_HAL_Driver/stm32h7xx_hal_hsem.d ./Drivers/STM32H7xx_HAL_Driver/stm32h7xx_hal_hsem.o ./Drivers/STM32H7xx_HAL_Driver/stm32h7xx_hal_hsem.su ./Drivers/STM32H7xx_HAL_Driver/stm32h7xx_hal_i2c.cyclo ./Drivers/STM32H7xx_HAL_Driver/stm32h7xx_hal_i2c.d ./Drivers/STM32H7xx_HAL_Driver/stm32h7xx_hal_i2c.o ./Drivers/STM32H7xx_HAL_Driver/stm32h7xx_hal_i2c.su ./Drivers/STM32H7xx_HAL_Driver/stm32h7xx_hal_i2c_ex.cyclo ./Drivers/STM32H7xx_HAL_Driver/stm32h7xx_hal_i2c_ex.d ./Drivers/STM32H7xx_HAL_Driver/stm32h7xx_hal_i2c_ex.o ./Drivers/STM32H7xx_HAL_Driver/stm32h7xx_hal_i2c_ex.su ./Drivers/STM32H7xx_HAL_Driver/stm32h7xx_hal_ltdc.cyclo ./Drivers/STM32H7xx_HAL_Driver/stm32h7xx_hal_ltdc.d ./Drivers/STM32H7xx_HAL_Driver/stm32h7xx_hal_ltdc.o ./Drivers/STM32H7xx_HAL_Driver/stm32h7xx_hal_ltdc.su ./Drivers/STM32H7xx_HAL_Driver/stm32h7xx_hal_ltdc_ex.cyclo ./Drivers/STM32H7xx_HAL_Driver/stm32h7xx_hal_ltdc_ex.d ./Drivers/STM32H7xx_HAL_Driver/stm32h7xx_hal_ltdc_ex.o ./Drivers/STM32H7xx_HAL_Driver/stm32h7xx_hal_ltdc_ex.su ./Drivers/STM32H7xx_HAL_Driver/stm32h7xx_hal_mdma.cyclo ./Drivers/STM32H7xx_HAL_Driver/stm32h7xx_hal_mdma.d ./Drivers/STM32H7xx_HAL_Driver/stm32h7xx_hal_mdma.o ./Drivers/STM32H7xx_HAL_Driver/stm32h7xx_hal_mdma.su ./Drivers/STM32H7xx_HAL_Driver/stm32h7xx_hal_pwr.cyclo ./Drivers/STM32H7xx_HAL_Driver/stm32h7xx_hal_pwr.d ./Drivers/STM32H7xx_HAL_Driver/stm32h7xx_hal_pwr.o ./Drivers/STM32H7xx_HAL_Driver/stm32h7xx_hal_pwr.su ./Drivers/STM32H7xx_HAL_Driver/stm32h7xx_hal_pwr_ex.cyclo ./Drivers/STM32H7xx_HAL_Driver/stm32h7xx_hal_pwr_ex.d ./Drivers/STM32H7xx_HAL_Driver/stm32h7xx_hal_pwr_ex.o ./Drivers/STM32H7xx_HAL_Driver/stm32h7xx_hal_pwr_ex.su ./Drivers/STM32H7xx_HAL_Driver/stm32h7xx_hal_qspi.cyclo ./Drivers/STM32H7xx_HAL_Driver/stm32h7xx_hal_qspi.d ./Drivers/STM32H7xx_HAL_Driver/stm32h7xx_hal_qspi.o ./Drivers/STM32H7xx_HAL_Driver/stm32h7xx_hal_qspi.su ./Drivers/STM32H7xx_HAL_Driver/stm32h7xx_hal_rcc.cyclo ./Drivers/STM32H7xx_HAL_Driver/stm32h7xx_hal_rcc.d ./Drivers/STM32H7xx_HAL_Driver/stm32h7xx_hal_rcc.o ./Drivers/STM32H7xx_HAL_Driver/stm32h7xx_hal_rcc.su ./Drivers/STM32H7xx_HAL_Driver/stm32h7xx_hal_rcc_ex.cyclo ./Drivers/STM32H7xx_HAL_Driver/stm32h7xx_hal_rcc_ex.d ./Drivers/STM32H7xx_HAL_Driver/stm32h7xx_hal_rcc_ex.o ./Drivers/STM32H7xx_HAL_Driver/stm32h7xx_hal_rcc_ex.su ./Drivers/STM32H7xx_HAL_Driver/stm32h7xx_hal_sdram.cyclo ./Drivers/STM32H7xx_HAL_Driver/stm32h7xx_hal_sdram.d ./Drivers/STM32H7xx_HAL_Driver/stm32h7xx_hal_sdram.o ./Drivers/STM32H7xx_HAL_Driver/stm32h7xx_hal_sdram.su ./Drivers/STM32H7xx_HAL_Driver/stm32h7xx_hal_tim.cyclo ./Drivers/STM32H7xx_HAL_Driver/stm32h7xx_hal_tim.d ./Drivers/STM32H7xx_HAL_Driver/stm32h7xx_hal_tim.o ./Drivers/STM32H7xx_HAL_Driver/stm32h7xx_hal_tim.su ./Drivers/STM32H7xx_HAL_Driver/stm32h7xx_hal_tim_ex.cyclo ./Drivers/STM32H7xx_HAL_Driver/stm32h7xx_hal_tim_ex.d ./Drivers/STM32H7xx_HAL_Driver/stm32h7xx_hal_tim_ex.o ./Drivers/STM32H7xx_HAL_Driver/stm32h7xx_hal_tim_ex.su ./Drivers/STM32H7xx_HAL_Driver/stm32h7xx_ll_fmc.cyclo ./Drivers/STM32H7xx_HAL_Driver/stm32h7xx_ll_fmc.d ./Drivers/STM32H7xx_HAL_Driver/stm32h7xx_ll_fmc.o ./Drivers/STM32H7xx_HAL_Driver/stm32h7xx_ll_fmc.su
rm -rf ./Core/Startup/startup_stm32h745xihx.d ./Core/Startup/startup_stm32h745xihx.o
rm -rf ./Core/Src/crc.cyclo ./Core/Src/crc.d ./Core/Src/crc.o ./Core/Src/crc.su ./Core/Src/fmc.cyclo ./Core/Src/fmc.d ./Core/Src/fmc.o ./Core/Src/fmc.su ./Core/Src/ltdc.cyclo ./Core/Src/ltdc.d ./Core/Src/ltdc.o ./Core/Src/ltdc.su ./Core/Src/main.cyclo ./Core/Src/main.d ./Core/Src/main.o ./Core/Src/main.su ./Core/Src/quadspi.cyclo ./Core/Src/quadspi.d ./Core/Src/quadspi.o ./Core/Src/quadspi.su ./Core/Src/stm32h7xx_hal_msp.cyclo ./Core/Src/stm32h7xx_hal_msp.d ./Core/Src/stm32h7xx_hal_msp.o ./Core/Src/stm32h7xx_hal_msp.su ./Core/Src/stm32h7xx_hal_timebase_tim.cyclo ./Core/Src/stm32h7xx_hal_timebase_tim.d ./Core/Src/stm32h7xx_hal_timebase_tim.o ./Core/Src/stm32h7xx_hal_timebase_tim.su ./Core/Src/stm32h7xx_it.cyclo ./Core/Src/stm32h7xx_it.d ./Core/Src/stm32h7xx_it.o ./Core/Src/stm32h7xx_it.su ./Core/Src/syscalls.cyclo ./Core/Src/syscalls.d ./Core/Src/syscalls.o ./Core/Src/syscalls.su ./Core/Src/sysmem.cyclo ./Core/Src/sysmem.d ./Core/Src/sysmem.o ./Core/Src/sysmem.su ./Core/Src/tim.cyclo ./Core/Src/tim.d ./Core/Src/tim.o ./Core/Src/tim.su
rm -rf ./Common/Src/system_stm32h7xx_dualcore_boot_cm4_cm7.cyclo ./Common/Src/system_stm32h7xx_dualcore_boot_cm4_cm7.d ./Common/Src/system_stm32h7xx_dualcore_boot_cm4_cm7.o ./Common/Src/system_stm32h7xx_dualcore_boot_cm4_cm7.su
rm -rf IntegrationEmulator_CM7.elf IntegrationEmulator_CM7.list IntegrationEmulator_CM7.map default.size.stdout
 
12:31:51 **** Build of configuration Debug for project IntegrationEmulator_CM7 ****
make -j8 all 
arm-none-eabi-gcc "C:/Users/evanr/MiniMachineSTM32Work/PhononsPhotons-TinkerSpace/CompleSpaceFix/IntegrationEmulator/Drivers/STM32H7xx_HAL_Driver/Src/stm32h7xx_hal.c" -mcpu=cortex-m7 -std=gnu11 -g3 -DDEBUG -DCORE_CM7 -DUSE_HAL_DRIVER -DSTM32H745xx -c -I../Core/Inc -I../../Drivers/STM32H7xx_HAL_Driver/Inc -I../../Drivers/STM32H7xx_HAL_Driver/Inc/Legacy -I../../Drivers/CMSIS/Device/ST/STM32H7xx/Include -I../../Drivers/CMSIS/Include -O0 -ffunction-sections -fdata-sections -Wall -fstack-usage -fcyclomatic-complexity -MMD -MP -MF"Drivers/STM32H7xx_HAL_Driver/stm32h7xx_hal.d" -MT"Drivers/STM32H7xx_HAL_Driver/stm32h7xx_hal.o" --specs=nano.specs -mfpu=fpv5-d16 -mfloat-abi=hard -mthumb -o "Drivers/STM32H7xx_HAL_Driver/stm32h7xx_hal.o"
arm-none-eabi-gcc "C:/Users/evanr/MiniMachineSTM32Work/PhononsPhotons-TinkerSpace/CompleSpaceFix/IntegrationEmulator/Drivers/STM32H7xx_HAL_Driver/Src/stm32h7xx_hal_cortex.c" -mcpu=cortex-m7 -std=gnu11 -g3 -DDEBUG -DCORE_CM7 -DUSE_HAL_DRIVER -DSTM32H745xx -c -I../Core/Inc -I../../Drivers/STM32H7xx_HAL_Driver/Inc -I../../Drivers/STM32H7xx_HAL_Driver/Inc/Legacy -I../../Drivers/CMSIS/Device/ST/STM32H7xx/Include -I../../Drivers/CMSIS/Include -O0 -ffunction-sections -fdata-sections -Wall -fstack-usage -fcyclomatic-complexity -MMD -MP -MF"Drivers/STM32H7xx_HAL_Driver/stm32h7xx_hal_cortex.d" -MT"Drivers/STM32H7xx_HAL_Driver/stm32h7xx_hal_cortex.o" --specs=nano.specs -mfpu=fpv5-d16 -mfloat-abi=hard -mthumb -o "Drivers/STM32H7xx_HAL_Driver/stm32h7xx_hal_cortex.o"
arm-none-eabi-gcc "C:/Users/evanr/MiniMachineSTM32Work/PhononsPhotons-TinkerSpace/CompleSpaceFix/IntegrationEmulator/Drivers/STM32H7xx_HAL_Driver/Src/stm32h7xx_hal_crc.c" -mcpu=cortex-m7 -std=gnu11 -g3 -DDEBUG -DCORE_CM7 -DUSE_HAL_DRIVER -DSTM32H745xx -c -I../Core/Inc -I../../Drivers/STM32H7xx_HAL_Driver/Inc -I../../Drivers/STM32H7xx_HAL_Driver/Inc/Legacy -I../../Drivers/CMSIS/Device/ST/STM32H7xx/Include -I../../Drivers/CMSIS/Include -O0 -ffunction-sections -fdata-sections -Wall -fstack-usage -fcyclomatic-complexity -MMD -MP -MF"Drivers/STM32H7xx_HAL_Driver/stm32h7xx_hal_crc.d" -MT"Drivers/STM32H7xx_HAL_Driver/stm32h7xx_hal_crc.o" --specs=nano.specs -mfpu=fpv5-d16 -mfloat-abi=hard -mthumb -o "Drivers/STM32H7xx_HAL_Driver/stm32h7xx_hal_crc.o"
arm-none-eabi-gcc "C:/Users/evanr/MiniMachineSTM32Work/PhononsPhotons-TinkerSpace/CompleSpaceFix/IntegrationEmulator/Drivers/STM32H7xx_HAL_Driver/Src/stm32h7xx_hal_crc_ex.c" -mcpu=cortex-m7 -std=gnu11 -g3 -DDEBUG -DCORE_CM7 -DUSE_HAL_DRIVER -DSTM32H745xx -c -I../Core/Inc -I../../Drivers/STM32H7xx_HAL_Driver/Inc -I../../Drivers/STM32H7xx_HAL_Driver/Inc/Legacy -I../../Drivers/CMSIS/Device/ST/STM32H7xx/Include -I../../Drivers/CMSIS/Include -O0 -ffunction-sections -fdata-sections -Wall -fstack-usage -fcyclomatic-complexity -MMD -MP -MF"Drivers/STM32H7xx_HAL_Driver/stm32h7xx_hal_crc_ex.d" -MT"Drivers/STM32H7xx_HAL_Driver/stm32h7xx_hal_crc_ex.o" --specs=nano.specs -mfpu=fpv5-d16 -mfloat-abi=hard -mthumb -o "Drivers/STM32H7xx_HAL_Driver/stm32h7xx_hal_crc_ex.o"
arm-none-eabi-gcc "C:/Users/evanr/MiniMachineSTM32Work/PhononsPhotons-TinkerSpace/CompleSpaceFix/IntegrationEmulator/Drivers/STM32H7xx_HAL_Driver/Src/stm32h7xx_hal_dma.c" -mcpu=cortex-m7 -std=gnu11 -g3 -DDEBUG -DCORE_CM7 -DUSE_HAL_DRIVER -DSTM32H745xx -c -I../Core/Inc -I../../Drivers/STM32H7xx_HAL_Driver/Inc -I../../Drivers/STM32H7xx_HAL_Driver/Inc/Legacy -I../../Drivers/CMSIS/Device/ST/STM32H7xx/Include -I../../Drivers/CMSIS/Include -O0 -ffunction-sections -fdata-sections -Wall -fstack-usage -fcyclomatic-complexity -MMD -MP -MF"Drivers/STM32H7xx_HAL_Driver/stm32h7xx_hal_dma.d" -MT"Drivers/STM32H7xx_HAL_Driver/stm32h7xx_hal_dma.o" --specs=nano.specs -mfpu=fpv5-d16 -mfloat-abi=hard -mthumb -o "Drivers/STM32H7xx_HAL_Driver/stm32h7xx_hal_dma.o"
arm-none-eabi-gcc "C:/Users/evanr/MiniMachineSTM32Work/PhononsPhotons-TinkerSpace/CompleSpaceFix/IntegrationEmulator/Drivers/STM32H7xx_HAL_Driver/Src/stm32h7xx_hal_dma_ex.c" -mcpu=cortex-m7 -std=gnu11 -g3 -DDEBUG -DCORE_CM7 -DUSE_HAL_DRIVER -DSTM32H745xx -c -I../Core/Inc -I../../Drivers/STM32H7xx_HAL_Driver/Inc -I../../Drivers/STM32H7xx_HAL_Driver/Inc/Legacy -I../../Drivers/CMSIS/Device/ST/STM32H7xx/Include -I../../Drivers/CMSIS/Include -O0 -ffunction-sections -fdata-sections -Wall -fstack-usage -fcyclomatic-complexity -MMD -MP -MF"Drivers/STM32H7xx_HAL_Driver/stm32h7xx_hal_dma_ex.d" -MT"Drivers/STM32H7xx_HAL_Driver/stm32h7xx_hal_dma_ex.o" --specs=nano.specs -mfpu=fpv5-d16 -mfloat-abi=hard -mthumb -o "Drivers/STM32H7xx_HAL_Driver/stm32h7xx_hal_dma_ex.o"
arm-none-eabi-gcc "C:/Users/evanr/MiniMachineSTM32Work/PhononsPhotons-TinkerSpace/CompleSpaceFix/IntegrationEmulator/Drivers/STM32H7xx_HAL_Driver/Src/stm32h7xx_hal_exti.c" -mcpu=cortex-m7 -std=gnu11 -g3 -DDEBUG -DCORE_CM7 -DUSE_HAL_DRIVER -DSTM32H745xx -c -I../Core/Inc -I../../Drivers/STM32H7xx_HAL_Driver/Inc -I../../Drivers/STM32H7xx_HAL_Driver/Inc/Legacy -I../../Drivers/CMSIS/Device/ST/STM32H7xx/Include -I../../Drivers/CMSIS/Include -O0 -ffunction-sections -fdata-sections -Wall -fstack-usage -fcyclomatic-complexity -MMD -MP -MF"Drivers/STM32H7xx_HAL_Driver/stm32h7xx_hal_exti.d" -MT"Drivers/STM32H7xx_HAL_Driver/stm32h7xx_hal_exti.o" --specs=nano.specs -mfpu=fpv5-d16 -mfloat-abi=hard -mthumb -o "Drivers/STM32H7xx_HAL_Driver/stm32h7xx_hal_exti.o"
arm-none-eabi-gcc "C:/Users/evanr/MiniMachineSTM32Work/PhononsPhotons-TinkerSpace/CompleSpaceFix/IntegrationEmulator/Drivers/STM32H7xx_HAL_Driver/Src/stm32h7xx_hal_flash.c" -mcpu=cortex-m7 -std=gnu11 -g3 -DDEBUG -DCORE_CM7 -DUSE_HAL_DRIVER -DSTM32H745xx -c -I../Core/Inc -I../../Drivers/STM32H7xx_HAL_Driver/Inc -I../../Drivers/STM32H7xx_HAL_Driver/Inc/Legacy -I../../Drivers/CMSIS/Device/ST/STM32H7xx/Include -I../../Drivers/CMSIS/Include -O0 -ffunction-sections -fdata-sections -Wall -fstack-usage -fcyclomatic-complexity -MMD -MP -MF"Drivers/STM32H7xx_HAL_Driver/stm32h7xx_hal_flash.d" -MT"Drivers/STM32H7xx_HAL_Driver/stm32h7xx_hal_flash.o" --specs=nano.specs -mfpu=fpv5-d16 -mfloat-abi=hard -mthumb -o "Drivers/STM32H7xx_HAL_Driver/stm32h7xx_hal_flash.o"
arm-none-eabi-gcc "C:/Users/evanr/MiniMachineSTM32Work/PhononsPhotons-TinkerSpace/CompleSpaceFix/IntegrationEmulator/Drivers/STM32H7xx_HAL_Driver/Src/stm32h7xx_hal_flash_ex.c" -mcpu=cortex-m7 -std=gnu11 -g3 -DDEBUG -DCORE_CM7 -DUSE_HAL_DRIVER -DSTM32H745xx -c -I../Core/Inc -I../../Drivers/STM32H7xx_HAL_Driver/Inc -I../../Drivers/STM32H7xx_HAL_Driver/Inc/Legacy -I../../Drivers/CMSIS/Device/ST/STM32H7xx/Include -I../../Drivers/CMSIS/Include -O0 -ffunction-sections -fdata-sections -Wall -fstack-usage -fcyclomatic-complexity -MMD -MP -MF"Drivers/STM32H7xx_HAL_Driver/stm32h7xx_hal_flash_ex.d" -MT"Drivers/STM32H7xx_HAL_Driver/stm32h7xx_hal_flash_ex.o" --specs=nano.specs -mfpu=fpv5-d16 -mfloat-abi=hard -mthumb -o "Drivers/STM32H7xx_HAL_Driver/stm32h7xx_hal_flash_ex.o"
arm-none-eabi-gcc "C:/Users/evanr/MiniMachineSTM32Work/PhononsPhotons-TinkerSpace/CompleSpaceFix/IntegrationEmulator/Drivers/STM32H7xx_HAL_Driver/Src/stm32h7xx_hal_gpio.c" -mcpu=cortex-m7 -std=gnu11 -g3 -DDEBUG -DCORE_CM7 -DUSE_HAL_DRIVER -DSTM32H745xx -c -I../Core/Inc -I../../Drivers/STM32H7xx_HAL_Driver/Inc -I../../Drivers/STM32H7xx_HAL_Driver/Inc/Legacy -I../../Drivers/CMSIS/Device/ST/STM32H7xx/Include -I../../Drivers/CMSIS/Include -O0 -ffunction-sections -fdata-sections -Wall -fstack-usage -fcyclomatic-complexity -MMD -MP -MF"Drivers/STM32H7xx_HAL_Driver/stm32h7xx_hal_gpio.d" -MT"Drivers/STM32H7xx_HAL_Driver/stm32h7xx_hal_gpio.o" --specs=nano.specs -mfpu=fpv5-d16 -mfloat-abi=hard -mthumb -o "Drivers/STM32H7xx_HAL_Driver/stm32h7xx_hal_gpio.o"
arm-none-eabi-gcc "C:/Users/evanr/MiniMachineSTM32Work/PhononsPhotons-TinkerSpace/CompleSpaceFix/IntegrationEmulator/Drivers/STM32H7xx_HAL_Driver/Src/stm32h7xx_hal_hsem.c" -mcpu=cortex-m7 -std=gnu11 -g3 -DDEBUG -DCORE_CM7 -DUSE_HAL_DRIVER -DSTM32H745xx -c -I../Core/Inc -I../../Drivers/STM32H7xx_HAL_Driver/Inc -I../../Drivers/STM32H7xx_HAL_Driver/Inc/Legacy -I../../Drivers/CMSIS/Device/ST/STM32H7xx/Include -I../../Drivers/CMSIS/Include -O0 -ffunction-sections -fdata-sections -Wall -fstack-usage -fcyclomatic-complexity -MMD -MP -MF"Drivers/STM32H7xx_HAL_Driver/stm32h7xx_hal_hsem.d" -MT"Drivers/STM32H7xx_HAL_Driver/stm32h7xx_hal_hsem.o" --specs=nano.specs -mfpu=fpv5-d16 -mfloat-abi=hard -mthumb -o "Drivers/STM32H7xx_HAL_Driver/stm32h7xx_hal_hsem.o"
arm-none-eabi-gcc "C:/Users/evanr/MiniMachineSTM32Work/PhononsPhotons-TinkerSpace/CompleSpaceFix/IntegrationEmulator/Drivers/STM32H7xx_HAL_Driver/Src/stm32h7xx_hal_i2c.c" -mcpu=cortex-m7 -std=gnu11 -g3 -DDEBUG -DCORE_CM7 -DUSE_HAL_DRIVER -DSTM32H745xx -c -I../Core/Inc -I../../Drivers/STM32H7xx_HAL_Driver/Inc -I../../Drivers/STM32H7xx_HAL_Driver/Inc/Legacy -I../../Drivers/CMSIS/Device/ST/STM32H7xx/Include -I../../Drivers/CMSIS/Include -O0 -ffunction-sections -fdata-sections -Wall -fstack-usage -fcyclomatic-complexity -MMD -MP -MF"Drivers/STM32H7xx_HAL_Driver/stm32h7xx_hal_i2c.d" -MT"Drivers/STM32H7xx_HAL_Driver/stm32h7xx_hal_i2c.o" --specs=nano.specs -mfpu=fpv5-d16 -mfloat-abi=hard -mthumb -o "Drivers/STM32H7xx_HAL_Driver/stm32h7xx_hal_i2c.o"
arm-none-eabi-gcc "C:/Users/evanr/MiniMachineSTM32Work/PhononsPhotons-TinkerSpace/CompleSpaceFix/IntegrationEmulator/Drivers/STM32H7xx_HAL_Driver/Src/stm32h7xx_hal_i2c_ex.c" -mcpu=cortex-m7 -std=gnu11 -g3 -DDEBUG -DCORE_CM7 -DUSE_HAL_DRIVER -DSTM32H745xx -c -I../Core/Inc -I../../Drivers/STM32H7xx_HAL_Driver/Inc -I../../Drivers/STM32H7xx_HAL_Driver/Inc/Legacy -I../../Drivers/CMSIS/Device/ST/STM32H7xx/Include -I../../Drivers/CMSIS/Include -O0 -ffunction-sections -fdata-sections -Wall -fstack-usage -fcyclomatic-complexity -MMD -MP -MF"Drivers/STM32H7xx_HAL_Driver/stm32h7xx_hal_i2c_ex.d" -MT"Drivers/STM32H7xx_HAL_Driver/stm32h7xx_hal_i2c_ex.o" --specs=nano.specs -mfpu=fpv5-d16 -mfloat-abi=hard -mthumb -o "Drivers/STM32H7xx_HAL_Driver/stm32h7xx_hal_i2c_ex.o"
arm-none-eabi-gcc "C:/Users/evanr/MiniMachineSTM32Work/PhononsPhotons-TinkerSpace/CompleSpaceFix/IntegrationEmulator/Drivers/STM32H7xx_HAL_Driver/Src/stm32h7xx_hal_ltdc.c" -mcpu=cortex-m7 -std=gnu11 -g3 -DDEBUG -DCORE_CM7 -DUSE_HAL_DRIVER -DSTM32H745xx -c -I../Core/Inc -I../../Drivers/STM32H7xx_HAL_Driver/Inc -I../../Drivers/STM32H7xx_HAL_Driver/Inc/Legacy -I../../Drivers/CMSIS/Device/ST/STM32H7xx/Include -I../../Drivers/CMSIS/Include -O0 -ffunction-sections -fdata-sections -Wall -fstack-usage -fcyclomatic-complexity -MMD -MP -MF"Drivers/STM32H7xx_HAL_Driver/stm32h7xx_hal_ltdc.d" -MT"Drivers/STM32H7xx_HAL_Driver/stm32h7xx_hal_ltdc.o" --specs=nano.specs -mfpu=fpv5-d16 -mfloat-abi=hard -mthumb -o "Drivers/STM32H7xx_HAL_Driver/stm32h7xx_hal_ltdc.o"
arm-none-eabi-gcc "C:/Users/evanr/MiniMachineSTM32Work/PhononsPhotons-TinkerSpace/CompleSpaceFix/IntegrationEmulator/Drivers/STM32H7xx_HAL_Driver/Src/stm32h7xx_hal_ltdc_ex.c" -mcpu=cortex-m7 -std=gnu11 -g3 -DDEBUG -DCORE_CM7 -DUSE_HAL_DRIVER -DSTM32H745xx -c -I../Core/Inc -I../../Drivers/STM32H7xx_HAL_Driver/Inc -I../../Drivers/STM32H7xx_HAL_Driver/Inc/Legacy -I../../Drivers/CMSIS/Device/ST/STM32H7xx/Include -I../../Drivers/CMSIS/Include -O0 -ffunction-sections -fdata-sections -Wall -fstack-usage -fcyclomatic-complexity -MMD -MP -MF"Drivers/STM32H7xx_HAL_Driver/stm32h7xx_hal_ltdc_ex.d" -MT"Drivers/STM32H7xx_HAL_Driver/stm32h7xx_hal_ltdc_ex.o" --specs=nano.specs -mfpu=fpv5-d16 -mfloat-abi=hard -mthumb -o "Drivers/STM32H7xx_HAL_Driver/stm32h7xx_hal_ltdc_ex.o"
arm-none-eabi-gcc "C:/Users/evanr/MiniMachineSTM32Work/PhononsPhotons-TinkerSpace/CompleSpaceFix/IntegrationEmulator/Drivers/STM32H7xx_HAL_Driver/Src/stm32h7xx_hal_mdma.c" -mcpu=cortex-m7 -std=gnu11 -g3 -DDEBUG -DCORE_CM7 -DUSE_HAL_DRIVER -DSTM32H745xx -c -I../Core/Inc -I../../Drivers/STM32H7xx_HAL_Driver/Inc -I../../Drivers/STM32H7xx_HAL_Driver/Inc/Legacy -I../../Drivers/CMSIS/Device/ST/STM32H7xx/Include -I../../Drivers/CMSIS/Include -O0 -ffunction-sections -fdata-sections -Wall -fstack-usage -fcyclomatic-complexity -MMD -MP -MF"Drivers/STM32H7xx_HAL_Driver/stm32h7xx_hal_mdma.d" -MT"Drivers/STM32H7xx_HAL_Driver/stm32h7xx_hal_mdma.o" --specs=nano.specs -mfpu=fpv5-d16 -mfloat-abi=hard -mthumb -o "Drivers/STM32H7xx_HAL_Driver/stm32h7xx_hal_mdma.o"
arm-none-eabi-gcc "C:/Users/evanr/MiniMachineSTM32Work/PhononsPhotons-TinkerSpace/CompleSpaceFix/IntegrationEmulator/Drivers/STM32H7xx_HAL_Driver/Src/stm32h7xx_hal_pwr.c" -mcpu=cortex-m7 -std=gnu11 -g3 -DDEBUG -DCORE_CM7 -DUSE_HAL_DRIVER -DSTM32H745xx -c -I../Core/Inc -I../../Drivers/STM32H7xx_HAL_Driver/Inc -I../../Drivers/STM32H7xx_HAL_Driver/Inc/Legacy -I../../Drivers/CMSIS/Device/ST/STM32H7xx/Include -I../../Drivers/CMSIS/Include -O0 -ffunction-sections -fdata-sections -Wall -fstack-usage -fcyclomatic-complexity -MMD -MP -MF"Drivers/STM32H7xx_HAL_Driver/stm32h7xx_hal_pwr.d" -MT"Drivers/STM32H7xx_HAL_Driver/stm32h7xx_hal_pwr.o" --specs=nano.specs -mfpu=fpv5-d16 -mfloat-abi=hard -mthumb -o "Drivers/STM32H7xx_HAL_Driver/stm32h7xx_hal_pwr.o"
arm-none-eabi-gcc "C:/Users/evanr/MiniMachineSTM32Work/PhononsPhotons-TinkerSpace/CompleSpaceFix/IntegrationEmulator/Drivers/STM32H7xx_HAL_Driver/Src/stm32h7xx_hal_pwr_ex.c" -mcpu=cortex-m7 -std=gnu11 -g3 -DDEBUG -DCORE_CM7 -DUSE_HAL_DRIVER -DSTM32H745xx -c -I../Core/Inc -I../../Drivers/STM32H7xx_HAL_Driver/Inc -I../../Drivers/STM32H7xx_HAL_Driver/Inc/Legacy -I../../Drivers/CMSIS/Device/ST/STM32H7xx/Include -I../../Drivers/CMSIS/Include -O0 -ffunction-sections -fdata-sections -Wall -fstack-usage -fcyclomatic-complexity -MMD -MP -MF"Drivers/STM32H7xx_HAL_Driver/stm32h7xx_hal_pwr_ex.d" -MT"Drivers/STM32H7xx_HAL_Driver/stm32h7xx_hal_pwr_ex.o" --specs=nano.specs -mfpu=fpv5-d16 -mfloat-abi=hard -mthumb -o "Drivers/STM32H7xx_HAL_Driver/stm32h7xx_hal_pwr_ex.o"
arm-none-eabi-gcc "C:/Users/evanr/MiniMachineSTM32Work/PhononsPhotons-TinkerSpace/CompleSpaceFix/IntegrationEmulator/Drivers/STM32H7xx_HAL_Driver/Src/stm32h7xx_hal_qspi.c" -mcpu=cortex-m7 -std=gnu11 -g3 -DDEBUG -DCORE_CM7 -DUSE_HAL_DRIVER -DSTM32H745xx -c -I../Core/Inc -I../../Drivers/STM32H7xx_HAL_Driver/Inc -I../../Drivers/STM32H7xx_HAL_Driver/Inc/Legacy -I../../Drivers/CMSIS/Device/ST/STM32H7xx/Include -I../../Drivers/CMSIS/Include -O0 -ffunction-sections -fdata-sections -Wall -fstack-usage -fcyclomatic-complexity -MMD -MP -MF"Drivers/STM32H7xx_HAL_Driver/stm32h7xx_hal_qspi.d" -MT"Drivers/STM32H7xx_HAL_Driver/stm32h7xx_hal_qspi.o" --specs=nano.specs -mfpu=fpv5-d16 -mfloat-abi=hard -mthumb -o "Drivers/STM32H7xx_HAL_Driver/stm32h7xx_hal_qspi.o"
arm-none-eabi-gcc "C:/Users/evanr/MiniMachineSTM32Work/PhononsPhotons-TinkerSpace/CompleSpaceFix/IntegrationEmulator/Drivers/STM32H7xx_HAL_Driver/Src/stm32h7xx_hal_rcc.c" -mcpu=cortex-m7 -std=gnu11 -g3 -DDEBUG -DCORE_CM7 -DUSE_HAL_DRIVER -DSTM32H745xx -c -I../Core/Inc -I../../Drivers/STM32H7xx_HAL_Driver/Inc -I../../Drivers/STM32H7xx_HAL_Driver/Inc/Legacy -I../../Drivers/CMSIS/Device/ST/STM32H7xx/Include -I../../Drivers/CMSIS/Include -O0 -ffunction-sections -fdata-sections -Wall -fstack-usage -fcyclomatic-complexity -MMD -MP -MF"Drivers/STM32H7xx_HAL_Driver/stm32h7xx_hal_rcc.d" -MT"Drivers/STM32H7xx_HAL_Driver/stm32h7xx_hal_rcc.o" --specs=nano.specs -mfpu=fpv5-d16 -mfloat-abi=hard -mthumb -o "Drivers/STM32H7xx_HAL_Driver/stm32h7xx_hal_rcc.o"
arm-none-eabi-gcc "C:/Users/evanr/MiniMachineSTM32Work/PhononsPhotons-TinkerSpace/CompleSpaceFix/IntegrationEmulator/Drivers/STM32H7xx_HAL_Driver/Src/stm32h7xx_hal_rcc_ex.c" -mcpu=cortex-m7 -std=gnu11 -g3 -DDEBUG -DCORE_CM7 -DUSE_HAL_DRIVER -DSTM32H745xx -c -I../Core/Inc -I../../Drivers/STM32H7xx_HAL_Driver/Inc -I../../Drivers/STM32H7xx_HAL_Driver/Inc/Legacy -I../../Drivers/CMSIS/Device/ST/STM32H7xx/Include -I../../Drivers/CMSIS/Include -O0 -ffunction-sections -fdata-sections -Wall -fstack-usage -fcyclomatic-complexity -MMD -MP -MF"Drivers/STM32H7xx_HAL_Driver/stm32h7xx_hal_rcc_ex.d" -MT"Drivers/STM32H7xx_HAL_Driver/stm32h7xx_hal_rcc_ex.o" --specs=nano.specs -mfpu=fpv5-d16 -mfloat-abi=hard -mthumb -o "Drivers/STM32H7xx_HAL_Driver/stm32h7xx_hal_rcc_ex.o"
arm-none-eabi-gcc "C:/Users/evanr/MiniMachineSTM32Work/PhononsPhotons-TinkerSpace/CompleSpaceFix/IntegrationEmulator/Drivers/STM32H7xx_HAL_Driver/Src/stm32h7xx_hal_sdram.c" -mcpu=cortex-m7 -std=gnu11 -g3 -DDEBUG -DCORE_CM7 -DUSE_HAL_DRIVER -DSTM32H745xx -c -I../Core/Inc -I../../Drivers/STM32H7xx_HAL_Driver/Inc -I../../Drivers/STM32H7xx_HAL_Driver/Inc/Legacy -I../../Drivers/CMSIS/Device/ST/STM32H7xx/Include -I../../Drivers/CMSIS/Include -O0 -ffunction-sections -fdata-sections -Wall -fstack-usage -fcyclomatic-complexity -MMD -MP -MF"Drivers/STM32H7xx_HAL_Driver/stm32h7xx_hal_sdram.d" -MT"Drivers/STM32H7xx_HAL_Driver/stm32h7xx_hal_sdram.o" --specs=nano.specs -mfpu=fpv5-d16 -mfloat-abi=hard -mthumb -o "Drivers/STM32H7xx_HAL_Driver/stm32h7xx_hal_sdram.o"
arm-none-eabi-gcc "C:/Users/evanr/MiniMachineSTM32Work/PhononsPhotons-TinkerSpace/CompleSpaceFix/IntegrationEmulator/Drivers/STM32H7xx_HAL_Driver/Src/stm32h7xx_hal_tim.c" -mcpu=cortex-m7 -std=gnu11 -g3 -DDEBUG -DCORE_CM7 -DUSE_HAL_DRIVER -DSTM32H745xx -c -I../Core/Inc -I../../Drivers/STM32H7xx_HAL_Driver/Inc -I../../Drivers/STM32H7xx_HAL_Driver/Inc/Legacy -I../../Drivers/CMSIS/Device/ST/STM32H7xx/Include -I../../Drivers/CMSIS/Include -O0 -ffunction-sections -fdata-sections -Wall -fstack-usage -fcyclomatic-complexity -MMD -MP -MF"Drivers/STM32H7xx_HAL_Driver/stm32h7xx_hal_tim.d" -MT"Drivers/STM32H7xx_HAL_Driver/stm32h7xx_hal_tim.o" --specs=nano.specs -mfpu=fpv5-d16 -mfloat-abi=hard -mthumb -o "Drivers/STM32H7xx_HAL_Driver/stm32h7xx_hal_tim.o"
arm-none-eabi-gcc "C:/Users/evanr/MiniMachineSTM32Work/PhononsPhotons-TinkerSpace/CompleSpaceFix/IntegrationEmulator/Drivers/STM32H7xx_HAL_Driver/Src/stm32h7xx_hal_tim_ex.c" -mcpu=cortex-m7 -std=gnu11 -g3 -DDEBUG -DCORE_CM7 -DUSE_HAL_DRIVER -DSTM32H745xx -c -I../Core/Inc -I../../Drivers/STM32H7xx_HAL_Driver/Inc -I../../Drivers/STM32H7xx_HAL_Driver/Inc/Legacy -I../../Drivers/CMSIS/Device/ST/STM32H7xx/Include -I../../Drivers/CMSIS/Include -O0 -ffunction-sections -fdata-sections -Wall -fstack-usage -fcyclomatic-complexity -MMD -MP -MF"Drivers/STM32H7xx_HAL_Driver/stm32h7xx_hal_tim_ex.d" -MT"Drivers/STM32H7xx_HAL_Driver/stm32h7xx_hal_tim_ex.o" --specs=nano.specs -mfpu=fpv5-d16 -mfloat-abi=hard -mthumb -o "Drivers/STM32H7xx_HAL_Driver/stm32h7xx_hal_tim_ex.o"
arm-none-eabi-gcc "C:/Users/evanr/MiniMachineSTM32Work/PhononsPhotons-TinkerSpace/CompleSpaceFix/IntegrationEmulator/Drivers/STM32H7xx_HAL_Driver/Src/stm32h7xx_ll_fmc.c" -mcpu=cortex-m7 -std=gnu11 -g3 -DDEBUG -DCORE_CM7 -DUSE_HAL_DRIVER -DSTM32H745xx -c -I../Core/Inc -I../../Drivers/STM32H7xx_HAL_Driver/Inc -I../../Drivers/STM32H7xx_HAL_Driver/Inc/Legacy -I../../Drivers/CMSIS/Device/ST/STM32H7xx/Include -I../../Drivers/CMSIS/Include -O0 -ffunction-sections -fdata-sections -Wall -fstack-usage -fcyclomatic-complexity -MMD -MP -MF"Drivers/STM32H7xx_HAL_Driver/stm32h7xx_ll_fmc.d" -MT"Drivers/STM32H7xx_HAL_Driver/stm32h7xx_ll_fmc.o" --specs=nano.specs -mfpu=fpv5-d16 -mfloat-abi=hard -mthumb -o "Drivers/STM32H7xx_HAL_Driver/stm32h7xx_ll_fmc.o"
arm-none-eabi-gcc -mcpu=cortex-m7 -g3 -DDEBUG -c -x assembler-with-cpp -MMD -MP -MF"Core/Startup/startup_stm32h745xihx.d" -MT"Core/Startup/startup_stm32h745xihx.o" --specs=nano.specs -mfpu=fpv5-d16 -mfloat-abi=hard -mthumb -o "Core/Startup/startup_stm32h745xihx.o" "../Core/Startup/startup_stm32h745xihx.s"
arm-none-eabi-gcc "../Core/Src/crc.c" -mcpu=cortex-m7 -std=gnu11 -g3 -DDEBUG -DCORE_CM7 -DUSE_HAL_DRIVER -DSTM32H745xx -c -I../Core/Inc -I../../Drivers/STM32H7xx_HAL_Driver/Inc -I../../Drivers/STM32H7xx_HAL_Driver/Inc/Legacy -I../../Drivers/CMSIS/Device/ST/STM32H7xx/Include -I../../Drivers/CMSIS/Include -O0 -ffunction-sections -fdata-sections -Wall -fstack-usage -fcyclomatic-complexity -MMD -MP -MF"Core/Src/crc.d" -MT"Core/Src/crc.o" --specs=nano.specs -mfpu=fpv5-d16 -mfloat-abi=hard -mthumb -o "Core/Src/crc.o"
arm-none-eabi-gcc "../Core/Src/fmc.c" -mcpu=cortex-m7 -std=gnu11 -g3 -DDEBUG -DCORE_CM7 -DUSE_HAL_DRIVER -DSTM32H745xx -c -I../Core/Inc -I../../Drivers/STM32H7xx_HAL_Driver/Inc -I../../Drivers/STM32H7xx_HAL_Driver/Inc/Legacy -I../../Drivers/CMSIS/Device/ST/STM32H7xx/Include -I../../Drivers/CMSIS/Include -O0 -ffunction-sections -fdata-sections -Wall -fstack-usage -fcyclomatic-complexity -MMD -MP -MF"Core/Src/fmc.d" -MT"Core/Src/fmc.o" --specs=nano.specs -mfpu=fpv5-d16 -mfloat-abi=hard -mthumb -o "Core/Src/fmc.o"
arm-none-eabi-gcc "../Core/Src/ltdc.c" -mcpu=cortex-m7 -std=gnu11 -g3 -DDEBUG -DCORE_CM7 -DUSE_HAL_DRIVER -DSTM32H745xx -c -I../Core/Inc -I../../Drivers/STM32H7xx_HAL_Driver/Inc -I../../Drivers/STM32H7xx_HAL_Driver/Inc/Legacy -I../../Drivers/CMSIS/Device/ST/STM32H7xx/Include -I../../Drivers/CMSIS/Include -O0 -ffunction-sections -fdata-sections -Wall -fstack-usage -fcyclomatic-complexity -MMD -MP -MF"Core/Src/ltdc.d" -MT"Core/Src/ltdc.o" --specs=nano.specs -mfpu=fpv5-d16 -mfloat-abi=hard -mthumb -o "Core/Src/ltdc.o"
arm-none-eabi-gcc "../Core/Src/main.c" -mcpu=cortex-m7 -std=gnu11 -g3 -DDEBUG -DCORE_CM7 -DUSE_HAL_DRIVER -DSTM32H745xx -c -I../Core/Inc -I../../Drivers/STM32H7xx_HAL_Driver/Inc -I../../Drivers/STM32H7xx_HAL_Driver/Inc/Legacy -I../../Drivers/CMSIS/Device/ST/STM32H7xx/Include -I../../Drivers/CMSIS/Include -O0 -ffunction-sections -fdata-sections -Wall -fstack-usage -fcyclomatic-complexity -MMD -MP -MF"Core/Src/main.d" -MT"Core/Src/main.o" --specs=nano.specs -mfpu=fpv5-d16 -mfloat-abi=hard -mthumb -o "Core/Src/main.o"
arm-none-eabi-gcc "../Core/Src/quadspi.c" -mcpu=cortex-m7 -std=gnu11 -g3 -DDEBUG -DCORE_CM7 -DUSE_HAL_DRIVER -DSTM32H745xx -c -I../Core/Inc -I../../Drivers/STM32H7xx_HAL_Driver/Inc -I../../Drivers/STM32H7xx_HAL_Driver/Inc/Legacy -I../../Drivers/CMSIS/Device/ST/STM32H7xx/Include -I../../Drivers/CMSIS/Include -O0 -ffunction-sections -fdata-sections -Wall -fstack-usage -fcyclomatic-complexity -MMD -MP -MF"Core/Src/quadspi.d" -MT"Core/Src/quadspi.o" --specs=nano.specs -mfpu=fpv5-d16 -mfloat-abi=hard -mthumb -o "Core/Src/quadspi.o"
arm-none-eabi-gcc "../Core/Src/stm32h7xx_hal_msp.c" -mcpu=cortex-m7 -std=gnu11 -g3 -DDEBUG -DCORE_CM7 -DUSE_HAL_DRIVER -DSTM32H745xx -c -I../Core/Inc -I../../Drivers/STM32H7xx_HAL_Driver/Inc -I../../Drivers/STM32H7xx_HAL_Driver/Inc/Legacy -I../../Drivers/CMSIS/Device/ST/STM32H7xx/Include -I../../Drivers/CMSIS/Include -O0 -ffunction-sections -fdata-sections -Wall -fstack-usage -fcyclomatic-complexity -MMD -MP -MF"Core/Src/stm32h7xx_hal_msp.d" -MT"Core/Src/stm32h7xx_hal_msp.o" --specs=nano.specs -mfpu=fpv5-d16 -mfloat-abi=hard -mthumb -o "Core/Src/stm32h7xx_hal_msp.o"
arm-none-eabi-gcc "../Core/Src/stm32h7xx_hal_timebase_tim.c" -mcpu=cortex-m7 -std=gnu11 -g3 -DDEBUG -DCORE_CM7 -DUSE_HAL_DRIVER -DSTM32H745xx -c -I../Core/Inc -I../../Drivers/STM32H7xx_HAL_Driver/Inc -I../../Drivers/STM32H7xx_HAL_Driver/Inc/Legacy -I../../Drivers/CMSIS/Device/ST/STM32H7xx/Include -I../../Drivers/CMSIS/Include -O0 -ffunction-sections -fdata-sections -Wall -fstack-usage -fcyclomatic-complexity -MMD -MP -MF"Core/Src/stm32h7xx_hal_timebase_tim.d" -MT"Core/Src/stm32h7xx_hal_timebase_tim.o" --specs=nano.specs -mfpu=fpv5-d16 -mfloat-abi=hard -mthumb -o "Core/Src/stm32h7xx_hal_timebase_tim.o"
arm-none-eabi-gcc "../Core/Src/stm32h7xx_it.c" -mcpu=cortex-m7 -std=gnu11 -g3 -DDEBUG -DCORE_CM7 -DUSE_HAL_DRIVER -DSTM32H745xx -c -I../Core/Inc -I../../Drivers/STM32H7xx_HAL_Driver/Inc -I../../Drivers/STM32H7xx_HAL_Driver/Inc/Legacy -I../../Drivers/CMSIS/Device/ST/STM32H7xx/Include -I../../Drivers/CMSIS/Include -O0 -ffunction-sections -fdata-sections -Wall -fstack-usage -fcyclomatic-complexity -MMD -MP -MF"Core/Src/stm32h7xx_it.d" -MT"Core/Src/stm32h7xx_it.o" --specs=nano.specs -mfpu=fpv5-d16 -mfloat-abi=hard -mthumb -o "Core/Src/stm32h7xx_it.o"
arm-none-eabi-gcc "../Core/Src/syscalls.c" -mcpu=cortex-m7 -std=gnu11 -g3 -DDEBUG -DCORE_CM7 -DUSE_HAL_DRIVER -DSTM32H745xx -c -I../Core/Inc -I../../Drivers/STM32H7xx_HAL_Driver/Inc -I../../Drivers/STM32H7xx_HAL_Driver/Inc/Legacy -I../../Drivers/CMSIS/Device/ST/STM32H7xx/Include -I../../Drivers/CMSIS/Include -O0 -ffunction-sections -fdata-sections -Wall -fstack-usage -fcyclomatic-complexity -MMD -MP -MF"Core/Src/syscalls.d" -MT"Core/Src/syscalls.o" --specs=nano.specs -mfpu=fpv5-d16 -mfloat-abi=hard -mthumb -o "Core/Src/syscalls.o"
arm-none-eabi-gcc "../Core/Src/sysmem.c" -mcpu=cortex-m7 -std=gnu11 -g3 -DDEBUG -DCORE_CM7 -DUSE_HAL_DRIVER -DSTM32H745xx -c -I../Core/Inc -I../../Drivers/STM32H7xx_HAL_Driver/Inc -I../../Drivers/STM32H7xx_HAL_Driver/Inc/Legacy -I../../Drivers/CMSIS/Device/ST/STM32H7xx/Include -I../../Drivers/CMSIS/Include -O0 -ffunction-sections -fdata-sections -Wall -fstack-usage -fcyclomatic-complexity -MMD -MP -MF"Core/Src/sysmem.d" -MT"Core/Src/sysmem.o" --specs=nano.specs -mfpu=fpv5-d16 -mfloat-abi=hard -mthumb -o "Core/Src/sysmem.o"
arm-none-eabi-gcc "../Core/Src/tim.c" -mcpu=cortex-m7 -std=gnu11 -g3 -DDEBUG -DCORE_CM7 -DUSE_HAL_DRIVER -DSTM32H745xx -c -I../Core/Inc -I../../Drivers/STM32H7xx_HAL_Driver/Inc -I../../Drivers/STM32H7xx_HAL_Driver/Inc/Legacy -I../../Drivers/CMSIS/Device/ST/STM32H7xx/Include -I../../Drivers/CMSIS/Include -O0 -ffunction-sections -fdata-sections -Wall -fstack-usage -fcyclomatic-complexity -MMD -MP -MF"Core/Src/tim.d" -MT"Core/Src/tim.o" --specs=nano.specs -mfpu=fpv5-d16 -mfloat-abi=hard -mthumb -o "Core/Src/tim.o"
arm-none-eabi-gcc "C:/Users/evanr/MiniMachineSTM32Work/PhononsPhotons-TinkerSpace/CompleSpaceFix/IntegrationEmulator/Common/Src/system_stm32h7xx_dualcore_boot_cm4_cm7.c" -mcpu=cortex-m7 -std=gnu11 -g3 -DDEBUG -DCORE_CM7 -DUSE_HAL_DRIVER -DSTM32H745xx -c -I../Core/Inc -I../../Drivers/STM32H7xx_HAL_Driver/Inc -I../../Drivers/STM32H7xx_HAL_Driver/Inc/Legacy -I../../Drivers/CMSIS/Device/ST/STM32H7xx/Include -I../../Drivers/CMSIS/Include -O0 -ffunction-sections -fdata-sections -Wall -fstack-usage -fcyclomatic-complexity -MMD -MP -MF"Common/Src/system_stm32h7xx_dualcore_boot_cm4_cm7.d" -MT"Common/Src/system_stm32h7xx_dualcore_boot_cm4_cm7.o" --specs=nano.specs -mfpu=fpv5-d16 -mfloat-abi=hard -mthumb -o "Common/Src/system_stm32h7xx_dualcore_boot_cm4_cm7.o"
arm-none-eabi-g++ -o "IntegrationEmulator_CM7.elf" @"objects.list"   -mcpu=cortex-m7 -T"C:\Users\evanr\MiniMachineSTM32Work\PhononsPhotons-TinkerSpace\CompleSpaceFix\IntegrationEmulator\CM7\STM32H745XIHX_FLASH.ld" --specs=nosys.specs -Wl,-Map="IntegrationEmulator_CM7.map" -Wl,--gc-sections -static --specs=nano.specs -mfpu=fpv5-d16 -mfloat-abi=hard -mthumb -Wl,--start-group -lc -lm -lstdc++ -lsupc++ -Wl,--end-group
Finished building target: IntegrationEmulator_CM7.elf
 
arm-none-eabi-size  IntegrationEmulator_CM7.elf 
arm-none-eabi-objdump -h -S IntegrationEmulator_CM7.elf  > "IntegrationEmulator_CM7.list"
   text	   data	    bss	    dec	    hex	filename
  23408	     16	   8712	  32136	   7d88	IntegrationEmulator_CM7.elf
Finished building: default.size.stdout
 
Finished building: IntegrationEmulator_CM7.list
 
12:31:58 **** Incremental Build of configuration Debug for project IntegrationEmulator_CM4 ****
make -j8 all 
arm-none-eabi-size  IntegrationEmulator_CM4.elf 
   text	   data	    bss	    dec	    hex	filename
  43672	     16	   2504	  46192	   b470	IntegrationEmulator_CM4.elf
Finished building: default.size.stdout
 
12:32:56 **** Incremental Build of configuration Debug for project IntegrationEmulator_CM4 ****
make -j8 all 
arm-none-eabi-size  IntegrationEmulator_CM4.elf 
   text	   data	    bss	    dec	    hex	filename
  43672	     16	   2504	  46192	   b470	IntegrationEmulator_CM4.elf
Finished building: default.size.stdout
 
12:33:17 **** Incremental Build of configuration Debug for project IntegrationEmulator_CM4 ****
make -j8 all 
arm-none-eabi-size  IntegrationEmulator_CM4.elf 
   text	   data	    bss	    dec	    hex	filename
  43672	     16	   2504	  46192	   b470	IntegrationEmulator_CM4.elf
Finished building: default.size.stdout
 
12:33:18 **** Incremental Build of configuration Debug for project IntegrationEmulator_CM7 ****
make -j8 all 
arm-none-eabi-size  IntegrationEmulator_CM7.elf 
   text	   data	    bss	    dec	    hex	filename
  23408	     16	   8712	  32136	   7d88	IntegrationEmulator_CM7.elf
Finished building: default.size.stdout
 
12:33:20 **** Incremental Build of configuration Debug for project IntegrationEmulator_CM4 ****
make -j8 all 
arm-none-eabi-size  IntegrationEmulator_CM4.elf 
   text	   data	    bss	    dec	    hex	filename
  43672	     16	   2504	  46192	   b470	IntegrationEmulator_CM4.elf
Finished building: default.size.stdout
 
12:33:47 **** Incremental Build of configuration Debug for project IntegrationEmulator_CM4 ****
make -j8 all 
arm-none-eabi-size  IntegrationEmulator_CM4.elf 
   text	   data	    bss	    dec	    hex	filename
  43672	     16	   2504	  46192	   b470	IntegrationEmulator_CM4.elf
Finished building: default.size.stdout
 
12:33:57 **** Incremental Build of configuration Debug for project IntegrationEmulator_CM4 ****
make -j8 all 
arm-none-eabi-size  IntegrationEmulator_CM4.elf 
   text	   data	    bss	    dec	    hex	filename
  43672	     16	   2504	  46192	   b470	IntegrationEmulator_CM4.elf
Finished building: default.size.stdout
 
12:33:57 **** Incremental Build of configuration Debug for project IntegrationEmulator_CM7 ****
make -j8 all 
arm-none-eabi-size  IntegrationEmulator_CM7.elf 
   text	   data	    bss	    dec	    hex	filename
  23408	     16	   8712	  32136	   7d88	IntegrationEmulator_CM7.elf
Finished building: default.size.stdout
 
12:33:59 **** Incremental Build of configuration Debug for project IntegrationEmulator_CM4 ****
make -j8 all 
arm-none-eabi-size  IntegrationEmulator_CM4.elf 
   text	   data	    bss	    dec	    hex	filename
  43672	     16	   2504	  46192	   b470	IntegrationEmulator_CM4.elf
Finished building: default.size.stdout
 
12:34:57 **** Incremental Build of configuration Debug for project IntegrationEmulator_CM4 ****
make -j8 all 
arm-none-eabi-size  IntegrationEmulator_CM4.elf 
   text	   data	    bss	    dec	    hex	filename
  43672	     16	   2504	  46192	   b470	IntegrationEmulator_CM4.elf
Finished building: default.size.stdout
 
12:35:06 **** Incremental Build of configuration Debug for project IntegrationEmulator_CM4 ****
make -j8 all 
arm-none-eabi-size  IntegrationEmulator_CM4.elf 
   text	   data	    bss	    dec	    hex	filename
  43672	     16	   2504	  46192	   b470	IntegrationEmulator_CM4.elf
Finished building: default.size.stdout
 
12:35:07 **** Incremental Build of configuration Debug for project IntegrationEmulator_CM7 ****
make -j8 all 
arm-none-eabi-size  IntegrationEmulator_CM7.elf 
   text	   data	    bss	    dec	    hex	filename
  23408	     16	   8712	  32136	   7d88	IntegrationEmulator_CM7.elf
Finished building: default.size.stdout
 
12:35:08 **** Incremental Build of configuration Debug for project IntegrationEmulator_CM4 ****
make -j8 all 
arm-none-eabi-size  IntegrationEmulator_CM4.elf 
   text	   data	    bss	    dec	    hex	filename
  43672	     16	   2504	  46192	   b470	IntegrationEmulator_CM4.elf
Finished building: default.size.stdout
 
12:35:45 **** Incremental Build of configuration Debug for project IntegrationEmulator_CM4 ****
make -j8 all 
arm-none-eabi-size  IntegrationEmulator_CM4.elf 
   text	   data	    bss	    dec	    hex	filename
  43672	     16	   2504	  46192	   b470	IntegrationEmulator_CM4.elf
Finished building: default.size.stdout
 
12:35:46 **** Incremental Build of configuration Debug for project IntegrationEmulator_CM4 ****
make -j8 all 
arm-none-eabi-size  IntegrationEmulator_CM4.elf 
   text	   data	    bss	    dec	    hex	filename
  43672	     16	   2504	  46192	   b470	IntegrationEmulator_CM4.elf
Finished building: default.size.stdout
 
12:35:47 **** Incremental Build of configuration Debug for project IntegrationEmulator_CM7 ****
make -j8 all 
arm-none-eabi-size  IntegrationEmulator_CM7.elf 
   text	   data	    bss	    dec	    hex	filename
  23408	     16	   8712	  32136	   7d88	IntegrationEmulator_CM7.elf
Finished building: default.size.stdout
 
12:35:56 **** Incremental Build of configuration Debug for project IntegrationEmulator_CM4 ****
make -j8 all 
arm-none-eabi-size  IntegrationEmulator_CM4.elf 
   text	   data	    bss	    dec	    hex	filename
  43672	     16	   2504	  46192	   b470	IntegrationEmulator_CM4.elf
Finished building: default.size.stdout
 
12:35:57 **** Incremental Build of configuration Debug for project IntegrationEmulator_CM7 ****
make -j8 all 
arm-none-eabi-size  IntegrationEmulator_CM7.elf 
   text	   data	    bss	    dec	    hex	filename
  23408	     16	   8712	  32136	   7d88	IntegrationEmulator_CM7.elf
Finished building: default.size.stdout
 
12:35:57 **** Incremental Build of configuration Debug for project IntegrationEmulator_CM4 ****
make -j8 all 
arm-none-eabi-size  IntegrationEmulator_CM4.elf 
   text	   data	    bss	    dec	    hex	filename
  43672	     16	   2504	  46192	   b470	IntegrationEmulator_CM4.elf
Finished building: default.size.stdout
 
12:35:58 **** Incremental Build of configuration Debug for project IntegrationEmulator_CM7 ****
make -j8 all 
arm-none-eabi-size  IntegrationEmulator_CM7.elf 
   text	   data	    bss	    dec	    hex	filename
  23408	     16	   8712	  32136	   7d88	IntegrationEmulator_CM7.elf
Finished building: default.size.stdout
 
12:36:09 **** Incremental Build of configuration Debug for project IntegrationEmulator_CM4 ****
make -j8 all 
arm-none-eabi-size  IntegrationEmulator_CM4.elf 
   text	   data	    bss	    dec	    hex	filename
  43672	     16	   2504	  46192	   b470	IntegrationEmulator_CM4.elf
Finished building: default.size.stdout
 
